../Core/Src/main.c:113:5:main	8	static
../Core/Src/main.c:179:6:SystemClock_Config	88	static
../Core/Src/main.c:236:6:PeriphCommonClock_Config	144	static
../Core/Src/main.c:261:13:MX_ADC3_Init	24	static
../Core/Src/main.c:313:13:MX_CRC_Init	8	static
../Core/Src/main.c:344:13:MX_DCMI_Init	8	static
../Core/Src/main.c:381:13:MX_DMA2D_Init	8	static
../Core/Src/main.c:418:13:MX_I2C3_Init	8	static
../Core/Src/main.c:466:13:MX_LTDC_Init	64	static
../Core/Src/main.c:528:13:MX_RTC_Init	80	static
../Core/Src/main.c:624:13:MX_SAI2_Init	8	static
../Core/Src/main.c:699:13:MX_SPDIFRX_Init	8	static
../Core/Src/main.c:735:13:MX_SPI2_Init	8	static
../Core/Src/main.c:775:13:MX_TIM1_Init	112	static
../Core/Src/main.c:855:13:MX_TIM2_Init	64	static
../Core/Src/main.c:914:13:MX_TIM3_Init	64	static
../Core/Src/main.c:973:13:MX_TIM5_Init	64	static
../Core/Src/main.c:1032:13:MX_TIM8_Init	40	static
../Core/Src/main.c:1079:13:MX_TIM12_Init	40	static
../Core/Src/main.c:1121:13:MX_USART1_UART_Init	8	static
../Core/Src/main.c:1152:13:MX_FMC_Init	40	static
../Core/Src/main.c:1203:13:MX_GPIO_Init	72	static
../Core/Src/main.c:1467:6:HAL_TIM_PeriodElapsedCallback	16	static
../Core/Src/main.c:1484:6:Error_Handler	4	static,ignoring_inline_asm
