../Core/Src/main.c:112:5:main	8	static
../Core/Src/main.c:178:6:SystemClock_Config	88	static
../Core/Src/main.c:235:6:PeriphCommonClock_Config	144	static
../Core/Src/main.c:260:13:MX_ADC3_Init	24	static
../Core/Src/main.c:312:13:MX_CRC_Init	8	static
../Core/Src/main.c:343:13:MX_DCMI_Init	8	static
../Core/Src/main.c:380:13:MX_DMA2D_Init	8	static
../Core/Src/main.c:417:13:MX_I2C3_Init	8	static
../Core/Src/main.c:465:13:MX_LTDC_Init	64	static
../Core/Src/main.c:527:13:MX_RTC_Init	80	static
../Core/Src/main.c:623:13:MX_SAI2_Init	8	static
../Core/Src/main.c:698:13:MX_SPDIFRX_Init	8	static
../Core/Src/main.c:734:13:MX_SPI2_Init	8	static
../Core/Src/main.c:774:13:MX_TIM1_Init	40	static
../Core/Src/main.c:821:13:MX_TIM2_Init	40	static
../Core/Src/main.c:866:13:MX_TIM3_Init	40	static
../Core/Src/main.c:911:13:MX_TIM5_Init	64	static
../Core/Src/main.c:970:13:MX_TIM8_Init	40	static
../Core/Src/main.c:1017:13:MX_USART1_UART_Init	8	static
../Core/Src/main.c:1048:13:MX_FMC_Init	40	static
../Core/Src/main.c:1099:13:MX_GPIO_Init	72	static
../Core/Src/main.c:1402:6:HAL_TIM_PeriodElapsedCallback	24	static
../Core/Src/main.c:1431:6:Error_Handler	4	static,ignoring_inline_asm
