../Core/Src/stm32f7xx_hal_msp.c:65:6:HAL_MspInit	16	static
../Core/Src/stm32f7xx_hal_msp.c:87:6:HAL_ADC_MspInit	48	static
../Core/Src/stm32f7xx_hal_msp.c:132:6:HAL_ADC_MspDeInit	16	static
../Core/Src/stm32f7xx_hal_msp.c:168:6:HAL_CRC_MspInit	24	static
../Core/Src/stm32f7xx_hal_msp.c:190:6:HAL_CRC_MspDeInit	16	static
../Core/Src/stm32f7xx_hal_msp.c:212:6:HAL_DCMI_MspInit	64	static
../Core/Src/stm32f7xx_hal_msp.c:290:6:HAL_DCMI_MspDeInit	16	static
../Core/Src/stm32f7xx_hal_msp.c:337:6:HAL_DMA2D_MspInit	24	static
../Core/Src/stm32f7xx_hal_msp.c:362:6:HAL_DMA2D_MspDeInit	16	static
../Core/Src/stm32f7xx_hal_msp.c:387:6:HAL_I2C_MspInit	176	static
../Core/Src/stm32f7xx_hal_msp.c:433:6:HAL_I2C_MspDeInit	16	static
../Core/Src/stm32f7xx_hal_msp.c:464:6:HAL_LTDC_MspInit	64	static
../Core/Src/stm32f7xx_hal_msp.c:565:6:HAL_LTDC_MspDeInit	16	static
../Core/Src/stm32f7xx_hal_msp.c:634:6:HAL_RTC_MspInit	152	static
../Core/Src/stm32f7xx_hal_msp.c:667:6:HAL_RTC_MspDeInit	16	static
../Core/Src/stm32f7xx_hal_msp.c:689:6:HAL_SPDIFRX_MspInit	176	static
../Core/Src/stm32f7xx_hal_msp.c:739:6:HAL_SPDIFRX_MspDeInit	16	static
../Core/Src/stm32f7xx_hal_msp.c:767:6:HAL_SPI_MspInit	48	static
../Core/Src/stm32f7xx_hal_msp.c:812:6:HAL_SPI_MspDeInit	16	static
../Core/Src/stm32f7xx_hal_msp.c:844:6:HAL_TIM_Base_MspInit	40	static
../Core/Src/stm32f7xx_hal_msp.c:910:6:HAL_TIM_PWM_MspInit	24	static
../Core/Src/stm32f7xx_hal_msp.c:926:6:HAL_TIM_MspPostInit	56	static
../Core/Src/stm32f7xx_hal_msp.c:1041:6:HAL_TIM_Base_MspDeInit	16	static
../Core/Src/stm32f7xx_hal_msp.c:1107:6:HAL_TIM_PWM_MspDeInit	16	static
../Core/Src/stm32f7xx_hal_msp.c:1129:6:HAL_UART_MspInit	184	static
../Core/Src/stm32f7xx_hal_msp.c:1184:6:HAL_UART_MspDeInit	16	static
../Core/Src/stm32f7xx_hal_msp.c:1211:13:HAL_FMC_MspInit	32	static
../Core/Src/stm32f7xx_hal_msp.c:1317:6:HAL_SDRAM_MspInit	16	static
../Core/Src/stm32f7xx_hal_msp.c:1329:13:HAL_FMC_MspDeInit	8	static
../Core/Src/stm32f7xx_hal_msp.c:1403:6:HAL_SDRAM_MspDeInit	16	static
../Core/Src/stm32f7xx_hal_msp.c:1415:6:HAL_SAI_MspInit	48	static
../Core/Src/stm32f7xx_hal_msp.c:1465:6:HAL_SAI_MspDeInit	16	static
