Archive member included to satisfy reference by file (symbol)

c:/st/stm32cubeide_1.9.0/stm32cubeide/plugins/com.st.stm32cube.ide.mcu.externaltools.gnu-tools-for-stm32.10.3-2021.10.win32_1.0.0.202111181127/tools/bin/../lib/gcc/arm-none-eabi/10.3.1/../../../../arm-none-eabi/lib/thumb/v7e-m+fp/hard\libc_nano.a(lib_a-errno.o)
                              ./Core/Src/syscalls.o (__errno)
c:/st/stm32cubeide_1.9.0/stm32cubeide/plugins/com.st.stm32cube.ide.mcu.externaltools.gnu-tools-for-stm32.10.3-2021.10.win32_1.0.0.202111181127/tools/bin/../lib/gcc/arm-none-eabi/10.3.1/../../../../arm-none-eabi/lib/thumb/v7e-m+fp/hard\libc_nano.a(lib_a-exit.o)
                              c:/st/stm32cubeide_1.9.0/stm32cubeide/plugins/com.st.stm32cube.ide.mcu.externaltools.gnu-tools-for-stm32.10.3-2021.10.win32_1.0.0.202111181127/tools/bin/../lib/gcc/arm-none-eabi/10.3.1/../../../../arm-none-eabi/lib/thumb/v7e-m+fp/hard/crt0.o (exit)
c:/st/stm32cubeide_1.9.0/stm32cubeide/plugins/com.st.stm32cube.ide.mcu.externaltools.gnu-tools-for-stm32.10.3-2021.10.win32_1.0.0.202111181127/tools/bin/../lib/gcc/arm-none-eabi/10.3.1/../../../../arm-none-eabi/lib/thumb/v7e-m+fp/hard\libc_nano.a(lib_a-impure.o)
                              c:/st/stm32cubeide_1.9.0/stm32cubeide/plugins/com.st.stm32cube.ide.mcu.externaltools.gnu-tools-for-stm32.10.3-2021.10.win32_1.0.0.202111181127/tools/bin/../lib/gcc/arm-none-eabi/10.3.1/../../../../arm-none-eabi/lib/thumb/v7e-m+fp/hard\libc_nano.a(lib_a-exit.o) (_global_impure_ptr)
c:/st/stm32cubeide_1.9.0/stm32cubeide/plugins/com.st.stm32cube.ide.mcu.externaltools.gnu-tools-for-stm32.10.3-2021.10.win32_1.0.0.202111181127/tools/bin/../lib/gcc/arm-none-eabi/10.3.1/../../../../arm-none-eabi/lib/thumb/v7e-m+fp/hard\libc_nano.a(lib_a-init.o)
                              c:/st/stm32cubeide_1.9.0/stm32cubeide/plugins/com.st.stm32cube.ide.mcu.externaltools.gnu-tools-for-stm32.10.3-2021.10.win32_1.0.0.202111181127/tools/bin/../lib/gcc/arm-none-eabi/10.3.1/../../../../arm-none-eabi/lib/thumb/v7e-m+fp/hard/crt0.o (__libc_init_array)
c:/st/stm32cubeide_1.9.0/stm32cubeide/plugins/com.st.stm32cube.ide.mcu.externaltools.gnu-tools-for-stm32.10.3-2021.10.win32_1.0.0.202111181127/tools/bin/../lib/gcc/arm-none-eabi/10.3.1/../../../../arm-none-eabi/lib/thumb/v7e-m+fp/hard\libc_nano.a(lib_a-memset.o)
                              c:/st/stm32cubeide_1.9.0/stm32cubeide/plugins/com.st.stm32cube.ide.mcu.externaltools.gnu-tools-for-stm32.10.3-2021.10.win32_1.0.0.202111181127/tools/bin/../lib/gcc/arm-none-eabi/10.3.1/../../../../arm-none-eabi/lib/thumb/v7e-m+fp/hard/crt0.o (memset)
c:/st/stm32cubeide_1.9.0/stm32cubeide/plugins/com.st.stm32cube.ide.mcu.externaltools.gnu-tools-for-stm32.10.3-2021.10.win32_1.0.0.202111181127/tools/bin/../lib/gcc/arm-none-eabi/10.3.1/thumb/v7e-m+fp/hard\libgcc.a(_aeabi_uldivmod.o)
                              ./Drivers/STM32F7xx_HAL_Driver/Src/stm32f7xx_hal_rcc.o (__aeabi_uldivmod)
c:/st/stm32cubeide_1.9.0/stm32cubeide/plugins/com.st.stm32cube.ide.mcu.externaltools.gnu-tools-for-stm32.10.3-2021.10.win32_1.0.0.202111181127/tools/bin/../lib/gcc/arm-none-eabi/10.3.1/thumb/v7e-m+fp/hard\libgcc.a(_udivmoddi4.o)
                              c:/st/stm32cubeide_1.9.0/stm32cubeide/plugins/com.st.stm32cube.ide.mcu.externaltools.gnu-tools-for-stm32.10.3-2021.10.win32_1.0.0.202111181127/tools/bin/../lib/gcc/arm-none-eabi/10.3.1/thumb/v7e-m+fp/hard\libgcc.a(_aeabi_uldivmod.o) (__udivmoddi4)
c:/st/stm32cubeide_1.9.0/stm32cubeide/plugins/com.st.stm32cube.ide.mcu.externaltools.gnu-tools-for-stm32.10.3-2021.10.win32_1.0.0.202111181127/tools/bin/../lib/gcc/arm-none-eabi/10.3.1/thumb/v7e-m+fp/hard\libgcc.a(_dvmd_tls.o)
                              c:/st/stm32cubeide_1.9.0/stm32cubeide/plugins/com.st.stm32cube.ide.mcu.externaltools.gnu-tools-for-stm32.10.3-2021.10.win32_1.0.0.202111181127/tools/bin/../lib/gcc/arm-none-eabi/10.3.1/thumb/v7e-m+fp/hard\libgcc.a(_aeabi_uldivmod.o) (__aeabi_ldiv0)

Discarded input sections

 .text          0x0000000000000000        0x0 c:/st/stm32cubeide_1.9.0/stm32cubeide/plugins/com.st.stm32cube.ide.mcu.externaltools.gnu-tools-for-stm32.10.3-2021.10.win32_1.0.0.202111181127/tools/bin/../lib/gcc/arm-none-eabi/10.3.1/thumb/v7e-m+fp/hard/crti.o
 .data          0x0000000000000000        0x0 c:/st/stm32cubeide_1.9.0/stm32cubeide/plugins/com.st.stm32cube.ide.mcu.externaltools.gnu-tools-for-stm32.10.3-2021.10.win32_1.0.0.202111181127/tools/bin/../lib/gcc/arm-none-eabi/10.3.1/thumb/v7e-m+fp/hard/crti.o
 .bss           0x0000000000000000        0x0 c:/st/stm32cubeide_1.9.0/stm32cubeide/plugins/com.st.stm32cube.ide.mcu.externaltools.gnu-tools-for-stm32.10.3-2021.10.win32_1.0.0.202111181127/tools/bin/../lib/gcc/arm-none-eabi/10.3.1/thumb/v7e-m+fp/hard/crti.o
[...]
Memory Configuration

Name             Origin             Length             Attributes
RAM              0x0000000020000000 0x0000000000050000 xrw
FLASH            0x0000000008000000 0x0000000000100000 xr
*default*        0x0000000000000000 0xffffffffffffffff

Linker script and memory map

LOAD c:/st/stm32cubeide_1.9.0/stm32cubeide/plugins/com.st.stm32cube.ide.mcu.externaltools.gnu-tools-for-stm32.10.3-2021.10.win32_1.0.0.202111181127/tools/bin/../lib/gcc/arm-none-eabi/10.3.1/thumb/v7e-m+fp/hard/crti.o
LOAD c:/st/stm32cubeide_1.9.0/stm32cubeide/plugins/com.st.stm32cube.ide.mcu.externaltools.gnu-tools-for-stm32.10.3-2021.10.win32_1.0.0.202111181127/tools/bin/../lib/gcc/arm-none-eabi/10.3.1/thumb/v7e-m+fp/hard/crtbegin.o
LOAD c:/st/stm32cubeide_1.9.0/stm32cubeide/plugins/com.st.stm32cube.ide.mcu.externaltools.gnu-tools-for-stm32.10.3-2021.10.win32_1.0.0.202111181127/tools/bin/../lib/gcc/arm-none-eabi/10.3.1/../../../../arm-none-eabi/lib/thumb/v7e-m+fp/hard/crt0.o
LOAD ./Core/Src/main.o
LOAD ./Core/Src/stm32f7xx_hal_msp.o
LOAD ./Core/Src/stm32f7xx_hal_timebase_tim.o
LOAD ./Core/Src/stm32f7xx_it.o
LOAD ./Core/Src/syscalls.o
LOAD ./Core/Src/sysmem.o
LOAD ./Core/Src/system_stm32f7xx.o
LOAD ./Core/Startup/startup_stm32f746nghx.o
LOAD ./Drivers/STM32F7xx_HAL_Driver/Src/stm32f7xx_hal.o
LOAD ./Drivers/STM32F7xx_HAL_Driver/Src/stm32f7xx_hal_adc.o
LOAD ./Drivers/STM32F7xx_HAL_Driver/Src/stm32f7xx_hal_adc_ex.o
LOAD ./Drivers/STM32F7xx_HAL_Driver/Src/stm32f7xx_hal_cortex.o
LOAD ./Drivers/STM32F7xx_HAL_Driver/Src/stm32f7xx_hal_crc.o
LOAD ./Drivers/STM32F7xx_HAL_Driver/Src/stm32f7xx_hal_crc_ex.o
LOAD ./Drivers/STM32F7xx_HAL_Driver/Src/stm32f7xx_hal_dcmi.o
LOAD ./Drivers/STM32F7xx_HAL_Driver/Src/stm32f7xx_hal_dcmi_ex.o
LOAD ./Drivers/STM32F7xx_HAL_Driver/Src/stm32f7xx_hal_dma.o
LOAD ./Drivers/STM32F7xx_HAL_Driver/Src/stm32f7xx_hal_dma2d.o
LOAD ./Drivers/STM32F7xx_HAL_Driver/Src/stm32f7xx_hal_dma_ex.o
LOAD ./Drivers/STM32F7xx_HAL_Driver/Src/stm32f7xx_hal_dsi.o
LOAD ./Drivers/STM32F7xx_HAL_Driver/Src/stm32f7xx_hal_exti.o
LOAD ./Drivers/STM32F7xx_HAL_Driver/Src/stm32f7xx_hal_flash.o
LOAD ./Drivers/STM32F7xx_HAL_Driver/Src/stm32f7xx_hal_flash_ex.o
LOAD ./Drivers/STM32F7xx_HAL_Driver/Src/stm32f7xx_hal_gpio.o
LOAD ./Drivers/STM32F7xx_HAL_Driver/Src/stm32f7xx_hal_i2c.o
LOAD ./Drivers/STM32F7xx_HAL_Driver/Src/stm32f7xx_hal_i2c_ex.o
LOAD ./Drivers/STM32F7xx_HAL_Driver/Src/stm32f7xx_hal_ltdc.o
LOAD ./Drivers/STM32F7xx_HAL_Driver/Src/stm32f7xx_hal_ltdc_ex.o
LOAD ./Drivers/STM32F7xx_HAL_Driver/Src/stm32f7xx_hal_pwr.o
LOAD ./Drivers/STM32F7xx_HAL_Driver/Src/stm32f7xx_hal_pwr_ex.o
LOAD ./Drivers/STM32F7xx_HAL_Driver/Src/stm32f7xx_hal_rcc.o
LOAD ./Drivers/STM32F7xx_HAL_Driver/Src/stm32f7xx_hal_rcc_ex.o
LOAD ./Drivers/STM32F7xx_HAL_Driver/Src/stm32f7xx_hal_rtc.o
LOAD ./Drivers/STM32F7xx_HAL_Driver/Src/stm32f7xx_hal_rtc_ex.o
LOAD ./Drivers/STM32F7xx_HAL_Driver/Src/stm32f7xx_hal_sai.o
LOAD ./Drivers/STM32F7xx_HAL_Driver/Src/stm32f7xx_hal_sai_ex.o
LOAD ./Drivers/STM32F7xx_HAL_Driver/Src/stm32f7xx_hal_sdram.o
LOAD ./Drivers/STM32F7xx_HAL_Driver/Src/stm32f7xx_hal_spdifrx.o
LOAD ./Drivers/STM32F7xx_HAL_Driver/Src/stm32f7xx_hal_spi.o
LOAD ./Drivers/STM32F7xx_HAL_Driver/Src/stm32f7xx_hal_spi_ex.o
LOAD ./Drivers/STM32F7xx_HAL_Driver/Src/stm32f7xx_hal_tim.o
LOAD ./Drivers/STM32F7xx_HAL_Driver/Src/stm32f7xx_hal_tim_ex.o
LOAD ./Drivers/STM32F7xx_HAL_Driver/Src/stm32f7xx_hal_uart.o
LOAD ./Drivers/STM32F7xx_HAL_Driver/Src/stm32f7xx_hal_uart_ex.o
LOAD ./Drivers/STM32F7xx_HAL_Driver/Src/stm32f7xx_ll_fmc.o
START GROUP
LOAD c:/st/stm32cubeide_1.9.0/stm32cubeide/plugins/com.st.stm32cube.ide.mcu.externaltools.gnu-tools-for-stm32.10.3-2021.10.win32_1.0.0.202111181127/tools/bin/../lib/gcc/arm-none-eabi/10.3.1/../../../../arm-none-eabi/lib/thumb/v7e-m+fp/hard\libstdc++_nano.a
LOAD c:/st/stm32cubeide_1.9.0/stm32cubeide/plugins/com.st.stm32cube.ide.mcu.externaltools.gnu-tools-for-stm32.10.3-2021.10.win32_1.0.0.202111181127/tools/bin/../lib/gcc/arm-none-eabi/10.3.1/../../../../arm-none-eabi/lib/thumb/v7e-m+fp/hard\libsupc++_nano.a
END GROUP
LOAD c:/st/stm32cubeide_1.9.0/stm32cubeide/plugins/com.st.stm32cube.ide.mcu.externaltools.gnu-tools-for-stm32.10.3-2021.10.win32_1.0.0.202111181127/tools/bin/../lib/gcc/arm-none-eabi/10.3.1/../../../../arm-none-eabi/lib/thumb/v7e-m+fp/hard\libstdc++_nano.a
LOAD c:/st/stm32cubeide_1.9.0/stm32cubeide/plugins/com.st.stm32cube.ide.mcu.externaltools.gnu-tools-for-stm32.10.3-2021.10.win32_1.0.0.202111181127/tools/bin/../lib/gcc/arm-none-eabi/10.3.1/../../../../arm-none-eabi/lib/thumb/v7e-m+fp/hard\libm.a
LOAD c:/st/stm32cubeide_1.9.0/stm32cubeide/plugins/com.st.stm32cube.ide.mcu.externaltools.gnu-tools-for-stm32.10.3-2021.10.win32_1.0.0.202111181127/tools/bin/../lib/gcc/arm-none-eabi/10.3.1/../../../../arm-none-eabi/lib/thumb/v7e-m+fp/hard\libc_nano.a
START GROUP
LOAD c:/st/stm32cubeide_1.9.0/stm32cubeide/plugins/com.st.stm32cube.ide.mcu.externaltools.gnu-tools-for-stm32.10.3-2021.10.win32_1.0.0.202111181127/tools/bin/../lib/gcc/arm-none-eabi/10.3.1/thumb/v7e-m+fp/hard\libgcc.a
LOAD c:/st/stm32cubeide_1.9.0/stm32cubeide/plugins/com.st.stm32cube.ide.mcu.externaltools.gnu-tools-for-stm32.10.3-2021.10.win32_1.0.0.202111181127/tools/bin/../lib/gcc/arm-none-eabi/10.3.1/../../../../arm-none-eabi/lib/thumb/v7e-m+fp/hard\libc_nano.a
END GROUP
START GROUP
LOAD c:/st/stm32cubeide_1.9.0/stm32cubeide/plugins/com.st.stm32cube.ide.mcu.externaltools.gnu-tools-for-stm32.10.3-2021.10.win32_1.0.0.202111181127/tools/bin/../lib/gcc/arm-none-eabi/10.3.1/thumb/v7e-m+fp/hard\libgcc.a
LOAD c:/st/stm32cubeide_1.9.0/stm32cubeide/plugins/com.st.stm32cube.ide.mcu.externaltools.gnu-tools-for-stm32.10.3-2021.10.win32_1.0.0.202111181127/tools/bin/../lib/gcc/arm-none-eabi/10.3.1/../../../../arm-none-eabi/lib/thumb/v7e-m+fp/hard\libc_nano.a
LOAD c:/st/stm32cubeide_1.9.0/stm32cubeide/plugins/com.st.stm32cube.ide.mcu.externaltools.gnu-tools-for-stm32.10.3-2021.10.win32_1.0.0.202111181127/tools/bin/../lib/gcc/arm-none-eabi/10.3.1/../../../../arm-none-eabi/lib/thumb/v7e-m+fp/hard\libnosys.a
END GROUP
START GROUP
LOAD c:/st/stm32cubeide_1.9.0/stm32cubeide/plugins/com.st.stm32cube.ide.mcu.externaltools.gnu-tools-for-stm32.10.3-2021.10.win32_1.0.0.202111181127/tools/bin/../lib/gcc/arm-none-eabi/10.3.1/thumb/v7e-m+fp/hard\libgcc.a
LOAD c:/st/stm32cubeide_1.9.0/stm32cubeide/plugins/com.st.stm32cube.ide.mcu.externaltools.gnu-tools-for-stm32.10.3-2021.10.win32_1.0.0.202111181127/tools/bin/../lib/gcc/arm-none-eabi/10.3.1/../../../../arm-none-eabi/lib/thumb/v7e-m+fp/hard\libc_nano.a
LOAD c:/st/stm32cubeide_1.9.0/stm32cubeide/plugins/com.st.stm32cube.ide.mcu.externaltools.gnu-tools-for-stm32.10.3-2021.10.win32_1.0.0.202111181127/tools/bin/../lib/gcc/arm-none-eabi/10.3.1/../../../../arm-none-eabi/lib/thumb/v7e-m+fp/hard\libnosys.a
END GROUP
LOAD c:/st/stm32cubeide_1.9.0/stm32cubeide/plugins/com.st.stm32cube.ide.mcu.externaltools.gnu-tools-for-stm32.10.3-2021.10.win32_1.0.0.202111181127/tools/bin/../lib/gcc/arm-none-eabi/10.3.1/thumb/v7e-m+fp/hard/crtend.o
LOAD c:/st/stm32cubeide_1.9.0/stm32cubeide/plugins/com.st.stm32cube.ide.mcu.externaltools.gnu-tools-for-stm32.10.3-2021.10.win32_1.0.0.202111181127/tools/bin/../lib/gcc/arm-none-eabi/10.3.1/thumb/v7e-m+fp/hard/crtn.o
                0x0000000020050000                _estack = (ORIGIN (RAM) + LENGTH (RAM))
                0x0000000000001000                _Min_Heap_Size = 0x1000
                0x0000000000001000                _Min_Stack_Size = 0x1000

.isr_vector     0x0000000008000000      0x1c8
                0x0000000008000000                . = ALIGN (0x4)
 *(.isr_vector)
 .isr_vector    0x0000000008000000      0x1c8 ./Core/Startup/startup_stm32f746nghx.o
                0x0000000008000000                g_pfnVectors
                0x00000000080001c8                . = ALIGN (0x4)

.text           0x00000000080001c8     0x7f60
                0x00000000080001c8                . = ALIGN (0x4)
 *(.text)
 .text          0x00000000080001c8       0x40 c:/st/stm32cubeide_1.9.0/stm32cubeide/plugins/com.st.stm32cube.ide.mcu.externaltools.gnu-tools-for-stm32.10.3-2021.10.win32_1.0.0.202111181127/tools/bin/../lib/gcc/arm-none-eabi/10.3.1/thumb/v7e-m+fp/hard/crtbegin.o
 .text          0x0000000008000208       0x30 c:/st/stm32cubeide_1.9.0/stm32cubeide/plugins/com.st.stm32cube.ide.mcu.externaltools.gnu-tools-for-stm32.10.3-2021.10.win32_1.0.0.202111181127/tools/bin/../lib/gcc/arm-none-eabi/10.3.1/thumb/v7e-m+fp/hard\libgcc.a(_aeabi_uldivmod.o)
                0x0000000008000208                __aeabi_uldivmod
 .text          0x0000000008000238      0x2d0 c:/st/stm32cubeide_1.9.0/stm32cubeide/plugins/com.st.stm32cube.ide.mcu.externaltools.gnu-tools-for-stm32.10.3-2021.10.win32_1.0.0.202111181127/tools/bin/../lib/gcc/arm-none-eabi/10.3.1/thumb/v7e-m+fp/hard\libgcc.a(_udivmoddi4.o)
                0x0000000008000238                __udivmoddi4
 .text          0x0000000008000508        0x4 c:/st/stm32cubeide_1.9.0/stm32cubeide/plugins/com.st.stm32cube.ide.mcu.externaltools.gnu-tools-for-stm32.10.3-2021.10.win32_1.0.0.202111181127/tools/bin/../lib/gcc/arm-none-eabi/10.3.1/thumb/v7e-m+fp/hard\libgcc.a(_dvmd_tls.o)
                0x0000000008000508                __aeabi_idiv0
                0x0000000008000508                __aeabi_ldiv0
 *(.text*)
 .text.main     0x000000000800050c       0x5e ./Core/Src/main.o
                0x000000000800050c                main
 *fill*         0x000000000800056a        0x2 
 .text.SystemClock_Config
                0x000000000800056c       0xe4 ./Core/Src/main.o
                0x000000000800056c                SystemClock_Config
 .text.PeriphCommonClock_Config
                0x0000000008000650       0x54 ./Core/Src/main.o
                0x0000000008000650                PeriphCommonClock_Config
 .text.MX_ADC3_Init
                0x00000000080006a4       0xa4 ./Core/Src/main.o
 .text.MX_CRC_Init
                0x0000000008000748       0x44 ./Core/Src/main.o
 .text.MX_DCMI_Init
                0x000000000800078c       0x68 ./Core/Src/main.o
 .text.MX_DMA2D_Init
                0x00000000080007f4       0x64 ./Core/Src/main.o
 .text.MX_I2C3_Init
                0x0000000008000858       0x80 ./Core/Src/main.o
 .text.MX_LTDC_Init
                0x00000000080008d8      0x104 ./Core/Src/main.o
 .text.MX_RTC_Init
                0x00000000080009dc      0x14c ./Core/Src/main.o
 .text.MX_SAI2_Init
                0x0000000008000b28      0x150 ./Core/Src/main.o
 .text.MX_SPDIFRX_Init
                0x0000000008000c78       0x60 ./Core/Src/main.o
 .text.MX_SPI2_Init
                0x0000000008000cd8       0x7c ./Core/Src/main.o
 .text.MX_TIM1_Init
                0x0000000008000d54      0x158 ./Core/Src/main.o
 .text.MX_TIM2_Init
                0x0000000008000eac       0xec ./Core/Src/main.o
 .text.MX_TIM3_Init
                0x0000000008000f98       0xf0 ./Core/Src/main.o
 .text.MX_TIM5_Init
                0x0000000008001088       0xf0 ./Core/Src/main.o
 .text.MX_TIM8_Init
                0x0000000008001178       0xa8 ./Core/Src/main.o
 .text.MX_TIM12_Init
                0x0000000008001220       0x8c ./Core/Src/main.o
 .text.MX_USART1_UART_Init
                0x00000000080012ac       0x60 ./Core/Src/main.o
 .text.MX_FMC_Init
                0x000000000800130c       0xa0 ./Core/Src/main.o
 .text.MX_GPIO_Init
                0x00000000080013ac      0x51c ./Core/Src/main.o
 .text.HAL_TIM_PeriodElapsedCallback
                0x00000000080018c8       0x24 ./Core/Src/main.o
                0x00000000080018c8                HAL_TIM_PeriodElapsedCallback
 .text.Error_Handler
                0x00000000080018ec        0xa ./Core/Src/main.o
                0x00000000080018ec                Error_Handler
 *fill*         0x00000000080018f6        0x2 
 .text.HAL_MspInit
                0x00000000080018f8       0x48 ./Core/Src/stm32f7xx_hal_msp.o
                0x00000000080018f8                HAL_MspInit
 .text.HAL_ADC_MspInit
                0x0000000008001940       0xb4 ./Core/Src/stm32f7xx_hal_msp.o
                0x0000000008001940                HAL_ADC_MspInit
 .text.HAL_CRC_MspInit
                0x00000000080019f4       0x40 ./Core/Src/stm32f7xx_hal_msp.o
                0x00000000080019f4                HAL_CRC_MspInit
 .text.HAL_DCMI_MspInit
                0x0000000008001a34      0x17c ./Core/Src/stm32f7xx_hal_msp.o
                0x0000000008001a34                HAL_DCMI_MspInit
 .text.HAL_DMA2D_MspInit
                0x0000000008001bb0       0x4c ./Core/Src/stm32f7xx_hal_msp.o
                0x0000000008001bb0                HAL_DMA2D_MspInit
 .text.HAL_I2C_MspInit
                0x0000000008001bfc       0xc0 ./Core/Src/stm32f7xx_hal_msp.o
                0x0000000008001bfc                HAL_I2C_MspInit
 .text.HAL_LTDC_MspInit
                0x0000000008001cbc      0x190 ./Core/Src/stm32f7xx_hal_msp.o
                0x0000000008001cbc                HAL_LTDC_MspInit
 .text.HAL_RTC_MspInit
                0x0000000008001e4c       0x5c ./Core/Src/stm32f7xx_hal_msp.o
                0x0000000008001e4c                HAL_RTC_MspInit
 .text.HAL_SPDIFRX_MspInit
                0x0000000008001ea8       0xc8 ./Core/Src/stm32f7xx_hal_msp.o
                0x0000000008001ea8                HAL_SPDIFRX_MspInit
 .text.HAL_SPI_MspInit
                0x0000000008001f70       0xc4 ./Core/Src/stm32f7xx_hal_msp.o
                0x0000000008001f70                HAL_SPI_MspInit
 .text.HAL_TIM_Base_MspInit
                0x0000000008002034       0xdc ./Core/Src/stm32f7xx_hal_msp.o
                0x0000000008002034                HAL_TIM_Base_MspInit
 .text.HAL_TIM_PWM_MspInit
                0x0000000008002110       0x40 ./Core/Src/stm32f7xx_hal_msp.o
                0x0000000008002110                HAL_TIM_PWM_MspInit
 .text.HAL_TIM_MspPostInit
                0x0000000008002150      0x19c ./Core/Src/stm32f7xx_hal_msp.o
                0x0000000008002150                HAL_TIM_MspPostInit
 .text.HAL_UART_MspInit
                0x00000000080022ec      0x104 ./Core/Src/stm32f7xx_hal_msp.o
                0x00000000080022ec                HAL_UART_MspInit
 .text.HAL_FMC_MspInit
                0x00000000080023f0      0x120 ./Core/Src/stm32f7xx_hal_msp.o
 .text.HAL_SDRAM_MspInit
                0x0000000008002510       0x14 ./Core/Src/stm32f7xx_hal_msp.o
                0x0000000008002510                HAL_SDRAM_MspInit
 .text.HAL_SAI_MspInit
                0x0000000008002524       0xd4 ./Core/Src/stm32f7xx_hal_msp.o
                0x0000000008002524                HAL_SAI_MspInit
 .text.HAL_InitTick
                0x00000000080025f8       0xb0 ./Core/Src/stm32f7xx_hal_timebase_tim.o
                0x00000000080025f8                HAL_InitTick
 .text.NMI_Handler
                0x00000000080026a8        0x6 ./Core/Src/stm32f7xx_it.o
                0x00000000080026a8                NMI_Handler
 .text.HardFault_Handler
                0x00000000080026ae        0x6 ./Core/Src/stm32f7xx_it.o
                0x00000000080026ae                HardFault_Handler
 .text.MemManage_Handler
                0x00000000080026b4        0x6 ./Core/Src/stm32f7xx_it.o
                0x00000000080026b4                MemManage_Handler
 .text.BusFault_Handler
                0x00000000080026ba        0x6 ./Core/Src/stm32f7xx_it.o
                0x00000000080026ba                BusFault_Handler
 .text.UsageFault_Handler
                0x00000000080026c0        0x6 ./Core/Src/stm32f7xx_it.o
                0x00000000080026c0                UsageFault_Handler
 .text.SVC_Handler
                0x00000000080026c6        0xe ./Core/Src/stm32f7xx_it.o
                0x00000000080026c6                SVC_Handler
 .text.DebugMon_Handler
                0x00000000080026d4        0xe ./Core/Src/stm32f7xx_it.o
                0x00000000080026d4                DebugMon_Handler
 .text.PendSV_Handler
                0x00000000080026e2        0xe ./Core/Src/stm32f7xx_it.o
                0x00000000080026e2                PendSV_Handler
 .text.SysTick_Handler
                0x00000000080026f0        0xe ./Core/Src/stm32f7xx_it.o
                0x00000000080026f0                SysTick_Handler
 *fill*         0x00000000080026fe        0x2 
 .text.TIM6_DAC_IRQHandler
                0x0000000008002700       0x14 ./Core/Src/stm32f7xx_it.o
                0x0000000008002700                TIM6_DAC_IRQHandler
 .text.LTDC_IRQHandler
                0x0000000008002714       0x14 ./Core/Src/stm32f7xx_it.o
                0x0000000008002714                LTDC_IRQHandler
 .text.DMA2D_IRQHandler
                0x0000000008002728       0x14 ./Core/Src/stm32f7xx_it.o
                0x0000000008002728                DMA2D_IRQHandler
 .text.SystemInit
                0x000000000800273c       0x24 ./Core/Src/system_stm32f7xx.o
                0x000000000800273c                SystemInit
 .text.Reset_Handler
                0x0000000008002760       0x50 ./Core/Startup/startup_stm32f746nghx.o
                0x0000000008002760                Reset_Handler
 .text.Default_Handler
                0x00000000080027b0        0x2 ./Core/Startup/startup_stm32f746nghx.o
                0x00000000080027b0                RTC_Alarm_IRQHandler
                0x00000000080027b0                EXTI2_IRQHandler
                0x00000000080027b0                TIM8_CC_IRQHandler
                0x00000000080027b0                UART8_IRQHandler
                0x00000000080027b0                SPI4_IRQHandler
                0x00000000080027b0                TIM1_CC_IRQHandler
                0x00000000080027b0                DMA2_Stream5_IRQHandler
                0x00000000080027b0                DMA1_Stream5_IRQHandler
                0x00000000080027b0                PVD_IRQHandler
                0x00000000080027b0                TAMP_STAMP_IRQHandler
                0x00000000080027b0                CAN2_RX1_IRQHandler
                0x00000000080027b0                EXTI3_IRQHandler
                0x00000000080027b0                TIM8_TRG_COM_TIM14_IRQHandler
                0x00000000080027b0                TIM1_UP_TIM10_IRQHandler
                0x00000000080027b0                TIM8_UP_TIM13_IRQHandler
                0x00000000080027b0                I2C3_ER_IRQHandler
                0x00000000080027b0                EXTI0_IRQHandler
                0x00000000080027b0                I2C2_EV_IRQHandler
                0x00000000080027b0                DMA1_Stream2_IRQHandler
                0x00000000080027b0                CAN1_RX0_IRQHandler
                0x00000000080027b0                FPU_IRQHandler
                0x00000000080027b0                OTG_HS_WKUP_IRQHandler
                0x00000000080027b0                LTDC_ER_IRQHandler
                0x00000000080027b0                CAN2_SCE_IRQHandler
                0x00000000080027b0                DMA2_Stream2_IRQHandler
                0x00000000080027b0                SPI1_IRQHandler
                0x00000000080027b0                TIM1_BRK_TIM9_IRQHandler
                0x00000000080027b0                DCMI_IRQHandler
                0x00000000080027b0                CAN2_RX0_IRQHandler
                0x00000000080027b0                DMA2_Stream3_IRQHandler
                0x00000000080027b0                SAI2_IRQHandler
                0x00000000080027b0                USART6_IRQHandler
                0x00000000080027b0                USART3_IRQHandler
                0x00000000080027b0                CAN1_RX1_IRQHandler
                0x00000000080027b0                UART5_IRQHandler
                0x00000000080027b0                DMA2_Stream0_IRQHandler
                0x00000000080027b0                TIM4_IRQHandler
                0x00000000080027b0                QUADSPI_IRQHandler
                0x00000000080027b0                I2C1_EV_IRQHandler
                0x00000000080027b0                DMA1_Stream6_IRQHandler
                0x00000000080027b0                DMA1_Stream1_IRQHandler
                0x00000000080027b0                UART4_IRQHandler
                0x00000000080027b0                TIM3_IRQHandler
                0x00000000080027b0                RCC_IRQHandler
                0x00000000080027b0                TIM8_BRK_TIM12_IRQHandler
                0x00000000080027b0                Default_Handler
                0x00000000080027b0                CEC_IRQHandler
                0x00000000080027b0                EXTI15_10_IRQHandler
                0x00000000080027b0                ADC_IRQHandler
                0x00000000080027b0                DMA1_Stream7_IRQHandler
                0x00000000080027b0                SPI5_IRQHandler
                0x00000000080027b0                TIM7_IRQHandler
                0x00000000080027b0                SDMMC1_IRQHandler
                0x00000000080027b0                CAN2_TX_IRQHandler
                0x00000000080027b0                TIM5_IRQHandler
                0x00000000080027b0                DMA2_Stream7_IRQHandler
                0x00000000080027b0                I2C3_EV_IRQHandler
                0x00000000080027b0                EXTI9_5_IRQHandler
                0x00000000080027b0                RTC_WKUP_IRQHandler
                0x00000000080027b0                ETH_WKUP_IRQHandler
                0x00000000080027b0                SPDIF_RX_IRQHandler
                0x00000000080027b0                SPI2_IRQHandler
                0x00000000080027b0                OTG_HS_EP1_IN_IRQHandler
                0x00000000080027b0                DMA1_Stream0_IRQHandler
                0x00000000080027b0                CAN1_TX_IRQHandler
                0x00000000080027b0                EXTI4_IRQHandler
                0x00000000080027b0                RNG_IRQHandler
                0x00000000080027b0                ETH_IRQHandler
                0x00000000080027b0                OTG_HS_EP1_OUT_IRQHandler
                0x00000000080027b0                WWDG_IRQHandler
                0x00000000080027b0                SPI6_IRQHandler
                0x00000000080027b0                I2C4_EV_IRQHandler
                0x00000000080027b0                TIM2_IRQHandler
                0x00000000080027b0                OTG_FS_WKUP_IRQHandler
                0x00000000080027b0                TIM1_TRG_COM_TIM11_IRQHandler
                0x00000000080027b0                OTG_HS_IRQHandler
                0x00000000080027b0                EXTI1_IRQHandler
                0x00000000080027b0                UART7_IRQHandler
                0x00000000080027b0                USART2_IRQHandler
                0x00000000080027b0                I2C2_ER_IRQHandler
                0x00000000080027b0                DMA2_Stream1_IRQHandler
                0x00000000080027b0                CAN1_SCE_IRQHandler
                0x00000000080027b0                FLASH_IRQHandler
                0x00000000080027b0                DMA2_Stream4_IRQHandler
                0x00000000080027b0                USART1_IRQHandler
                0x00000000080027b0                OTG_FS_IRQHandler
                0x00000000080027b0                SPI3_IRQHandler
                0x00000000080027b0                DMA1_Stream4_IRQHandler
                0x00000000080027b0                I2C1_ER_IRQHandler
                0x00000000080027b0                FMC_IRQHandler
                0x00000000080027b0                LPTIM1_IRQHandler
                0x00000000080027b0                I2C4_ER_IRQHandler
                0x00000000080027b0                DMA2_Stream6_IRQHandler
                0x00000000080027b0                SAI1_IRQHandler
                0x00000000080027b0                DMA1_Stream3_IRQHandler
 .text.HAL_Init
                0x00000000080027b2       0x1a ./Drivers/STM32F7xx_HAL_Driver/Src/stm32f7xx_hal.o
                0x00000000080027b2                HAL_Init
 .text.HAL_IncTick
                0x00000000080027cc       0x28 ./Drivers/STM32F7xx_HAL_Driver/Src/stm32f7xx_hal.o
                0x00000000080027cc                HAL_IncTick
 .text.HAL_GetTick
                0x00000000080027f4       0x18 ./Drivers/STM32F7xx_HAL_Driver/Src/stm32f7xx_hal.o
                0x00000000080027f4                HAL_GetTick
 .text.HAL_ADC_Init
                0x000000000800280c       0x88 ./Drivers/STM32F7xx_HAL_Driver/Src/stm32f7xx_hal_adc.o
                0x000000000800280c                HAL_ADC_Init
 .text.HAL_ADC_ConfigChannel
                0x0000000008002894      0x2ac ./Drivers/STM32F7xx_HAL_Driver/Src/stm32f7xx_hal_adc.o
                0x0000000008002894                HAL_ADC_ConfigChannel
 .text.ADC_Init
                0x0000000008002b40      0x1f4 ./Drivers/STM32F7xx_HAL_Driver/Src/stm32f7xx_hal_adc.o
 .text.__NVIC_SetPriorityGrouping
                0x0000000008002d34       0x48 ./Drivers/STM32F7xx_HAL_Driver/Src/stm32f7xx_hal_cortex.o
 .text.__NVIC_GetPriorityGrouping
                0x0000000008002d7c       0x1c ./Drivers/STM32F7xx_HAL_Driver/Src/stm32f7xx_hal_cortex.o
 .text.__NVIC_EnableIRQ
                0x0000000008002d98       0x3c ./Drivers/STM32F7xx_HAL_Driver/Src/stm32f7xx_hal_cortex.o
 .text.__NVIC_SetPriority
                0x0000000008002dd4       0x54 ./Drivers/STM32F7xx_HAL_Driver/Src/stm32f7xx_hal_cortex.o
 .text.NVIC_EncodePriority
                0x0000000008002e28       0x66 ./Drivers/STM32F7xx_HAL_Driver/Src/stm32f7xx_hal_cortex.o
 .text.HAL_NVIC_SetPriorityGrouping
                0x0000000008002e8e       0x16 ./Drivers/STM32F7xx_HAL_Driver/Src/stm32f7xx_hal_cortex.o
                0x0000000008002e8e                HAL_NVIC_SetPriorityGrouping
 .text.HAL_NVIC_SetPriority
                0x0000000008002ea4       0x38 ./Drivers/STM32F7xx_HAL_Driver/Src/stm32f7xx_hal_cortex.o
                0x0000000008002ea4                HAL_NVIC_SetPriority
 .text.HAL_NVIC_EnableIRQ
                0x0000000008002edc       0x1c ./Drivers/STM32F7xx_HAL_Driver/Src/stm32f7xx_hal_cortex.o
                0x0000000008002edc                HAL_NVIC_EnableIRQ
 .text.HAL_CRC_Init
                0x0000000008002ef8       0xc8 ./Drivers/STM32F7xx_HAL_Driver/Src/stm32f7xx_hal_crc.o
                0x0000000008002ef8                HAL_CRC_Init
 .text.HAL_CRCEx_Polynomial_Set
                0x0000000008002fc0      0x10c ./Drivers/STM32F7xx_HAL_Driver/Src/stm32f7xx_hal_crc_ex.o
                0x0000000008002fc0                HAL_CRCEx_Polynomial_Set
 .text.HAL_DCMI_Init
                0x00000000080030cc       0xf4 ./Drivers/STM32F7xx_HAL_Driver/Src/stm32f7xx_hal_dcmi.o
                0x00000000080030cc                HAL_DCMI_Init
 .text.HAL_DMA2D_Init
                0x00000000080031c0       0x94 ./Drivers/STM32F7xx_HAL_Driver/Src/stm32f7xx_hal_dma2d.o
                0x00000000080031c0                HAL_DMA2D_Init
 .text.HAL_DMA2D_IRQHandler
                0x0000000008003254      0x1f8 ./Drivers/STM32F7xx_HAL_Driver/Src/stm32f7xx_hal_dma2d.o
                0x0000000008003254                HAL_DMA2D_IRQHandler
 .text.HAL_DMA2D_LineEventCallback
                0x000000000800344c       0x14 ./Drivers/STM32F7xx_HAL_Driver/Src/stm32f7xx_hal_dma2d.o
                0x000000000800344c                HAL_DMA2D_LineEventCallback
 .text.HAL_DMA2D_CLUTLoadingCpltCallback
                0x0000000008003460       0x14 ./Drivers/STM32F7xx_HAL_Driver/Src/stm32f7xx_hal_dma2d.o
                0x0000000008003460                HAL_DMA2D_CLUTLoadingCpltCallback
 .text.HAL_DMA2D_ConfigLayer
                0x0000000008003474      0x124 ./Drivers/STM32F7xx_HAL_Driver/Src/stm32f7xx_hal_dma2d.o
                0x0000000008003474                HAL_DMA2D_ConfigLayer
 .text.HAL_GPIO_Init
                0x0000000008003598      0x358 ./Drivers/STM32F7xx_HAL_Driver/Src/stm32f7xx_hal_gpio.o
                0x0000000008003598                HAL_GPIO_Init
 .text.HAL_GPIO_WritePin
                0x00000000080038f0       0x32 ./Drivers/STM32F7xx_HAL_Driver/Src/stm32f7xx_hal_gpio.o
                0x00000000080038f0                HAL_GPIO_WritePin
 *fill*         0x0000000008003922        0x2 
 .text.HAL_I2C_Init
                0x0000000008003924      0x120 ./Drivers/STM32F7xx_HAL_Driver/Src/stm32f7xx_hal_i2c.o
                0x0000000008003924                HAL_I2C_Init
 .text.HAL_I2CEx_ConfigAnalogFilter
                0x0000000008003a44       0x96 ./Drivers/STM32F7xx_HAL_Driver/Src/stm32f7xx_hal_i2c_ex.o
                0x0000000008003a44                HAL_I2CEx_ConfigAnalogFilter
 .text.HAL_I2CEx_ConfigDigitalFilter
                0x0000000008003ada       0x98 ./Drivers/STM32F7xx_HAL_Driver/Src/stm32f7xx_hal_i2c_ex.o
                0x0000000008003ada                HAL_I2CEx_ConfigDigitalFilter
 *fill*         0x0000000008003b72        0x2 
 .text.HAL_LTDC_Init
                0x0000000008003b74      0x1a0 ./Drivers/STM32F7xx_HAL_Driver/Src/stm32f7xx_hal_ltdc.o
                0x0000000008003b74                HAL_LTDC_Init
 .text.HAL_LTDC_IRQHandler
                0x0000000008003d14      0x148 ./Drivers/STM32F7xx_HAL_Driver/Src/stm32f7xx_hal_ltdc.o
                0x0000000008003d14                HAL_LTDC_IRQHandler
 .text.HAL_LTDC_ErrorCallback
                0x0000000008003e5c       0x14 ./Drivers/STM32F7xx_HAL_Driver/Src/stm32f7xx_hal_ltdc.o
                0x0000000008003e5c                HAL_LTDC_ErrorCallback
 .text.HAL_LTDC_LineEventCallback
                0x0000000008003e70       0x14 ./Drivers/STM32F7xx_HAL_Driver/Src/stm32f7xx_hal_ltdc.o
                0x0000000008003e70                HAL_LTDC_LineEventCallback
 .text.HAL_LTDC_ReloadEventCallback
                0x0000000008003e84       0x14 ./Drivers/STM32F7xx_HAL_Driver/Src/stm32f7xx_hal_ltdc.o
                0x0000000008003e84                HAL_LTDC_ReloadEventCallback
 .text.HAL_LTDC_ConfigLayer
                0x0000000008003e98       0x7c ./Drivers/STM32F7xx_HAL_Driver/Src/stm32f7xx_hal_ltdc.o
                0x0000000008003e98                HAL_LTDC_ConfigLayer
 .text.LTDC_SetConfig
                0x0000000008003f14      0x334 ./Drivers/STM32F7xx_HAL_Driver/Src/stm32f7xx_hal_ltdc.o
 .text.HAL_PWR_EnableBkUpAccess
                0x0000000008004248       0x20 ./Drivers/STM32F7xx_HAL_Driver/Src/stm32f7xx_hal_pwr.o
                0x0000000008004248                HAL_PWR_EnableBkUpAccess
 .text.HAL_PWREx_EnableOverDrive
                0x0000000008004268       0xa0 ./Drivers/STM32F7xx_HAL_Driver/Src/stm32f7xx_hal_pwr_ex.o
                0x0000000008004268                HAL_PWREx_EnableOverDrive
 .text.HAL_RCC_OscConfig
                0x0000000008004308      0x548 ./Drivers/STM32F7xx_HAL_Driver/Src/stm32f7xx_hal_rcc.o
                0x0000000008004308                HAL_RCC_OscConfig
 .text.HAL_RCC_ClockConfig
                0x0000000008004850      0x1d8 ./Drivers/STM32F7xx_HAL_Driver/Src/stm32f7xx_hal_rcc.o
                0x0000000008004850                HAL_RCC_ClockConfig
 .text.HAL_RCC_GetSysClockFreq
                0x0000000008004a28      0x18c ./Drivers/STM32F7xx_HAL_Driver/Src/stm32f7xx_hal_rcc.o
                0x0000000008004a28                HAL_RCC_GetSysClockFreq
 .text.HAL_RCC_GetHCLKFreq
                0x0000000008004bb4       0x18 ./Drivers/STM32F7xx_HAL_Driver/Src/stm32f7xx_hal_rcc.o
                0x0000000008004bb4                HAL_RCC_GetHCLKFreq
 .text.HAL_RCC_GetPCLK1Freq
                0x0000000008004bcc       0x28 ./Drivers/STM32F7xx_HAL_Driver/Src/stm32f7xx_hal_rcc.o
                0x0000000008004bcc                HAL_RCC_GetPCLK1Freq
 .text.HAL_RCC_GetPCLK2Freq
                0x0000000008004bf4       0x28 ./Drivers/STM32F7xx_HAL_Driver/Src/stm32f7xx_hal_rcc.o
                0x0000000008004bf4                HAL_RCC_GetPCLK2Freq
 .text.HAL_RCC_GetClockConfig
                0x0000000008004c1c       0x64 ./Drivers/STM32F7xx_HAL_Driver/Src/stm32f7xx_hal_rcc.o
                0x0000000008004c1c                HAL_RCC_GetClockConfig
 .text.HAL_RCCEx_PeriphCLKConfig
                0x0000000008004c80      0x7e0 ./Drivers/STM32F7xx_HAL_Driver/Src/stm32f7xx_hal_rcc_ex.o
                0x0000000008004c80                HAL_RCCEx_PeriphCLKConfig
 .text.HAL_RCCEx_GetPeriphCLKFreq
                0x0000000008005460      0x288 ./Drivers/STM32F7xx_HAL_Driver/Src/stm32f7xx_hal_rcc_ex.o
                0x0000000008005460                HAL_RCCEx_GetPeriphCLKFreq
 .text.HAL_RTC_Init
                0x00000000080056e8      0x124 ./Drivers/STM32F7xx_HAL_Driver/Src/stm32f7xx_hal_rtc.o
                0x00000000080056e8                HAL_RTC_Init
 .text.HAL_RTC_SetTime
                0x000000000800580c      0x17c ./Drivers/STM32F7xx_HAL_Driver/Src/stm32f7xx_hal_rtc.o
                0x000000000800580c                HAL_RTC_SetTime
 .text.HAL_RTC_SetDate
                0x0000000008005988      0x150 ./Drivers/STM32F7xx_HAL_Driver/Src/stm32f7xx_hal_rtc.o
                0x0000000008005988                HAL_RTC_SetDate
 .text.HAL_RTC_SetAlarm
                0x0000000008005ad8      0x230 ./Drivers/STM32F7xx_HAL_Driver/Src/stm32f7xx_hal_rtc.o
                0x0000000008005ad8                HAL_RTC_SetAlarm
 .text.HAL_RTC_WaitForSynchro
                0x0000000008005d08       0x50 ./Drivers/STM32F7xx_HAL_Driver/Src/stm32f7xx_hal_rtc.o
                0x0000000008005d08                HAL_RTC_WaitForSynchro
 .text.RTC_EnterInitMode
                0x0000000008005d58       0x58 ./Drivers/STM32F7xx_HAL_Driver/Src/stm32f7xx_hal_rtc.o
                0x0000000008005d58                RTC_EnterInitMode
 .text.RTC_ByteToBcd2
                0x0000000008005db0       0x3c ./Drivers/STM32F7xx_HAL_Driver/Src/stm32f7xx_hal_rtc.o
                0x0000000008005db0                RTC_ByteToBcd2
 .text.HAL_RTCEx_SetTimeStamp
                0x0000000008005dec       0xac ./Drivers/STM32F7xx_HAL_Driver/Src/stm32f7xx_hal_rtc_ex.o
                0x0000000008005dec                HAL_RTCEx_SetTimeStamp
 .text.HAL_SAI_Init
                0x0000000008005e98      0x2fc ./Drivers/STM32F7xx_HAL_Driver/Src/stm32f7xx_hal_sai.o
                0x0000000008005e98                HAL_SAI_Init
 .text.SAI_Disable
                0x0000000008006194       0x70 ./Drivers/STM32F7xx_HAL_Driver/Src/stm32f7xx_hal_sai.o
 .text.HAL_SDRAM_Init
                0x0000000008006204       0x68 ./Drivers/STM32F7xx_HAL_Driver/Src/stm32f7xx_hal_sdram.o
                0x0000000008006204                HAL_SDRAM_Init
 .text.HAL_SPDIFRX_Init
                0x000000000800626c       0xb8 ./Drivers/STM32F7xx_HAL_Driver/Src/stm32f7xx_hal_spdifrx.o
                0x000000000800626c                HAL_SPDIFRX_Init
 .text.HAL_SPI_Init
                0x0000000008006324      0x156 ./Drivers/STM32F7xx_HAL_Driver/Src/stm32f7xx_hal_spi.o
                0x0000000008006324                HAL_SPI_Init
 .text.HAL_TIM_Base_Init
                0x000000000800647a       0xae ./Drivers/STM32F7xx_HAL_Driver/Src/stm32f7xx_hal_tim.o
                0x000000000800647a                HAL_TIM_Base_Init
 .text.HAL_TIM_Base_Start_IT
                0x0000000008006528       0xf0 ./Drivers/STM32F7xx_HAL_Driver/Src/stm32f7xx_hal_tim.o
                0x0000000008006528                HAL_TIM_Base_Start_IT
 .text.HAL_TIM_PWM_Init
                0x0000000008006618       0xae ./Drivers/STM32F7xx_HAL_Driver/Src/stm32f7xx_hal_tim.o
                0x0000000008006618                HAL_TIM_PWM_Init
 .text.HAL_TIM_IRQHandler
                0x00000000080066c6      0x23e ./Drivers/STM32F7xx_HAL_Driver/Src/stm32f7xx_hal_tim.o
                0x00000000080066c6                HAL_TIM_IRQHandler
 .text.HAL_TIM_PWM_ConfigChannel
                0x0000000008006904      0x228 ./Drivers/STM32F7xx_HAL_Driver/Src/stm32f7xx_hal_tim.o
                0x0000000008006904                HAL_TIM_PWM_ConfigChannel
 .text.HAL_TIM_ConfigClockSource
                0x0000000008006b2c      0x194 ./Drivers/STM32F7xx_HAL_Driver/Src/stm32f7xx_hal_tim.o
                0x0000000008006b2c                HAL_TIM_ConfigClockSource
 .text.HAL_TIM_OC_DelayElapsedCallback
                0x0000000008006cc0       0x14 ./Drivers/STM32F7xx_HAL_Driver/Src/stm32f7xx_hal_tim.o
                0x0000000008006cc0                HAL_TIM_OC_DelayElapsedCallback
 .text.HAL_TIM_IC_CaptureCallback
                0x0000000008006cd4       0x14 ./Drivers/STM32F7xx_HAL_Driver/Src/stm32f7xx_hal_tim.o
                0x0000000008006cd4                HAL_TIM_IC_CaptureCallback
 .text.HAL_TIM_PWM_PulseFinishedCallback
                0x0000000008006ce8       0x14 ./Drivers/STM32F7xx_HAL_Driver/Src/stm32f7xx_hal_tim.o
                0x0000000008006ce8                HAL_TIM_PWM_PulseFinishedCallback
 .text.HAL_TIM_TriggerCallback
                0x0000000008006cfc       0x14 ./Drivers/STM32F7xx_HAL_Driver/Src/stm32f7xx_hal_tim.o
                0x0000000008006cfc                HAL_TIM_TriggerCallback
 .text.TIM_Base_SetConfig
                0x0000000008006d10      0x140 ./Drivers/STM32F7xx_HAL_Driver/Src/stm32f7xx_hal_tim.o
                0x0000000008006d10                TIM_Base_SetConfig
 .text.TIM_OC1_SetConfig
                0x0000000008006e50       0xe4 ./Drivers/STM32F7xx_HAL_Driver/Src/stm32f7xx_hal_tim.o
 .text.TIM_OC2_SetConfig
                0x0000000008006f34       0xf0 ./Drivers/STM32F7xx_HAL_Driver/Src/stm32f7xx_hal_tim.o
                0x0000000008006f34                TIM_OC2_SetConfig
 .text.TIM_OC3_SetConfig
                0x0000000008007024       0xec ./Drivers/STM32F7xx_HAL_Driver/Src/stm32f7xx_hal_tim.o
 .text.TIM_OC4_SetConfig
                0x0000000008007110       0xb0 ./Drivers/STM32F7xx_HAL_Driver/Src/stm32f7xx_hal_tim.o
 .text.TIM_OC5_SetConfig
                0x00000000080071c0       0xa4 ./Drivers/STM32F7xx_HAL_Driver/Src/stm32f7xx_hal_tim.o
 .text.TIM_OC6_SetConfig
                0x0000000008007264       0xa8 ./Drivers/STM32F7xx_HAL_Driver/Src/stm32f7xx_hal_tim.o
 .text.TIM_TI1_ConfigInputStage
                0x000000000800730c       0x5e ./Drivers/STM32F7xx_HAL_Driver/Src/stm32f7xx_hal_tim.o
 .text.TIM_TI2_ConfigInputStage
                0x000000000800736a       0x60 ./Drivers/STM32F7xx_HAL_Driver/Src/stm32f7xx_hal_tim.o
 .text.TIM_ITRx_SetConfig
                0x00000000080073ca       0x36 ./Drivers/STM32F7xx_HAL_Driver/Src/stm32f7xx_hal_tim.o
 .text.TIM_ETR_SetConfig
                0x0000000008007400       0x40 ./Drivers/STM32F7xx_HAL_Driver/Src/stm32f7xx_hal_tim.o
                0x0000000008007400                TIM_ETR_SetConfig
 .text.HAL_TIMEx_MasterConfigSynchronization
                0x0000000008007440      0x11c ./Drivers/STM32F7xx_HAL_Driver/Src/stm32f7xx_hal_tim_ex.o
                0x0000000008007440                HAL_TIMEx_MasterConfigSynchronization
 .text.HAL_TIMEx_ConfigBreakDeadTime
                0x000000000800755c       0xfc ./Drivers/STM32F7xx_HAL_Driver/Src/stm32f7xx_hal_tim_ex.o
                0x000000000800755c                HAL_TIMEx_ConfigBreakDeadTime
 .text.HAL_TIMEx_CommutCallback
                0x0000000008007658       0x14 ./Drivers/STM32F7xx_HAL_Driver/Src/stm32f7xx_hal_tim_ex.o
                0x0000000008007658                HAL_TIMEx_CommutCallback
 .text.HAL_TIMEx_BreakCallback
                0x000000000800766c       0x14 ./Drivers/STM32F7xx_HAL_Driver/Src/stm32f7xx_hal_tim_ex.o
                0x000000000800766c                HAL_TIMEx_BreakCallback
 .text.HAL_TIMEx_Break2Callback
                0x0000000008007680       0x14 ./Drivers/STM32F7xx_HAL_Driver/Src/stm32f7xx_hal_tim_ex.o
                0x0000000008007680                HAL_TIMEx_Break2Callback
 .text.HAL_UART_Init
                0x0000000008007694       0x9c ./Drivers/STM32F7xx_HAL_Driver/Src/stm32f7xx_hal_uart.o
                0x0000000008007694                HAL_UART_Init
 .text.UART_SetConfig
                0x0000000008007730      0x4c8 ./Drivers/STM32F7xx_HAL_Driver/Src/stm32f7xx_hal_uart.o
                0x0000000008007730                UART_SetConfig
 .text.UART_AdvFeatureConfig
                0x0000000008007bf8      0x144 ./Drivers/STM32F7xx_HAL_Driver/Src/stm32f7xx_hal_uart.o
                0x0000000008007bf8                UART_AdvFeatureConfig
 .text.UART_CheckIdleState
                0x0000000008007d3c       0x66 ./Drivers/STM32F7xx_HAL_Driver/Src/stm32f7xx_hal_uart.o
                0x0000000008007d3c                UART_CheckIdleState
 .text.UART_WaitOnFlagUntilTimeout
                0x0000000008007da2      0x188 ./Drivers/STM32F7xx_HAL_Driver/Src/stm32f7xx_hal_uart.o
                0x0000000008007da2                UART_WaitOnFlagUntilTimeout
 *fill*         0x0000000008007f2a        0x2 
 .text.FMC_SDRAM_Init
                0x0000000008007f2c       0xb8 ./Drivers/STM32F7xx_HAL_Driver/Src/stm32f7xx_ll_fmc.o
                0x0000000008007f2c                FMC_SDRAM_Init
 .text.FMC_SDRAM_Timing_Init
                0x0000000008007fe4       0xd4 ./Drivers/STM32F7xx_HAL_Driver/Src/stm32f7xx_ll_fmc.o
                0x0000000008007fe4                FMC_SDRAM_Timing_Init
 .text.__libc_init_array
                0x00000000080080b8       0x48 c:/st/stm32cubeide_1.9.0/stm32cubeide/plugins/com.st.stm32cube.ide.mcu.externaltools.gnu-tools-for-stm32.10.3-2021.10.win32_1.0.0.202111181127/tools/bin/../lib/gcc/arm-none-eabi/10.3.1/../../../../arm-none-eabi/lib/thumb/v7e-m+fp/hard\libc_nano.a(lib_a-init.o)
                0x00000000080080b8                __libc_init_array
 .text.memset   0x0000000008008100       0x10 c:/st/stm32cubeide_1.9.0/stm32cubeide/plugins/com.st.stm32cube.ide.mcu.externaltools.gnu-tools-for-stm32.10.3-2021.10.win32_1.0.0.202111181127/tools/bin/../lib/gcc/arm-none-eabi/10.3.1/../../../../arm-none-eabi/lib/thumb/v7e-m+fp/hard\libc_nano.a(lib_a-memset.o)
                0x0000000008008100                memset
 *(.glue_7)
 .glue_7        0x0000000008008110        0x0 linker stubs
 *(.glue_7t)
 .glue_7t       0x0000000008008110        0x0 linker stubs
 *(.eh_frame)
 .eh_frame      0x0000000008008110        0x0 c:/st/stm32cubeide_1.9.0/stm32cubeide/plugins/com.st.stm32cube.ide.mcu.externaltools.gnu-tools-for-stm32.10.3-2021.10.win32_1.0.0.202111181127/tools/bin/../lib/gcc/arm-none-eabi/10.3.1/thumb/v7e-m+fp/hard/crtbegin.o
 *(.init)
 .init          0x0000000008008110        0x4 c:/st/stm32cubeide_1.9.0/stm32cubeide/plugins/com.st.stm32cube.ide.mcu.externaltools.gnu-tools-for-stm32.10.3-2021.10.win32_1.0.0.202111181127/tools/bin/../lib/gcc/arm-none-eabi/10.3.1/thumb/v7e-m+fp/hard/crti.o
                0x0000000008008110                _init
 .init          0x0000000008008114        0x8 c:/st/stm32cubeide_1.9.0/stm32cubeide/plugins/com.st.stm32cube.ide.mcu.externaltools.gnu-tools-for-stm32.10.3-2021.10.win32_1.0.0.202111181127/tools/bin/../lib/gcc/arm-none-eabi/10.3.1/thumb/v7e-m+fp/hard/crtn.o
 *(.fini)
 .fini          0x000000000800811c        0x4 c:/st/stm32cubeide_1.9.0/stm32cubeide/plugins/com.st.stm32cube.ide.mcu.externaltools.gnu-tools-for-stm32.10.3-2021.10.win32_1.0.0.202111181127/tools/bin/../lib/gcc/arm-none-eabi/10.3.1/thumb/v7e-m+fp/hard/crti.o
                0x000000000800811c                _fini
 .fini          0x0000000008008120        0x8 c:/st/stm32cubeide_1.9.0/stm32cubeide/plugins/com.st.stm32cube.ide.mcu.externaltools.gnu-tools-for-stm32.10.3-2021.10.win32_1.0.0.202111181127/tools/bin/../lib/gcc/arm-none-eabi/10.3.1/thumb/v7e-m+fp/hard/crtn.o
                0x0000000008008128                . = ALIGN (0x4)
                0x0000000008008128                _etext = .

.vfp11_veneer   0x0000000008008128        0x0
 .vfp11_veneer  0x0000000008008128        0x0 linker stubs

.v4_bx          0x0000000008008128        0x0
 .v4_bx         0x0000000008008128        0x0 linker stubs

.iplt           0x0000000008008128        0x0
 .iplt          0x0000000008008128        0x0 c:/st/stm32cubeide_1.9.0/stm32cubeide/plugins/com.st.stm32cube.ide.mcu.externaltools.gnu-tools-for-stm32.10.3-2021.10.win32_1.0.0.202111181127/tools/bin/../lib/gcc/arm-none-eabi/10.3.1/thumb/v7e-m+fp/hard/crtbegin.o

.rodata         0x0000000008008128       0x18
                0x0000000008008128                . = ALIGN (0x4)
 *(.rodata)
 *(.rodata*)
 .rodata.AHBPrescTable
                0x0000000008008128       0x10 ./Core/Src/system_stm32f7xx.o
                0x0000000008008128                AHBPrescTable
 .rodata.APBPrescTable
                0x0000000008008138        0x8 ./Core/Src/system_stm32f7xx.o
                0x0000000008008138                APBPrescTable
                0x0000000008008140                . = ALIGN (0x4)

.ARM.extab      0x0000000008008140        0x0
                0x0000000008008140                . = ALIGN (0x4)
 *(.ARM.extab* .gnu.linkonce.armextab.*)
                0x0000000008008140                . = ALIGN (0x4)

.ARM            0x0000000008008140        0x8
                0x0000000008008140                . = ALIGN (0x4)
                0x0000000008008140                __exidx_start = .
 *(.ARM.exidx*)
 .ARM.exidx     0x0000000008008140        0x8 c:/st/stm32cubeide_1.9.0/stm32cubeide/plugins/com.st.stm32cube.ide.mcu.externaltools.gnu-tools-for-stm32.10.3-2021.10.win32_1.0.0.202111181127/tools/bin/../lib/gcc/arm-none-eabi/10.3.1/thumb/v7e-m+fp/hard\libgcc.a(_udivmoddi4.o)
                0x0000000008008148                __exidx_end = .
                0x0000000008008148                . = ALIGN (0x4)

.rel.dyn        0x0000000008008148        0x0
 .rel.iplt      0x0000000008008148        0x0 c:/st/stm32cubeide_1.9.0/stm32cubeide/plugins/com.st.stm32cube.ide.mcu.externaltools.gnu-tools-for-stm32.10.3-2021.10.win32_1.0.0.202111181127/tools/bin/../lib/gcc/arm-none-eabi/10.3.1/thumb/v7e-m+fp/hard/crtbegin.o

.preinit_array  0x0000000008008148        0x0
                0x0000000008008148                . = ALIGN (0x4)
                0x0000000008008148                PROVIDE (__preinit_array_start = .)
 *(.preinit_array*)
                0x0000000008008148                PROVIDE (__preinit_array_end = .)
                0x0000000008008148                . = ALIGN (0x4)

.init_array     0x0000000008008148        0x4
                0x0000000008008148                . = ALIGN (0x4)
                0x0000000008008148                PROVIDE (__init_array_start = .)
 *(SORT_BY_NAME(.init_array.*))
 *(.init_array*)
 .init_array    0x0000000008008148        0x4 c:/st/stm32cubeide_1.9.0/stm32cubeide/plugins/com.st.stm32cube.ide.mcu.externaltools.gnu-tools-for-stm32.10.3-2021.10.win32_1.0.0.202111181127/tools/bin/../lib/gcc/arm-none-eabi/10.3.1/thumb/v7e-m+fp/hard/crtbegin.o
                0x000000000800814c                PROVIDE (__init_array_end = .)
                0x000000000800814c                . = ALIGN (0x4)

.fini_array     0x000000000800814c        0x4
                0x000000000800814c                . = ALIGN (0x4)
                [!provide]                        PROVIDE (__fini_array_start = .)
 *(SORT_BY_NAME(.fini_array.*))
 *(.fini_array*)
 .fini_array    0x000000000800814c        0x4 c:/st/stm32cubeide_1.9.0/stm32cubeide/plugins/com.st.stm32cube.ide.mcu.externaltools.gnu-tools-for-stm32.10.3-2021.10.win32_1.0.0.202111181127/tools/bin/../lib/gcc/arm-none-eabi/10.3.1/thumb/v7e-m+fp/hard/crtbegin.o
                [!provide]                        PROVIDE (__fini_array_end = .)
                0x0000000008008150                . = ALIGN (0x4)
                0x0000000008008150                _sidata = LOADADDR (.data)

.data           0x0000000020000000        0xc load address 0x0000000008008150
                0x0000000020000000                . = ALIGN (0x4)
                0x0000000020000000                _sdata = .
 *(.data)
 *(.data*)
 .data.SystemCoreClock
                0x0000000020000000        0x4 ./Core/Src/system_stm32f7xx.o
                0x0000000020000000                SystemCoreClock
 .data.uwTickPrio
                0x0000000020000004        0x4 ./Drivers/STM32F7xx_HAL_Driver/Src/stm32f7xx_hal.o
                0x0000000020000004                uwTickPrio
 .data.uwTickFreq
                0x0000000020000008        0x1 ./Drivers/STM32F7xx_HAL_Driver/Src/stm32f7xx_hal.o
                0x0000000020000008                uwTickFreq
 *(.RamFunc)
 *(.RamFunc*)
                0x000000002000000c                . = ALIGN (0x4)
 *fill*         0x0000000020000009        0x3 
                0x000000002000000c                _edata = .

.igot.plt       0x000000002000000c        0x0 load address 0x000000000800815c
 .igot.plt      0x000000002000000c        0x0 c:/st/stm32cubeide_1.9.0/stm32cubeide/plugins/com.st.stm32cube.ide.mcu.externaltools.gnu-tools-for-stm32.10.3-2021.10.win32_1.0.0.202111181127/tools/bin/../lib/gcc/arm-none-eabi/10.3.1/thumb/v7e-m+fp/hard/crtbegin.o
                0x000000002000000c                . = ALIGN (0x4)

.bss            0x000000002000000c      0x6bc load address 0x000000000800815c
                0x000000002000000c                _sbss = .
                0x000000002000000c                __bss_start__ = _sbss
 *(.bss)
 .bss           0x000000002000000c       0x1c c:/st/stm32cubeide_1.9.0/stm32cubeide/plugins/com.st.stm32cube.ide.mcu.externaltools.gnu-tools-for-stm32.10.3-2021.10.win32_1.0.0.202111181127/tools/bin/../lib/gcc/arm-none-eabi/10.3.1/thumb/v7e-m+fp/hard/crtbegin.o
 *(.bss*)
 .bss.hadc3     0x0000000020000028       0x48 ./Core/Src/main.o
                0x0000000020000028                hadc3
 .bss.hcrc      0x0000000020000070       0x24 ./Core/Src/main.o
                0x0000000020000070                hcrc
 .bss.hdcmi     0x0000000020000094       0x50 ./Core/Src/main.o
                0x0000000020000094                hdcmi
 .bss.hdma2d    0x00000000200000e4       0x40 ./Core/Src/main.o
                0x00000000200000e4                hdma2d
 .bss.hi2c3     0x0000000020000124       0x4c ./Core/Src/main.o
                0x0000000020000124                hi2c3
 .bss.hltdc     0x0000000020000170       0xa8 ./Core/Src/main.o
                0x0000000020000170                hltdc
 .bss.hrtc      0x0000000020000218       0x20 ./Core/Src/main.o
                0x0000000020000218                hrtc
 .bss.hsai_BlockA2
                0x0000000020000238       0x84 ./Core/Src/main.o
                0x0000000020000238                hsai_BlockA2
 .bss.hsai_BlockB2
                0x00000000200002bc       0x84 ./Core/Src/main.o
                0x00000000200002bc                hsai_BlockB2
 .bss.hspdif    0x0000000020000340       0x4c ./Core/Src/main.o
                0x0000000020000340                hspdif
 .bss.hspi2     0x000000002000038c       0x64 ./Core/Src/main.o
                0x000000002000038c                hspi2
 .bss.htim1     0x00000000200003f0       0x4c ./Core/Src/main.o
                0x00000000200003f0                htim1
 .bss.htim2     0x000000002000043c       0x4c ./Core/Src/main.o
                0x000000002000043c                htim2
 .bss.htim3     0x0000000020000488       0x4c ./Core/Src/main.o
                0x0000000020000488                htim3
 .bss.htim5     0x00000000200004d4       0x4c ./Core/Src/main.o
                0x00000000200004d4                htim5
 .bss.htim8     0x0000000020000520       0x4c ./Core/Src/main.o
                0x0000000020000520                htim8
 .bss.htim12    0x000000002000056c       0x4c ./Core/Src/main.o
                0x000000002000056c                htim12
 .bss.huart1    0x00000000200005b8       0x84 ./Core/Src/main.o
                0x00000000200005b8                huart1
 .bss.hsdram1   0x000000002000063c       0x34 ./Core/Src/main.o
                0x000000002000063c                hsdram1
 .bss.FMC_Initialized
                0x0000000020000670        0x4 ./Core/Src/stm32f7xx_hal_msp.o
 .bss.SAI2_client
                0x0000000020000674        0x4 ./Core/Src/stm32f7xx_hal_msp.o
 .bss.htim6     0x0000000020000678       0x4c ./Core/Src/stm32f7xx_hal_timebase_tim.o
                0x0000000020000678                htim6
 .bss.uwTick    0x00000000200006c4        0x4 ./Drivers/STM32F7xx_HAL_Driver/Src/stm32f7xx_hal.o
                0x00000000200006c4                uwTick
 *(COMMON)
                0x00000000200006c8                . = ALIGN (0x4)
                0x00000000200006c8                _ebss = .
                0x00000000200006c8                __bss_end__ = _ebss

._user_heap_stack
                0x00000000200006c8     0x2000 load address 0x000000000800815c
                0x00000000200006c8                . = ALIGN (0x8)
                [!provide]                        PROVIDE (end = .)
                0x00000000200006c8                PROVIDE (_end = .)
                0x00000000200016c8                . = (. + _Min_Heap_Size)
 *fill*         0x00000000200006c8     0x1000 
                0x00000000200026c8                . = (. + _Min_Stack_Size)
 *fill*         0x00000000200016c8     0x1000 
                0x00000000200026c8                . = ALIGN (0x8)

/DISCARD/
 libc.a(*)
 libm.a(*)
 libgcc.a(*)

.ARM.attributes
                0x0000000000000000       0x30
 *(.ARM.attributes)
 .ARM.attributes
                0x0000000000000000       0x1e c:/st/stm32cubeide_1.9.0/stm32cubeide/plugins/com.st.stm32cube.ide.mcu.externaltools.gnu-tools-for-stm32.10.3-2021.10.win32_1.0.0.202111181127/tools/bin/../lib/gcc/arm-none-eabi/10.3.1/thumb/v7e-m+fp/hard/crti.o
 .ARM.attributes
                0x000000000000001e       0x34 c:/st/stm32cubeide_1.9.0/stm32cubeide/plugins/com.st.stm32cube.ide.mcu.externaltools.gnu-tools-for-stm32.10.3-2021.10.win32_1.0.0.202111181127/tools/bin/../lib/gcc/arm-none-eabi/10.3.1/thumb/v7e-m+fp/hard/crtbegin.o
 .ARM.attributes
                0x0000000000000052       0x34 ./Core/Src/main.o
 .ARM.attributes
                0x0000000000000086       0x34 ./Core/Src/stm32f7xx_hal_msp.o
 .ARM.attributes
                0x00000000000000ba       0x34 ./Core/Src/stm32f7xx_hal_timebase_tim.o
 .ARM.attributes
                0x00000000000000ee       0x34 ./Core/Src/stm32f7xx_it.o
 .ARM.attributes
                0x0000000000000122       0x34 ./Core/Src/system_stm32f7xx.o
 .ARM.attributes
                0x0000000000000156       0x21 ./Core/Startup/startup_stm32f746nghx.o
 .ARM.attributes
                0x0000000000000177       0x34 ./Drivers/STM32F7xx_HAL_Driver/Src/stm32f7xx_hal.o
 .ARM.attributes
                0x00000000000001ab       0x34 ./Drivers/STM32F7xx_HAL_Driver/Src/stm32f7xx_hal_adc.o
 .ARM.attributes
                0x00000000000001df       0x34 ./Drivers/STM32F7xx_HAL_Driver/Src/stm32f7xx_hal_cortex.o
 .ARM.attributes
                0x0000000000000213       0x34 ./Drivers/STM32F7xx_HAL_Driver/Src/stm32f7xx_hal_crc.o
 .ARM.attributes
                0x0000000000000247       0x34 ./Drivers/STM32F7xx_HAL_Driver/Src/stm32f7xx_hal_crc_ex.o
 .ARM.attributes
                0x000000000000027b       0x34 ./Drivers/STM32F7xx_HAL_Driver/Src/stm32f7xx_hal_dcmi.o
 .ARM.attributes
                0x00000000000002af       0x34 ./Drivers/STM32F7xx_HAL_Driver/Src/stm32f7xx_hal_dma2d.o
 .ARM.attributes
                0x00000000000002e3       0x34 ./Drivers/STM32F7xx_HAL_Driver/Src/stm32f7xx_hal_gpio.o
 .ARM.attributes
                0x0000000000000317       0x34 ./Drivers/STM32F7xx_HAL_Driver/Src/stm32f7xx_hal_i2c.o
 .ARM.attributes
                0x000000000000034b       0x34 ./Drivers/STM32F7xx_HAL_Driver/Src/stm32f7xx_hal_i2c_ex.o
 .ARM.attributes
                0x000000000000037f       0x34 ./Drivers/STM32F7xx_HAL_Driver/Src/stm32f7xx_hal_ltdc.o
 .ARM.attributes
                0x00000000000003b3       0x34 ./Drivers/STM32F7xx_HAL_Driver/Src/stm32f7xx_hal_pwr.o
 .ARM.attributes
                0x00000000000003e7       0x34 ./Drivers/STM32F7xx_HAL_Driver/Src/stm32f7xx_hal_pwr_ex.o
 .ARM.attributes
                0x000000000000041b       0x34 ./Drivers/STM32F7xx_HAL_Driver/Src/stm32f7xx_hal_rcc.o
 .ARM.attributes
                0x000000000000044f       0x34 ./Drivers/STM32F7xx_HAL_Driver/Src/stm32f7xx_hal_rcc_ex.o
 .ARM.attributes
                0x0000000000000483       0x34 ./Drivers/STM32F7xx_HAL_Driver/Src/stm32f7xx_hal_rtc.o
 .ARM.attributes
                0x00000000000004b7       0x34 ./Drivers/STM32F7xx_HAL_Driver/Src/stm32f7xx_hal_rtc_ex.o
 .ARM.attributes
                0x00000000000004eb       0x34 ./Drivers/STM32F7xx_HAL_Driver/Src/stm32f7xx_hal_sai.o
 .ARM.attributes
                0x000000000000051f       0x34 ./Drivers/STM32F7xx_HAL_Driver/Src/stm32f7xx_hal_sdram.o
 .ARM.attributes
                0x0000000000000553       0x34 ./Drivers/STM32F7xx_HAL_Driver/Src/stm32f7xx_hal_spdifrx.o
 .ARM.attributes
                0x0000000000000587       0x34 ./Drivers/STM32F7xx_HAL_Driver/Src/stm32f7xx_hal_spi.o
 .ARM.attributes
                0x00000000000005bb       0x34 ./Drivers/STM32F7xx_HAL_Driver/Src/stm32f7xx_hal_tim.o
 .ARM.attributes
                0x00000000000005ef       0x34 ./Drivers/STM32F7xx_HAL_Driver/Src/stm32f7xx_hal_tim_ex.o
 .ARM.attributes
                0x0000000000000623       0x34 ./Drivers/STM32F7xx_HAL_Driver/Src/stm32f7xx_hal_uart.o
 .ARM.attributes
                0x0000000000000657       0x34 ./Drivers/STM32F7xx_HAL_Driver/Src/stm32f7xx_ll_fmc.o
 .ARM.attributes
                0x000000000000068b       0x34 c:/st/stm32cubeide_1.9.0/stm32cubeide/plugins/com.st.stm32cube.ide.mcu.externaltools.gnu-tools-for-stm32.10.3-2021.10.win32_1.0.0.202111181127/tools/bin/../lib/gcc/arm-none-eabi/10.3.1/../../../../arm-none-eabi/lib/thumb/v7e-m+fp/hard\libc_nano.a(lib_a-init.o)
 .ARM.attributes
                0x00000000000006bf       0x34 c:/st/stm32cubeide_1.9.0/stm32cubeide/plugins/com.st.stm32cube.ide.mcu.externaltools.gnu-tools-for-stm32.10.3-2021.10.win32_1.0.0.202111181127/tools/bin/../lib/gcc/arm-none-eabi/10.3.1/../../../../arm-none-eabi/lib/thumb/v7e-m+fp/hard\libc_nano.a(lib_a-memset.o)
 .ARM.attributes
                0x00000000000006f3       0x1e c:/st/stm32cubeide_1.9.0/stm32cubeide/plugins/com.st.stm32cube.ide.mcu.externaltools.gnu-tools-for-stm32.10.3-2021.10.win32_1.0.0.202111181127/tools/bin/../lib/gcc/arm-none-eabi/10.3.1/thumb/v7e-m+fp/hard\libgcc.a(_aeabi_uldivmod.o)
 .ARM.attributes
                0x0000000000000711       0x34 c:/st/stm32cubeide_1.9.0/stm32cubeide/plugins/com.st.stm32cube.ide.mcu.externaltools.gnu-tools-for-stm32.10.3-2021.10.win32_1.0.0.202111181127/tools/bin/../lib/gcc/arm-none-eabi/10.3.1/thumb/v7e-m+fp/hard\libgcc.a(_udivmoddi4.o)
 .ARM.attributes
                0x0000000000000745       0x1e c:/st/stm32cubeide_1.9.0/stm32cubeide/plugins/com.st.stm32cube.ide.mcu.externaltools.gnu-tools-for-stm32.10.3-2021.10.win32_1.0.0.202111181127/tools/bin/../lib/gcc/arm-none-eabi/10.3.1/thumb/v7e-m+fp/hard\libgcc.a(_dvmd_tls.o)
 .ARM.attributes
                0x0000000000000763       0x1e c:/st/stm32cubeide_1.9.0/stm32cubeide/plugins/com.st.stm32cube.ide.mcu.externaltools.gnu-tools-for-stm32.10.3-2021.10.win32_1.0.0.202111181127/tools/bin/../lib/gcc/arm-none-eabi/10.3.1/thumb/v7e-m+fp/hard/crtn.o
OUTPUT(realtimeOscilloscope.elf elf32-littlearm)
LOAD linker stubs
LOAD c:/st/stm32cubeide_1.9.0/stm32cubeide/plugins/com.st.stm32cube.ide.mcu.externaltools.gnu-tools-for-stm32.10.3-2021.10.win32_1.0.0.202111181127/tools/bin/../lib/gcc/arm-none-eabi/10.3.1/../../../../arm-none-eabi/lib/thumb/v7e-m+fp/hard\libc.a
LOAD c:/st/stm32cubeide_1.9.0/stm32cubeide/plugins/com.st.stm32cube.ide.mcu.externaltools.gnu-tools-for-stm32.10.3-2021.10.win32_1.0.0.202111181127/tools/bin/../lib/gcc/arm-none-eabi/10.3.1/../../../../arm-none-eabi/lib/thumb/v7e-m+fp/hard\libm.a
LOAD c:/st/stm32cubeide_1.9.0/stm32cubeide/plugins/com.st.stm32cube.ide.mcu.externaltools.gnu-tools-for-stm32.10.3-2021.10.win32_1.0.0.202111181127/tools/bin/../lib/gcc/arm-none-eabi/10.3.1/thumb/v7e-m+fp/hard\libgcc.a

.debug_info     0x0000000000000000    0x23fd2
 .debug_info    0x0000000000000000     0x3cd1 ./Core/Src/main.o
 .debug_info    0x0000000000003cd1     0x3ad6 ./Core/Src/stm32f7xx_hal_msp.o
 .debug_info    0x00000000000077a7      0xcf6 ./Core/Src/stm32f7xx_hal_timebase_tim.o
 .debug_info    0x000000000000849d      0xea0 ./Core/Src/stm32f7xx_it.o
 .debug_info    0x000000000000933d      0x72c ./Core/Src/system_stm32f7xx.o
 .debug_info    0x0000000000009a69       0x22 ./Core/Startup/startup_stm32f746nghx.o
 .debug_info    0x0000000000009a8b      0xa0c ./Drivers/STM32F7xx_HAL_Driver/Src/stm32f7xx_hal.o
 .debug_info    0x000000000000a497      0xd19 ./Drivers/STM32F7xx_HAL_Driver/Src/stm32f7xx_hal_adc.o
 .debug_info    0x000000000000b1b0     0x105a ./Drivers/STM32F7xx_HAL_Driver/Src/stm32f7xx_hal_cortex.o
 .debug_info    0x000000000000c20a      0x57c ./Drivers/STM32F7xx_HAL_Driver/Src/stm32f7xx_hal_crc.o
 .debug_info    0x000000000000c786      0x38f ./Drivers/STM32F7xx_HAL_Driver/Src/stm32f7xx_hal_crc_ex.o
 .debug_info    0x000000000000cb15      0xb92 ./Drivers/STM32F7xx_HAL_Driver/Src/stm32f7xx_hal_dcmi.o
 .debug_info    0x000000000000d6a7      0xf9f ./Drivers/STM32F7xx_HAL_Driver/Src/stm32f7xx_hal_dma2d.o
 .debug_info    0x000000000000e646      0x794 ./Drivers/STM32F7xx_HAL_Driver/Src/stm32f7xx_hal_gpio.o
 .debug_info    0x000000000000edda     0x2231 ./Drivers/STM32F7xx_HAL_Driver/Src/stm32f7xx_hal_i2c.o
 .debug_info    0x000000000001100b      0x9ba ./Drivers/STM32F7xx_HAL_Driver/Src/stm32f7xx_hal_i2c_ex.o
 .debug_info    0x00000000000119c5     0x1131 ./Drivers/STM32F7xx_HAL_Driver/Src/stm32f7xx_hal_ltdc.o
 .debug_info    0x0000000000012af6      0x978 ./Drivers/STM32F7xx_HAL_Driver/Src/stm32f7xx_hal_pwr.o
 .debug_info    0x000000000001346e      0x92e ./Drivers/STM32F7xx_HAL_Driver/Src/stm32f7xx_hal_pwr_ex.o
 .debug_info    0x0000000000013d9c      0x99c ./Drivers/STM32F7xx_HAL_Driver/Src/stm32f7xx_hal_rcc.o
 .debug_info    0x0000000000014738      0x764 ./Drivers/STM32F7xx_HAL_Driver/Src/stm32f7xx_hal_rcc_ex.o
 .debug_info    0x0000000000014e9c      0xd3f ./Drivers/STM32F7xx_HAL_Driver/Src/stm32f7xx_hal_rtc.o
 .debug_info    0x0000000000015bdb     0x1079 ./Drivers/STM32F7xx_HAL_Driver/Src/stm32f7xx_hal_rtc_ex.o
 .debug_info    0x0000000000016c54     0x1215 ./Drivers/STM32F7xx_HAL_Driver/Src/stm32f7xx_hal_sai.o
 .debug_info    0x0000000000017e69      0xf46 ./Drivers/STM32F7xx_HAL_Driver/Src/stm32f7xx_hal_sdram.o
 .debug_info    0x0000000000018daf      0xd95 ./Drivers/STM32F7xx_HAL_Driver/Src/stm32f7xx_hal_spdifrx.o
 .debug_info    0x0000000000019b44     0x1802 ./Drivers/STM32F7xx_HAL_Driver/Src/stm32f7xx_hal_spi.o
 .debug_info    0x000000000001b346     0x2cee ./Drivers/STM32F7xx_HAL_Driver/Src/stm32f7xx_hal_tim.o
 .debug_info    0x000000000001e034     0x16c6 ./Drivers/STM32F7xx_HAL_Driver/Src/stm32f7xx_hal_tim_ex.o
 .debug_info    0x000000000001f6fa     0x3ca3 ./Drivers/STM32F7xx_HAL_Driver/Src/stm32f7xx_hal_uart.o
 .debug_info    0x000000000002339d      0xc35 ./Drivers/STM32F7xx_HAL_Driver/Src/stm32f7xx_ll_fmc.o

.debug_abbrev   0x0000000000000000     0x3f1b
 .debug_abbrev  0x0000000000000000      0x2fb ./Core/Src/main.o
 .debug_abbrev  0x00000000000002fb      0x2d0 ./Core/Src/stm32f7xx_hal_msp.o
 .debug_abbrev  0x00000000000005cb      0x1d3 ./Core/Src/stm32f7xx_hal_timebase_tim.o
 .debug_abbrev  0x000000000000079e      0x1a2 ./Core/Src/stm32f7xx_it.o
 .debug_abbrev  0x0000000000000940      0x136 ./Core/Src/system_stm32f7xx.o
 .debug_abbrev  0x0000000000000a76       0x12 ./Core/Startup/startup_stm32f746nghx.o
 .debug_abbrev  0x0000000000000a88      0x20d ./Drivers/STM32F7xx_HAL_Driver/Src/stm32f7xx_hal.o
 .debug_abbrev  0x0000000000000c95      0x244 ./Drivers/STM32F7xx_HAL_Driver/Src/stm32f7xx_hal_adc.o
 .debug_abbrev  0x0000000000000ed9      0x316 ./Drivers/STM32F7xx_HAL_Driver/Src/stm32f7xx_hal_cortex.o
 .debug_abbrev  0x00000000000011ef      0x1d8 ./Drivers/STM32F7xx_HAL_Driver/Src/stm32f7xx_hal_crc.o
 .debug_abbrev  0x00000000000013c7      0x146 ./Drivers/STM32F7xx_HAL_Driver/Src/stm32f7xx_hal_crc_ex.o
 .debug_abbrev  0x000000000000150d      0x230 ./Drivers/STM32F7xx_HAL_Driver/Src/stm32f7xx_hal_dcmi.o
 .debug_abbrev  0x000000000000173d      0x22e ./Drivers/STM32F7xx_HAL_Driver/Src/stm32f7xx_hal_dma2d.o
 .debug_abbrev  0x000000000000196b      0x1c4 ./Drivers/STM32F7xx_HAL_Driver/Src/stm32f7xx_hal_gpio.o
 .debug_abbrev  0x0000000000001b2f      0x243 ./Drivers/STM32F7xx_HAL_Driver/Src/stm32f7xx_hal_i2c.o
 .debug_abbrev  0x0000000000001d72      0x18e ./Drivers/STM32F7xx_HAL_Driver/Src/stm32f7xx_hal_i2c_ex.o
 .debug_abbrev  0x0000000000001f00      0x20c ./Drivers/STM32F7xx_HAL_Driver/Src/stm32f7xx_hal_ltdc.o
 .debug_abbrev  0x000000000000210c      0x1b8 ./Drivers/STM32F7xx_HAL_Driver/Src/stm32f7xx_hal_pwr.o
 .debug_abbrev  0x00000000000022c4      0x1cb ./Drivers/STM32F7xx_HAL_Driver/Src/stm32f7xx_hal_pwr_ex.o
 .debug_abbrev  0x000000000000248f      0x27b ./Drivers/STM32F7xx_HAL_Driver/Src/stm32f7xx_hal_rcc.o
 .debug_abbrev  0x000000000000270a      0x1b9 ./Drivers/STM32F7xx_HAL_Driver/Src/stm32f7xx_hal_rcc_ex.o
 .debug_abbrev  0x00000000000028c3      0x1e9 ./Drivers/STM32F7xx_HAL_Driver/Src/stm32f7xx_hal_rtc.o
 .debug_abbrev  0x0000000000002aac      0x21a ./Drivers/STM32F7xx_HAL_Driver/Src/stm32f7xx_hal_rtc_ex.o
 .debug_abbrev  0x0000000000002cc6      0x262 ./Drivers/STM32F7xx_HAL_Driver/Src/stm32f7xx_hal_sai.o
 .debug_abbrev  0x0000000000002f28      0x230 ./Drivers/STM32F7xx_HAL_Driver/Src/stm32f7xx_hal_sdram.o
 .debug_abbrev  0x0000000000003158      0x249 ./Drivers/STM32F7xx_HAL_Driver/Src/stm32f7xx_hal_spdifrx.o
 .debug_abbrev  0x00000000000033a1      0x254 ./Drivers/STM32F7xx_HAL_Driver/Src/stm32f7xx_hal_spi.o
 .debug_abbrev  0x00000000000035f5      0x25d ./Drivers/STM32F7xx_HAL_Driver/Src/stm32f7xx_hal_tim.o
 .debug_abbrev  0x0000000000003852      0x265 ./Drivers/STM32F7xx_HAL_Driver/Src/stm32f7xx_hal_tim_ex.o
 .debug_abbrev  0x0000000000003ab7      0x2ce ./Drivers/STM32F7xx_HAL_Driver/Src/stm32f7xx_hal_uart.o
 .debug_abbrev  0x0000000000003d85      0x196 ./Drivers/STM32F7xx_HAL_Driver/Src/stm32f7xx_ll_fmc.o

.debug_aranges  0x0000000000000000     0x1e58
 .debug_aranges
                0x0000000000000000       0xd8 ./Core/Src/main.o
 .debug_aranges
                0x00000000000000d8      0x118 ./Core/Src/stm32f7xx_hal_msp.o
 .debug_aranges
                0x00000000000001f0       0x30 ./Core/Src/stm32f7xx_hal_timebase_tim.o
 .debug_aranges
                0x0000000000000220       0x78 ./Core/Src/stm32f7xx_it.o
 .debug_aranges
                0x0000000000000298       0x28 ./Core/Src/system_stm32f7xx.o
 .debug_aranges
                0x00000000000002c0       0x28 ./Core/Startup/startup_stm32f746nghx.o
 .debug_aranges
                0x00000000000002e8      0x100 ./Drivers/STM32F7xx_HAL_Driver/Src/stm32f7xx_hal.o
 .debug_aranges
                0x00000000000003e8       0xe8 ./Drivers/STM32F7xx_HAL_Driver/Src/stm32f7xx_hal_adc.o
 .debug_aranges
                0x00000000000004d0      0x118 ./Drivers/STM32F7xx_HAL_Driver/Src/stm32f7xx_hal_cortex.o
 .debug_aranges
                0x00000000000005e8       0x60 ./Drivers/STM32F7xx_HAL_Driver/Src/stm32f7xx_hal_crc.o
 .debug_aranges
                0x0000000000000648       0x30 ./Drivers/STM32F7xx_HAL_Driver/Src/stm32f7xx_hal_crc_ex.o
 .debug_aranges
                0x0000000000000678       0xc0 ./Drivers/STM32F7xx_HAL_Driver/Src/stm32f7xx_hal_dcmi.o
 .debug_aranges
                0x0000000000000738      0x118 ./Drivers/STM32F7xx_HAL_Driver/Src/stm32f7xx_hal_dma2d.o
 .debug_aranges
                0x0000000000000850       0x58 ./Drivers/STM32F7xx_HAL_Driver/Src/stm32f7xx_hal_gpio.o
 .debug_aranges
                0x00000000000008a8      0x290 ./Drivers/STM32F7xx_HAL_Driver/Src/stm32f7xx_hal_i2c.o
 .debug_aranges
                0x0000000000000b38       0x38 ./Drivers/STM32F7xx_HAL_Driver/Src/stm32f7xx_hal_i2c_ex.o
 .debug_aranges
                0x0000000000000b70      0x158 ./Drivers/STM32F7xx_HAL_Driver/Src/stm32f7xx_hal_ltdc.o
 .debug_aranges
                0x0000000000000cc8       0xa0 ./Drivers/STM32F7xx_HAL_Driver/Src/stm32f7xx_hal_pwr.o
 .debug_aranges
                0x0000000000000d68       0x80 ./Drivers/STM32F7xx_HAL_Driver/Src/stm32f7xx_hal_pwr_ex.o
 .debug_aranges
                0x0000000000000de8       0x88 ./Drivers/STM32F7xx_HAL_Driver/Src/stm32f7xx_hal_rcc.o
 .debug_aranges
                0x0000000000000e70       0x50 ./Drivers/STM32F7xx_HAL_Driver/Src/stm32f7xx_hal_rcc_ex.o
 .debug_aranges
                0x0000000000000ec0       0xe0 ./Drivers/STM32F7xx_HAL_Driver/Src/stm32f7xx_hal_rtc.o
 .debug_aranges
                0x0000000000000fa0      0x140 ./Drivers/STM32F7xx_HAL_Driver/Src/stm32f7xx_hal_rtc_ex.o
 .debug_aranges
                0x00000000000010e0      0x178 ./Drivers/STM32F7xx_HAL_Driver/Src/stm32f7xx_hal_sai.o
 .debug_aranges
                0x0000000000001258       0xe8 ./Drivers/STM32F7xx_HAL_Driver/Src/stm32f7xx_hal_sdram.o
 .debug_aranges
                0x0000000000001340       0xf8 ./Drivers/STM32F7xx_HAL_Driver/Src/stm32f7xx_hal_spdifrx.o
 .debug_aranges
                0x0000000000001438      0x1d8 ./Drivers/STM32F7xx_HAL_Driver/Src/stm32f7xx_hal_spi.o
 .debug_aranges
                0x0000000000001610      0x3e0 ./Drivers/STM32F7xx_HAL_Driver/Src/stm32f7xx_hal_tim.o
 .debug_aranges
                0x00000000000019f0      0x178 ./Drivers/STM32F7xx_HAL_Driver/Src/stm32f7xx_hal_tim_ex.o
 .debug_aranges
                0x0000000000001b68      0x228 ./Drivers/STM32F7xx_HAL_Driver/Src/stm32f7xx_hal_uart.o
 .debug_aranges
                0x0000000000001d90       0xc8 ./Drivers/STM32F7xx_HAL_Driver/Src/stm32f7xx_ll_fmc.o

.debug_ranges   0x0000000000000000     0x1cb8
 .debug_ranges  0x0000000000000000       0xc8 ./Core/Src/main.o
 .debug_ranges  0x00000000000000c8      0x108 ./Core/Src/stm32f7xx_hal_msp.o
 .debug_ranges  0x00000000000001d0       0x20 ./Core/Src/stm32f7xx_hal_timebase_tim.o
 .debug_ranges  0x00000000000001f0       0x68 ./Core/Src/stm32f7xx_it.o
 .debug_ranges  0x0000000000000258       0x18 ./Core/Src/system_stm32f7xx.o
 .debug_ranges  0x0000000000000270       0x20 ./Core/Startup/startup_stm32f746nghx.o
 .debug_ranges  0x0000000000000290       0xf0 ./Drivers/STM32F7xx_HAL_Driver/Src/stm32f7xx_hal.o
 .debug_ranges  0x0000000000000380       0xd8 ./Drivers/STM32F7xx_HAL_Driver/Src/stm32f7xx_hal_adc.o
 .debug_ranges  0x0000000000000458      0x108 ./Drivers/STM32F7xx_HAL_Driver/Src/stm32f7xx_hal_cortex.o
 .debug_ranges  0x0000000000000560       0x50 ./Drivers/STM32F7xx_HAL_Driver/Src/stm32f7xx_hal_crc.o
 .debug_ranges  0x00000000000005b0       0x20 ./Drivers/STM32F7xx_HAL_Driver/Src/stm32f7xx_hal_crc_ex.o
 .debug_ranges  0x00000000000005d0       0xb0 ./Drivers/STM32F7xx_HAL_Driver/Src/stm32f7xx_hal_dcmi.o
 .debug_ranges  0x0000000000000680      0x108 ./Drivers/STM32F7xx_HAL_Driver/Src/stm32f7xx_hal_dma2d.o
 .debug_ranges  0x0000000000000788       0x48 ./Drivers/STM32F7xx_HAL_Driver/Src/stm32f7xx_hal_gpio.o
 .debug_ranges  0x00000000000007d0      0x280 ./Drivers/STM32F7xx_HAL_Driver/Src/stm32f7xx_hal_i2c.o
 .debug_ranges  0x0000000000000a50       0x28 ./Drivers/STM32F7xx_HAL_Driver/Src/stm32f7xx_hal_i2c_ex.o
 .debug_ranges  0x0000000000000a78      0x148 ./Drivers/STM32F7xx_HAL_Driver/Src/stm32f7xx_hal_ltdc.o
 .debug_ranges  0x0000000000000bc0       0x90 ./Drivers/STM32F7xx_HAL_Driver/Src/stm32f7xx_hal_pwr.o
 .debug_ranges  0x0000000000000c50       0x70 ./Drivers/STM32F7xx_HAL_Driver/Src/stm32f7xx_hal_pwr_ex.o
 .debug_ranges  0x0000000000000cc0       0x78 ./Drivers/STM32F7xx_HAL_Driver/Src/stm32f7xx_hal_rcc.o
 .debug_ranges  0x0000000000000d38       0x40 ./Drivers/STM32F7xx_HAL_Driver/Src/stm32f7xx_hal_rcc_ex.o
 .debug_ranges  0x0000000000000d78       0xd0 ./Drivers/STM32F7xx_HAL_Driver/Src/stm32f7xx_hal_rtc.o
 .debug_ranges  0x0000000000000e48      0x130 ./Drivers/STM32F7xx_HAL_Driver/Src/stm32f7xx_hal_rtc_ex.o
 .debug_ranges  0x0000000000000f78      0x180 ./Drivers/STM32F7xx_HAL_Driver/Src/stm32f7xx_hal_sai.o
 .debug_ranges  0x00000000000010f8       0xd8 ./Drivers/STM32F7xx_HAL_Driver/Src/stm32f7xx_hal_sdram.o
 .debug_ranges  0x00000000000011d0       0xe8 ./Drivers/STM32F7xx_HAL_Driver/Src/stm32f7xx_hal_spdifrx.o
 .debug_ranges  0x00000000000012b8      0x1c8 ./Drivers/STM32F7xx_HAL_Driver/Src/stm32f7xx_hal_spi.o
 .debug_ranges  0x0000000000001480      0x3d0 ./Drivers/STM32F7xx_HAL_Driver/Src/stm32f7xx_hal_tim.o
 .debug_ranges  0x0000000000001850      0x168 ./Drivers/STM32F7xx_HAL_Driver/Src/stm32f7xx_hal_tim_ex.o
 .debug_ranges  0x00000000000019b8      0x248 ./Drivers/STM32F7xx_HAL_Driver/Src/stm32f7xx_hal_uart.o
 .debug_ranges  0x0000000000001c00       0xb8 ./Drivers/STM32F7xx_HAL_Driver/Src/stm32f7xx_ll_fmc.o

.debug_macro    0x0000000000000000    0x2b4d4
 .debug_macro   0x0000000000000000      0x2a9 ./Core/Src/main.o
 .debug_macro   0x00000000000002a9      0xa78 ./Core/Src/main.o
 .debug_macro   0x0000000000000d21      0x2cf ./Core/Src/main.o
 .debug_macro   0x0000000000000ff0       0x2e ./Core/Src/main.o
 .debug_macro   0x000000000000101e       0x3b ./Core/Src/main.o
 .debug_macro   0x0000000000001059       0x22 ./Core/Src/main.o
 .debug_macro   0x000000000000107b       0x8e ./Core/Src/main.o
 .debug_macro   0x0000000000001109       0x51 ./Core/Src/main.o
 .debug_macro   0x000000000000115a      0x103 ./Core/Src/main.o
 .debug_macro   0x000000000000125d       0x6a ./Core/Src/main.o
 .debug_macro   0x00000000000012c7      0x1df ./Core/Src/main.o
 .debug_macro   0x00000000000014a6       0x1c ./Core/Src/main.o
 .debug_macro   0x00000000000014c2       0x22 ./Core/Src/main.o
 .debug_macro   0x00000000000014e4       0xd9 ./Core/Src/main.o
 .debug_macro   0x00000000000015bd     0x12cd ./Core/Src/main.o
 .debug_macro   0x000000000000288a      0x11f ./Core/Src/main.o
 .debug_macro   0x00000000000029a9       0x19 ./Core/Src/main.o
 .debug_macro   0x00000000000029c2    0x191da ./Core/Src/main.o
 .debug_macro   0x000000000001bb9c       0x6d ./Core/Src/main.o
 .debug_macro   0x000000000001bc09     0x3714 ./Core/Src/main.o
 .debug_macro   0x000000000001f31d      0x174 ./Core/Src/main.o
 .debug_macro   0x000000000001f491       0x63 ./Core/Src/main.o
 .debug_macro   0x000000000001f4f4     0x18ad ./Core/Src/main.o
 .debug_macro   0x0000000000020da1      0x6c4 ./Core/Src/main.o
 .debug_macro   0x0000000000021465      0x185 ./Core/Src/main.o
 .debug_macro   0x00000000000215ea      0x115 ./Core/Src/main.o
 .debug_macro   0x00000000000216ff      0x1fd ./Core/Src/main.o
 .debug_macro   0x00000000000218fc       0xa5 ./Core/Src/main.o
 .debug_macro   0x00000000000219a1      0x24f ./Core/Src/main.o
 .debug_macro   0x0000000000021bf0       0x41 ./Core/Src/main.o
 .debug_macro   0x0000000000021c31       0x58 ./Core/Src/main.o
 .debug_macro   0x0000000000021c89      0x236 ./Core/Src/main.o
 .debug_macro   0x0000000000021ebf      0x416 ./Core/Src/main.o
 .debug_macro   0x00000000000222d5      0x153 ./Core/Src/main.o
 .debug_macro   0x0000000000022428      0x107 ./Core/Src/main.o
 .debug_macro   0x000000000002252f       0xc7 ./Core/Src/main.o
 .debug_macro   0x00000000000225f6       0x4c ./Core/Src/main.o
 .debug_macro   0x0000000000022642      0x208 ./Core/Src/main.o
 .debug_macro   0x000000000002284a      0x22c ./Core/Src/main.o
 .debug_macro   0x0000000000022a76      0x14e ./Core/Src/main.o
 .debug_macro   0x0000000000022bc4      0x25a ./Core/Src/main.o
 .debug_macro   0x0000000000022e1e       0x12 ./Core/Src/main.o
 .debug_macro   0x0000000000022e30      0x504 ./Core/Src/main.o
 .debug_macro   0x0000000000023334      0x22c ./Core/Src/main.o
 .debug_macro   0x0000000000023560       0x61 ./Core/Src/main.o
 .debug_macro   0x00000000000235c1       0xa5 ./Core/Src/main.o
 .debug_macro   0x0000000000023666      0x198 ./Core/Src/main.o
 .debug_macro   0x00000000000237fe       0xd6 ./Core/Src/main.o
 .debug_macro   0x00000000000238d4      0x12e ./Core/Src/main.o
 .debug_macro   0x0000000000023a02      0x108 ./Core/Src/main.o
 .debug_macro   0x0000000000023b0a       0x35 ./Core/Src/main.o
 .debug_macro   0x0000000000023b3f      0x313 ./Core/Src/main.o
 .debug_macro   0x0000000000023e52      0x4c9 ./Core/Src/main.o
 .debug_macro   0x000000000002431b       0xd6 ./Core/Src/main.o
 .debug_macro   0x00000000000243f1      0x447 ./Core/Src/main.o
 .debug_macro   0x0000000000024838      0x1ed ./Core/Src/main.o
 .debug_macro   0x0000000000024a25      0x2fe ./Core/Src/main.o
 .debug_macro   0x0000000000024d23      0xa60 ./Core/Src/main.o
 .debug_macro   0x0000000000025783       0x59 ./Core/Src/main.o
 .debug_macro   0x00000000000257dc      0x558 ./Core/Src/main.o
 .debug_macro   0x0000000000025d34       0x44 ./Core/Src/main.o
 .debug_macro   0x0000000000025d78      0x14d ./Core/Src/main.o
 .debug_macro   0x0000000000025ec5      0x89e ./Core/Src/main.o
 .debug_macro   0x0000000000026763      0x2a9 ./Core/Src/stm32f7xx_hal_msp.o
 .debug_macro   0x0000000000026a0c      0x29a ./Core/Src/stm32f7xx_hal_timebase_tim.o
 .debug_macro   0x0000000000026ca6      0x2b3 ./Core/Src/stm32f7xx_it.o
 .debug_macro   0x0000000000026f59      0x29a ./Core/Src/system_stm32f7xx.o
 .debug_macro   0x00000000000271f3      0x2be ./Drivers/STM32F7xx_HAL_Driver/Src/stm32f7xx_hal.o
 .debug_macro   0x00000000000274b1      0x29b ./Drivers/STM32F7xx_HAL_Driver/Src/stm32f7xx_hal_adc.o
 .debug_macro   0x000000000002774c      0x29a ./Drivers/STM32F7xx_HAL_Driver/Src/stm32f7xx_hal_cortex.o
 .debug_macro   0x00000000000279e6      0x29a ./Drivers/STM32F7xx_HAL_Driver/Src/stm32f7xx_hal_crc.o
 .debug_macro   0x0000000000027c80      0x29a ./Drivers/STM32F7xx_HAL_Driver/Src/stm32f7xx_hal_crc_ex.o
 .debug_macro   0x0000000000027f1a      0x2a1 ./Drivers/STM32F7xx_HAL_Driver/Src/stm32f7xx_hal_dcmi.o
 .debug_macro   0x00000000000281bb      0x2a9 ./Drivers/STM32F7xx_HAL_Driver/Src/stm32f7xx_hal_dma2d.o
 .debug_macro   0x0000000000028464      0x2a0 ./Drivers/STM32F7xx_HAL_Driver/Src/stm32f7xx_hal_gpio.o
 .debug_macro   0x0000000000028704      0x366 ./Drivers/STM32F7xx_HAL_Driver/Src/stm32f7xx_hal_i2c.o
 .debug_macro   0x0000000000028a6a      0x29a ./Drivers/STM32F7xx_HAL_Driver/Src/stm32f7xx_hal_i2c_ex.o
 .debug_macro   0x0000000000028d04      0x29b ./Drivers/STM32F7xx_HAL_Driver/Src/stm32f7xx_hal_ltdc.o
 .debug_macro   0x0000000000028f9f      0x2b8 ./Drivers/STM32F7xx_HAL_Driver/Src/stm32f7xx_hal_pwr.o
 .debug_macro   0x0000000000029257      0x2b2 ./Drivers/STM32F7xx_HAL_Driver/Src/stm32f7xx_hal_pwr_ex.o
 .debug_macro   0x0000000000029509      0x2be ./Drivers/STM32F7xx_HAL_Driver/Src/stm32f7xx_hal_rcc.o
 .debug_macro   0x00000000000297c7      0x29a ./Drivers/STM32F7xx_HAL_Driver/Src/stm32f7xx_hal_rcc_ex.o
 .debug_macro   0x0000000000029a61      0x29b ./Drivers/STM32F7xx_HAL_Driver/Src/stm32f7xx_hal_rtc.o
 .debug_macro   0x0000000000029cfc      0x29a ./Drivers/STM32F7xx_HAL_Driver/Src/stm32f7xx_hal_rtc_ex.o
 .debug_macro   0x0000000000029f96      0x2a9 ./Drivers/STM32F7xx_HAL_Driver/Src/stm32f7xx_hal_sai.o
 .debug_macro   0x000000000002a23f      0x29a ./Drivers/STM32F7xx_HAL_Driver/Src/stm32f7xx_hal_sdram.o
 .debug_macro   0x000000000002a4d9      0x2a2 ./Drivers/STM32F7xx_HAL_Driver/Src/stm32f7xx_hal_spdifrx.o
 .debug_macro   0x000000000002a77b      0x2a9 ./Drivers/STM32F7xx_HAL_Driver/Src/stm32f7xx_hal_spi.o
 .debug_macro   0x000000000002aa24      0x29b ./Drivers/STM32F7xx_HAL_Driver/Src/stm32f7xx_hal_tim.o
 .debug_macro   0x000000000002acbf      0x29a ./Drivers/STM32F7xx_HAL_Driver/Src/stm32f7xx_hal_tim_ex.o
 .debug_macro   0x000000000002af59      0x2b7 ./Drivers/STM32F7xx_HAL_Driver/Src/stm32f7xx_hal_uart.o
 .debug_macro   0x000000000002b210      0x2c4 ./Drivers/STM32F7xx_HAL_Driver/Src/stm32f7xx_ll_fmc.o

.debug_line     0x0000000000000000    0x259f0
 .debug_line    0x0000000000000000     0x11d4 ./Core/Src/main.o
 .debug_line    0x00000000000011d4      0xf73 ./Core/Src/stm32f7xx_hal_msp.o
 .debug_line    0x0000000000002147      0x8cb ./Core/Src/stm32f7xx_hal_timebase_tim.o
 .debug_line    0x0000000000002a12      0x971 ./Core/Src/stm32f7xx_it.o
 .debug_line    0x0000000000003383      0x8eb ./Core/Src/system_stm32f7xx.o
 .debug_line    0x0000000000003c6e       0x88 ./Core/Startup/startup_stm32f746nghx.o
 .debug_line    0x0000000000003cf6      0xb7c ./Drivers/STM32F7xx_HAL_Driver/Src/stm32f7xx_hal.o
 .debug_line    0x0000000000004872     0x13b4 ./Drivers/STM32F7xx_HAL_Driver/Src/stm32f7xx_hal_adc.o
 .debug_line    0x0000000000005c26      0xe02 ./Drivers/STM32F7xx_HAL_Driver/Src/stm32f7xx_hal_cortex.o
 .debug_line    0x0000000000006a28      0xbac ./Drivers/STM32F7xx_HAL_Driver/Src/stm32f7xx_hal_crc.o
 .debug_line    0x00000000000075d4      0x921 ./Drivers/STM32F7xx_HAL_Driver/Src/stm32f7xx_hal_crc_ex.o
 .debug_line    0x0000000000007ef5      0xfa0 ./Drivers/STM32F7xx_HAL_Driver/Src/stm32f7xx_hal_dcmi.o
 .debug_line    0x0000000000008e95     0x1308 ./Drivers/STM32F7xx_HAL_Driver/Src/stm32f7xx_hal_dma2d.o
 .debug_line    0x000000000000a19d      0xcf0 ./Drivers/STM32F7xx_HAL_Driver/Src/stm32f7xx_hal_gpio.o
 .debug_line    0x000000000000ae8d     0x3521 ./Drivers/STM32F7xx_HAL_Driver/Src/stm32f7xx_hal_i2c.o
 .debug_line    0x000000000000e3ae      0x9a7 ./Drivers/STM32F7xx_HAL_Driver/Src/stm32f7xx_hal_i2c_ex.o
 .debug_line    0x000000000000ed55     0x1866 ./Drivers/STM32F7xx_HAL_Driver/Src/stm32f7xx_hal_ltdc.o
 .debug_line    0x00000000000105bb      0xa80 ./Drivers/STM32F7xx_HAL_Driver/Src/stm32f7xx_hal_pwr.o
 .debug_line    0x000000000001103b      0xaf1 ./Drivers/STM32F7xx_HAL_Driver/Src/stm32f7xx_hal_pwr_ex.o
 .debug_line    0x0000000000011b2c      0xfbd ./Drivers/STM32F7xx_HAL_Driver/Src/stm32f7xx_hal_rcc.o
 .debug_line    0x0000000000012ae9      0xf78 ./Drivers/STM32F7xx_HAL_Driver/Src/stm32f7xx_hal_rcc_ex.o
 .debug_line    0x0000000000013a61     0x12a9 ./Drivers/STM32F7xx_HAL_Driver/Src/stm32f7xx_hal_rtc.o
 .debug_line    0x0000000000014d0a     0x1754 ./Drivers/STM32F7xx_HAL_Driver/Src/stm32f7xx_hal_rtc_ex.o
 .debug_line    0x000000000001645e     0x1adc ./Drivers/STM32F7xx_HAL_Driver/Src/stm32f7xx_hal_sai.o
 .debug_line    0x0000000000017f3a      0xf53 ./Drivers/STM32F7xx_HAL_Driver/Src/stm32f7xx_hal_sdram.o
 .debug_line    0x0000000000018e8d     0x116b ./Drivers/STM32F7xx_HAL_Driver/Src/stm32f7xx_hal_spdifrx.o
 .debug_line    0x0000000000019ff8     0x20da ./Drivers/STM32F7xx_HAL_Driver/Src/stm32f7xx_hal_spi.o
 .debug_line    0x000000000001c0d2     0x3d7c ./Drivers/STM32F7xx_HAL_Driver/Src/stm32f7xx_hal_tim.o
 .debug_line    0x000000000001fe4e     0x1c72 ./Drivers/STM32F7xx_HAL_Driver/Src/stm32f7xx_hal_tim_ex.o
 .debug_line    0x0000000000021ac0     0x3346 ./Drivers/STM32F7xx_HAL_Driver/Src/stm32f7xx_hal_uart.o
 .debug_line    0x0000000000024e06      0xbea ./Drivers/STM32F7xx_HAL_Driver/Src/stm32f7xx_ll_fmc.o

.debug_str      0x0000000000000000   0x10a995
 .debug_str     0x0000000000000000   0x1038a9 ./Core/Src/main.o
                                     0x1042dd (size before relaxing)
 .debug_str     0x00000000001038a9      0x8a1 ./Core/Src/stm32f7xx_hal_msp.o
                                     0x10423a (size before relaxing)
 .debug_str     0x000000000010414a       0xda ./Core/Src/stm32f7xx_hal_timebase_tim.o
                                     0x10073b (size before relaxing)
 .debug_str     0x0000000000104224      0x10d ./Core/Src/stm32f7xx_it.o
                                     0x1023e6 (size before relaxing)
 .debug_str     0x0000000000104331      0x1a4 ./Core/Src/system_stm32f7xx.o
                                      0xffc38 (size before relaxing)
 .debug_str     0x00000000001044d5       0x36 ./Core/Startup/startup_stm32f746nghx.o
                                         0x94 (size before relaxing)
 .debug_str     0x000000000010450b      0x3d3 ./Drivers/STM32F7xx_HAL_Driver/Src/stm32f7xx_hal.o
                                     0x1005a1 (size before relaxing)
 .debug_str     0x00000000001048de      0x2bd ./Drivers/STM32F7xx_HAL_Driver/Src/stm32f7xx_hal_adc.o
                                     0x100131 (size before relaxing)
 .debug_str     0x0000000000104b9b      0x31c ./Drivers/STM32F7xx_HAL_Driver/Src/stm32f7xx_hal_cortex.o
                                     0x10058c (size before relaxing)
 .debug_str     0x0000000000104eb7       0xcc ./Drivers/STM32F7xx_HAL_Driver/Src/stm32f7xx_hal_crc.o
                                      0xffc73 (size before relaxing)
 .debug_str     0x0000000000104f83       0x69 ./Drivers/STM32F7xx_HAL_Driver/Src/stm32f7xx_hal_crc_ex.o
                                      0xffc2d (size before relaxing)
 .debug_str     0x0000000000104fec      0x27f ./Drivers/STM32F7xx_HAL_Driver/Src/stm32f7xx_hal_dcmi.o
                                     0x100172 (size before relaxing)
 .debug_str     0x000000000010526b      0x36d ./Drivers/STM32F7xx_HAL_Driver/Src/stm32f7xx_hal_dma2d.o
                                     0x10014b (size before relaxing)
 .debug_str     0x00000000001055d8      0x105 ./Drivers/STM32F7xx_HAL_Driver/Src/stm32f7xx_hal_gpio.o
                                      0xffcf6 (size before relaxing)
 .debug_str     0x00000000001056dd      0xd9d ./Drivers/STM32F7xx_HAL_Driver/Src/stm32f7xx_hal_i2c.o
                                     0x100e0f (size before relaxing)
 .debug_str     0x000000000010647a       0x89 ./Drivers/STM32F7xx_HAL_Driver/Src/stm32f7xx_hal_i2c_ex.o
                                     0x1000de (size before relaxing)
 .debug_str     0x0000000000106503      0x430 ./Drivers/STM32F7xx_HAL_Driver/Src/stm32f7xx_hal_ltdc.o
                                     0x10018f (size before relaxing)
 .debug_str     0x0000000000106933      0x2ac ./Drivers/STM32F7xx_HAL_Driver/Src/stm32f7xx_hal_pwr.o
                                      0xffed9 (size before relaxing)
 .debug_str     0x0000000000106bdf      0x1bd ./Drivers/STM32F7xx_HAL_Driver/Src/stm32f7xx_hal_pwr_ex.o
                                      0xffea7 (size before relaxing)
 .debug_str     0x0000000000106d9c      0x211 ./Drivers/STM32F7xx_HAL_Driver/Src/stm32f7xx_hal_rcc.o
                                      0xfff9a (size before relaxing)
 .debug_str     0x0000000000106fad      0x147 ./Drivers/STM32F7xx_HAL_Driver/Src/stm32f7xx_hal_rcc_ex.o
                                      0xffed2 (size before relaxing)
 .debug_str     0x00000000001070f4      0x213 ./Drivers/STM32F7xx_HAL_Driver/Src/stm32f7xx_hal_rtc.o
                                      0xffff6 (size before relaxing)
 .debug_str     0x0000000000107307      0x587 ./Drivers/STM32F7xx_HAL_Driver/Src/stm32f7xx_hal_rtc_ex.o
                                     0x100316 (size before relaxing)
 .debug_str     0x000000000010788e      0x3e2 ./Drivers/STM32F7xx_HAL_Driver/Src/stm32f7xx_hal_sai.o
                                     0x10036d (size before relaxing)
 .debug_str     0x0000000000107c70      0x3cd ./Drivers/STM32F7xx_HAL_Driver/Src/stm32f7xx_hal_sdram.o
                                     0x100285 (size before relaxing)
 .debug_str     0x000000000010803d      0x300 ./Drivers/STM32F7xx_HAL_Driver/Src/stm32f7xx_hal_spdifrx.o
                                     0x1001c7 (size before relaxing)
 .debug_str     0x000000000010833d      0x58c ./Drivers/STM32F7xx_HAL_Driver/Src/stm32f7xx_hal_spi.o
                                     0x100478 (size before relaxing)
 .debug_str     0x00000000001088c9      0xd2d ./Drivers/STM32F7xx_HAL_Driver/Src/stm32f7xx_hal_tim.o
                                     0x100f4b (size before relaxing)
 .debug_str     0x00000000001095f6      0x402 ./Drivers/STM32F7xx_HAL_Driver/Src/stm32f7xx_hal_tim_ex.o
                                     0x1007a1 (size before relaxing)
 .debug_str     0x00000000001099f8      0x83e ./Drivers/STM32F7xx_HAL_Driver/Src/stm32f7xx_hal_uart.o
                                     0x1008bf (size before relaxing)
 .debug_str     0x000000000010a236      0x75f ./Drivers/STM32F7xx_HAL_Driver/Src/stm32f7xx_ll_fmc.o
                                     0x100449 (size before relaxing)

.comment        0x0000000000000000       0x50
 .comment       0x0000000000000000       0x50 ./Core/Src/main.o
                                         0x51 (size before relaxing)
 .comment       0x0000000000000050       0x51 ./Core/Src/stm32f7xx_hal_msp.o
 .comment       0x0000000000000050       0x51 ./Core/Src/stm32f7xx_hal_timebase_tim.o
 .comment       0x0000000000000050       0x51 ./Core/Src/stm32f7xx_it.o
 .comment       0x0000000000000050       0x51 ./Core/Src/system_stm32f7xx.o
 .comment       0x0000000000000050       0x51 ./Drivers/STM32F7xx_HAL_Driver/Src/stm32f7xx_hal.o
 .comment       0x0000000000000050       0x51 ./Drivers/STM32F7xx_HAL_Driver/Src/stm32f7xx_hal_adc.o
 .comment       0x0000000000000050       0x51 ./Drivers/STM32F7xx_HAL_Driver/Src/stm32f7xx_hal_cortex.o
 .comment       0x0000000000000050       0x51 ./Drivers/STM32F7xx_HAL_Driver/Src/stm32f7xx_hal_crc.o
 .comment       0x0000000000000050       0x51 ./Drivers/STM32F7xx_HAL_Driver/Src/stm32f7xx_hal_crc_ex.o
 .comment       0x0000000000000050       0x51 ./Drivers/STM32F7xx_HAL_Driver/Src/stm32f7xx_hal_dcmi.o
 .comment       0x0000000000000050       0x51 ./Drivers/STM32F7xx_HAL_Driver/Src/stm32f7xx_hal_dma2d.o
 .comment       0x0000000000000050       0x51 ./Drivers/STM32F7xx_HAL_Driver/Src/stm32f7xx_hal_gpio.o
 .comment       0x0000000000000050       0x51 ./Drivers/STM32F7xx_HAL_Driver/Src/stm32f7xx_hal_i2c.o
 .comment       0x0000000000000050       0x51 ./Drivers/STM32F7xx_HAL_Driver/Src/stm32f7xx_hal_i2c_ex.o
 .comment       0x0000000000000050       0x51 ./Drivers/STM32F7xx_HAL_Driver/Src/stm32f7xx_hal_ltdc.o
 .comment       0x0000000000000050       0x51 ./Drivers/STM32F7xx_HAL_Driver/Src/stm32f7xx_hal_pwr.o
 .comment       0x0000000000000050       0x51 ./Drivers/STM32F7xx_HAL_Driver/Src/stm32f7xx_hal_pwr_ex.o
 .comment       0x0000000000000050       0x51 ./Drivers/STM32F7xx_HAL_Driver/Src/stm32f7xx_hal_rcc.o
 .comment       0x0000000000000050       0x51 ./Drivers/STM32F7xx_HAL_Driver/Src/stm32f7xx_hal_rcc_ex.o
 .comment       0x0000000000000050       0x51 ./Drivers/STM32F7xx_HAL_Driver/Src/stm32f7xx_hal_rtc.o
 .comment       0x0000000000000050       0x51 ./Drivers/STM32F7xx_HAL_Driver/Src/stm32f7xx_hal_rtc_ex.o
 .comment       0x0000000000000050       0x51 ./Drivers/STM32F7xx_HAL_Driver/Src/stm32f7xx_hal_sai.o
 .comment       0x0000000000000050       0x51 ./Drivers/STM32F7xx_HAL_Driver/Src/stm32f7xx_hal_sdram.o
 .comment       0x0000000000000050       0x51 ./Drivers/STM32F7xx_HAL_Driver/Src/stm32f7xx_hal_spdifrx.o
 .comment       0x0000000000000050       0x51 ./Drivers/STM32F7xx_HAL_Driver/Src/stm32f7xx_hal_spi.o
 .comment       0x0000000000000050       0x51 ./Drivers/STM32F7xx_HAL_Driver/Src/stm32f7xx_hal_tim.o
 .comment       0x0000000000000050       0x51 ./Drivers/STM32F7xx_HAL_Driver/Src/stm32f7xx_hal_tim_ex.o
 .comment       0x0000000000000050       0x51 ./Drivers/STM32F7xx_HAL_Driver/Src/stm32f7xx_hal_uart.o
 .comment       0x0000000000000050       0x51 ./Drivers/STM32F7xx_HAL_Driver/Src/stm32f7xx_ll_fmc.o

.debug_frame    0x0000000000000000     0x82c4
 .debug_frame   0x0000000000000000      0x320 ./Core/Src/main.o
 .debug_frame   0x0000000000000320      0x4b4 ./Core/Src/stm32f7xx_hal_msp.o
 .debug_frame   0x00000000000007d4       0x74 ./Core/Src/stm32f7xx_hal_timebase_tim.o
 .debug_frame   0x0000000000000848      0x15c ./Core/Src/stm32f7xx_it.o
 .debug_frame   0x00000000000009a4       0x58 ./Core/Src/system_stm32f7xx.o
 .debug_frame   0x00000000000009fc      0x3b4 ./Drivers/STM32F7xx_HAL_Driver/Src/stm32f7xx_hal.o
 .debug_frame   0x0000000000000db0      0x3fc ./Drivers/STM32F7xx_HAL_Driver/Src/stm32f7xx_hal_adc.o
 .debug_frame   0x00000000000011ac      0x498 ./Drivers/STM32F7xx_HAL_Driver/Src/stm32f7xx_hal_cortex.o
 .debug_frame   0x0000000000001644      0x168 ./Drivers/STM32F7xx_HAL_Driver/Src/stm32f7xx_hal_crc.o
 .debug_frame   0x00000000000017ac       0x88 ./Drivers/STM32F7xx_HAL_Driver/Src/stm32f7xx_hal_crc_ex.o
 .debug_frame   0x0000000000001834      0x348 ./Drivers/STM32F7xx_HAL_Driver/Src/stm32f7xx_hal_dcmi.o
 .debug_frame   0x0000000000001b7c      0x4e0 ./Drivers/STM32F7xx_HAL_Driver/Src/stm32f7xx_hal_dma2d.o
 .debug_frame   0x000000000000205c      0x14c ./Drivers/STM32F7xx_HAL_Driver/Src/stm32f7xx_hal_gpio.o
 .debug_frame   0x00000000000021a8      0xbe8 ./Drivers/STM32F7xx_HAL_Driver/Src/stm32f7xx_hal_i2c.o
 .debug_frame   0x0000000000002d90       0xb0 ./Drivers/STM32F7xx_HAL_Driver/Src/stm32f7xx_hal_i2c_ex.o
 .debug_frame   0x0000000000002e40      0x61c ./Drivers/STM32F7xx_HAL_Driver/Src/stm32f7xx_hal_ltdc.o
 .debug_frame   0x000000000000345c      0x254 ./Drivers/STM32F7xx_HAL_Driver/Src/stm32f7xx_hal_pwr.o
 .debug_frame   0x00000000000036b0      0x1c8 ./Drivers/STM32F7xx_HAL_Driver/Src/stm32f7xx_hal_pwr_ex.o
 .debug_frame   0x0000000000003878      0x1f8 ./Drivers/STM32F7xx_HAL_Driver/Src/stm32f7xx_hal_rcc.o
 .debug_frame   0x0000000000003a70      0x118 ./Drivers/STM32F7xx_HAL_Driver/Src/stm32f7xx_hal_rcc_ex.o
 .debug_frame   0x0000000000003b88      0x3d0 ./Drivers/STM32F7xx_HAL_Driver/Src/stm32f7xx_hal_rtc.o
 .debug_frame   0x0000000000003f58      0x59c ./Drivers/STM32F7xx_HAL_Driver/Src/stm32f7xx_hal_rtc_ex.o
 .debug_frame   0x00000000000044f4      0x698 ./Drivers/STM32F7xx_HAL_Driver/Src/stm32f7xx_hal_sai.o
 .debug_frame   0x0000000000004b8c      0x3e8 ./Drivers/STM32F7xx_HAL_Driver/Src/stm32f7xx_hal_sdram.o
 .debug_frame   0x0000000000004f74      0x440 ./Drivers/STM32F7xx_HAL_Driver/Src/stm32f7xx_hal_spdifrx.o
 .debug_frame   0x00000000000053b4      0x860 ./Drivers/STM32F7xx_HAL_Driver/Src/stm32f7xx_hal_spi.o
 .debug_frame   0x0000000000005c14     0x121c ./Drivers/STM32F7xx_HAL_Driver/Src/stm32f7xx_hal_tim.o
 .debug_frame   0x0000000000006e30      0x688 ./Drivers/STM32F7xx_HAL_Driver/Src/stm32f7xx_hal_tim_ex.o
 .debug_frame   0x00000000000074b8      0x9e4 ./Drivers/STM32F7xx_HAL_Driver/Src/stm32f7xx_hal_uart.o
 .debug_frame   0x0000000000007e9c      0x37c ./Drivers/STM32F7xx_HAL_Driver/Src/stm32f7xx_ll_fmc.o
 .debug_frame   0x0000000000008218       0x2c c:/st/stm32cubeide_1.9.0/stm32cubeide/plugins/com.st.stm32cube.ide.mcu.externaltools.gnu-tools-for-stm32.10.3-2021.10.win32_1.0.0.202111181127/tools/bin/../lib/gcc/arm-none-eabi/10.3.1/../../../../arm-none-eabi/lib/thumb/v7e-m+fp/hard\libc_nano.a(lib_a-init.o)
 .debug_frame   0x0000000000008244       0x20 c:/st/stm32cubeide_1.9.0/stm32cubeide/plugins/com.st.stm32cube.ide.mcu.externaltools.gnu-tools-for-stm32.10.3-2021.10.win32_1.0.0.202111181127/tools/bin/../lib/gcc/arm-none-eabi/10.3.1/../../../../arm-none-eabi/lib/thumb/v7e-m+fp/hard\libc_nano.a(lib_a-memset.o)
 .debug_frame   0x0000000000008264       0x2c c:/st/stm32cubeide_1.9.0/stm32cubeide/plugins/com.st.stm32cube.ide.mcu.externaltools.gnu-tools-for-stm32.10.3-2021.10.win32_1.0.0.202111181127/tools/bin/../lib/gcc/arm-none-eabi/10.3.1/thumb/v7e-m+fp/hard\libgcc.a(_aeabi_uldivmod.o)
 .debug_frame   0x0000000000008290       0x34 c:/st/stm32cubeide_1.9.0/stm32cubeide/plugins/com.st.stm32cube.ide.mcu.externaltools.gnu-tools-for-stm32.10.3-2021.10.win32_1.0.0.202111181127/tools/bin/../lib/gcc/arm-none-eabi/10.3.1/thumb/v7e-m+fp/hard\libgcc.a(_udivmoddi4.o)