Archive member included to satisfy reference by file (symbol)

c:/st/stm32cubeide_1.9.0/stm32cubeide/plugins/com.st.stm32cube.ide.mcu.externaltools.gnu-tools-for-stm32.10.3-2021.10.win32_1.0.0.202111181127/tools/bin/../lib/gcc/arm-none-eabi/10.3.1/../../../../arm-none-eabi/lib/thumb/v7e-m+fp/hard\libc_nano.a(lib_a-errno.o)
                              ./Core/Src/syscalls.o (__errno)
c:/st/stm32cubeide_1.9.0/stm32cubeide/plugins/com.st.stm32cube.ide.mcu.externaltools.gnu-tools-for-stm32.10.3-2021.10.win32_1.0.0.202111181127/tools/bin/../lib/gcc/arm-none-eabi/10.3.1/../../../../arm-none-eabi/lib/thumb/v7e-m+fp/hard\libc_nano.a(lib_a-exit.o)
                              c:/st/stm32cubeide_1.9.0/stm32cubeide/plugins/com.st.stm32cube.ide.mcu.externaltools.gnu-tools-for-stm32.10.3-2021.10.win32_1.0.0.202111181127/tools/bin/../lib/gcc/arm-none-eabi/10.3.1/../../../../arm-none-eabi/lib/thumb/v7e-m+fp/hard/crt0.o (exit)
c:/st/stm32cubeide_1.9.0/stm32cubeide/plugins/com.st.stm32cube.ide.mcu.externaltools.gnu-tools-for-stm32.10.3-2021.10.win32_1.0.0.202111181127/tools/bin/../lib/gcc/arm-none-eabi/10.3.1/../../../../arm-none-eabi/lib/thumb/v7e-m+fp/hard\libc_nano.a(lib_a-impure.o)
                              c:/st/stm32cubeide_1.9.0/stm32cubeide/plugins/com.st.stm32cube.ide.mcu.externaltools.gnu-tools-for-stm32.10.3-2021.10.win32_1.0.0.202111181127/tools/bin/../lib/gcc/arm-none-eabi/10.3.1/../../../../arm-none-eabi/lib/thumb/v7e-m+fp/hard\libc_nano.a(lib_a-exit.o) (_global_impure_ptr)
c:/st/stm32cubeide_1.9.0/stm32cubeide/plugins/com.st.stm32cube.ide.mcu.externaltools.gnu-tools-for-stm32.10.3-2021.10.win32_1.0.0.202111181127/tools/bin/../lib/gcc/arm-none-eabi/10.3.1/../../../../arm-none-eabi/lib/thumb/v7e-m+fp/hard\libc_nano.a(lib_a-init.o)
                              c:/st/stm32cubeide_1.9.0/stm32cubeide/plugins/com.st.stm32cube.ide.mcu.externaltools.gnu-tools-for-stm32.10.3-2021.10.win32_1.0.0.202111181127/tools/bin/../lib/gcc/arm-none-eabi/10.3.1/../../../../arm-none-eabi/lib/thumb/v7e-m+fp/hard/crt0.o (__libc_init_array)
c:/st/stm32cubeide_1.9.0/stm32cubeide/plugins/com.st.stm32cube.ide.mcu.externaltools.gnu-tools-for-stm32.10.3-2021.10.win32_1.0.0.202111181127/tools/bin/../lib/gcc/arm-none-eabi/10.3.1/../../../../arm-none-eabi/lib/thumb/v7e-m+fp/hard\libc_nano.a(lib_a-memset.o)
                              c:/st/stm32cubeide_1.9.0/stm32cubeide/plugins/com.st.stm32cube.ide.mcu.externaltools.gnu-tools-for-stm32.10.3-2021.10.win32_1.0.0.202111181127/tools/bin/../lib/gcc/arm-none-eabi/10.3.1/../../../../arm-none-eabi/lib/thumb/v7e-m+fp/hard/crt0.o (memset)
c:/st/stm32cubeide_1.9.0/stm32cubeide/plugins/com.st.stm32cube.ide.mcu.externaltools.gnu-tools-for-stm32.10.3-2021.10.win32_1.0.0.202111181127/tools/bin/../lib/gcc/arm-none-eabi/10.3.1/thumb/v7e-m+fp/hard\libgcc.a(_aeabi_uldivmod.o)
                              ./Drivers/STM32F7xx_HAL_Driver/Src/stm32f7xx_hal_rcc.o (__aeabi_uldivmod)
c:/st/stm32cubeide_1.9.0/stm32cubeide/plugins/com.st.stm32cube.ide.mcu.externaltools.gnu-tools-for-stm32.10.3-2021.10.win32_1.0.0.202111181127/tools/bin/../lib/gcc/arm-none-eabi/10.3.1/thumb/v7e-m+fp/hard\libgcc.a(_udivmoddi4.o)
                              c:/st/stm32cubeide_1.9.0/stm32cubeide/plugins/com.st.stm32cube.ide.mcu.externaltools.gnu-tools-for-stm32.10.3-2021.10.win32_1.0.0.202111181127/tools/bin/../lib/gcc/arm-none-eabi/10.3.1/thumb/v7e-m+fp/hard\libgcc.a(_aeabi_uldivmod.o) (__udivmoddi4)
c:/st/stm32cubeide_1.9.0/stm32cubeide/plugins/com.st.stm32cube.ide.mcu.externaltools.gnu-tools-for-stm32.10.3-2021.10.win32_1.0.0.202111181127/tools/bin/../lib/gcc/arm-none-eabi/10.3.1/thumb/v7e-m+fp/hard\libgcc.a(_dvmd_tls.o)
                              c:/st/stm32cubeide_1.9.0/stm32cubeide/plugins/com.st.stm32cube.ide.mcu.externaltools.gnu-tools-for-stm32.10.3-2021.10.win32_1.0.0.202111181127/tools/bin/../lib/gcc/arm-none-eabi/10.3.1/thumb/v7e-m+fp/hard\libgcc.a(_aeabi_uldivmod.o) (__aeabi_ldiv0)

Discarded input sections

 .text          0x0000000000000000        0x0 c:/st/stm32cubeide_1.9.0/stm32cubeide/plugins/com.st.stm32cube.ide.mcu.externaltools.gnu-tools-for-stm32.10.3-2021.10.win32_1.0.0.202111181127/tools/bin/../lib/gcc/arm-none-eabi/10.3.1/thumb/v7e-m+fp/hard/crti.o
 .data          0x0000000000000000        0x0 c:/st/stm32cubeide_1.9.0/stm32cubeide/plugins/com.st.stm32cube.ide.mcu.externaltools.gnu-tools-for-stm32.10.3-2021.10.win32_1.0.0.202111181127/tools/bin/../lib/gcc/arm-none-eabi/10.3.1/thumb/v7e-m+fp/hard/crti.o
 .bss           0x0000000000000000        0x0 c:/st/stm32cubeide_1.9.0/stm32cubeide/plugins/com.st.stm32cube.ide.mcu.externaltools.gnu-tools-for-stm32.10.3-2021.10.win32_1.0.0.202111181127/tools/bin/../lib/gcc/arm-none-eabi/10.3.1/thumb/v7e-m+fp/hard/crti.o
[...]
Memory Configuration

Name             Origin             Length             Attributes
RAM              0x0000000020000000 0x0000000000050000 xrw
FLASH            0x0000000008000000 0x0000000000100000 xr
*default*        0x0000000000000000 0xffffffffffffffff

Linker script and memory map

LOAD c:/st/stm32cubeide_1.9.0/stm32cubeide/plugins/com.st.stm32cube.ide.mcu.externaltools.gnu-tools-for-stm32.10.3-2021.10.win32_1.0.0.202111181127/tools/bin/../lib/gcc/arm-none-eabi/10.3.1/thumb/v7e-m+fp/hard/crti.o
LOAD c:/st/stm32cubeide_1.9.0/stm32cubeide/plugins/com.st.stm32cube.ide.mcu.externaltools.gnu-tools-for-stm32.10.3-2021.10.win32_1.0.0.202111181127/tools/bin/../lib/gcc/arm-none-eabi/10.3.1/thumb/v7e-m+fp/hard/crtbegin.o
LOAD c:/st/stm32cubeide_1.9.0/stm32cubeide/plugins/com.st.stm32cube.ide.mcu.externaltools.gnu-tools-for-stm32.10.3-2021.10.win32_1.0.0.202111181127/tools/bin/../lib/gcc/arm-none-eabi/10.3.1/../../../../arm-none-eabi/lib/thumb/v7e-m+fp/hard/crt0.o
LOAD ./Core/Src/isrs.o
LOAD ./Core/Src/main.o
LOAD ./Core/Src/stm32f7xx_hal_msp.o
LOAD ./Core/Src/stm32f7xx_hal_timebase_tim.o
LOAD ./Core/Src/stm32f7xx_it.o
LOAD ./Core/Src/syscalls.o
LOAD ./Core/Src/sysmem.o
LOAD ./Core/Src/system_stm32f7xx.o
LOAD ./Core/Startup/startup_stm32f746nghx.o
LOAD ./Drivers/STM32F7xx_HAL_Driver/Src/stm32f7xx_hal.o
LOAD ./Drivers/STM32F7xx_HAL_Driver/Src/stm32f7xx_hal_adc.o
LOAD ./Drivers/STM32F7xx_HAL_Driver/Src/stm32f7xx_hal_adc_ex.o
LOAD ./Drivers/STM32F7xx_HAL_Driver/Src/stm32f7xx_hal_cortex.o
LOAD ./Drivers/STM32F7xx_HAL_Driver/Src/stm32f7xx_hal_crc.o
LOAD ./Drivers/STM32F7xx_HAL_Driver/Src/stm32f7xx_hal_crc_ex.o
LOAD ./Drivers/STM32F7xx_HAL_Driver/Src/stm32f7xx_hal_dcmi.o
LOAD ./Drivers/STM32F7xx_HAL_Driver/Src/stm32f7xx_hal_dcmi_ex.o
LOAD ./Drivers/STM32F7xx_HAL_Driver/Src/stm32f7xx_hal_dma.o
LOAD ./Drivers/STM32F7xx_HAL_Driver/Src/stm32f7xx_hal_dma2d.o
LOAD ./Drivers/STM32F7xx_HAL_Driver/Src/stm32f7xx_hal_dma_ex.o
LOAD ./Drivers/STM32F7xx_HAL_Driver/Src/stm32f7xx_hal_dsi.o
LOAD ./Drivers/STM32F7xx_HAL_Driver/Src/stm32f7xx_hal_exti.o
LOAD ./Drivers/STM32F7xx_HAL_Driver/Src/stm32f7xx_hal_flash.o
LOAD ./Drivers/STM32F7xx_HAL_Driver/Src/stm32f7xx_hal_flash_ex.o
LOAD ./Drivers/STM32F7xx_HAL_Driver/Src/stm32f7xx_hal_gpio.o
LOAD ./Drivers/STM32F7xx_HAL_Driver/Src/stm32f7xx_hal_i2c.o
LOAD ./Drivers/STM32F7xx_HAL_Driver/Src/stm32f7xx_hal_i2c_ex.o
LOAD ./Drivers/STM32F7xx_HAL_Driver/Src/stm32f7xx_hal_ltdc.o
LOAD ./Drivers/STM32F7xx_HAL_Driver/Src/stm32f7xx_hal_ltdc_ex.o
LOAD ./Drivers/STM32F7xx_HAL_Driver/Src/stm32f7xx_hal_pwr.o
LOAD ./Drivers/STM32F7xx_HAL_Driver/Src/stm32f7xx_hal_pwr_ex.o
LOAD ./Drivers/STM32F7xx_HAL_Driver/Src/stm32f7xx_hal_rcc.o
LOAD ./Drivers/STM32F7xx_HAL_Driver/Src/stm32f7xx_hal_rcc_ex.o
LOAD ./Drivers/STM32F7xx_HAL_Driver/Src/stm32f7xx_hal_rtc.o
LOAD ./Drivers/STM32F7xx_HAL_Driver/Src/stm32f7xx_hal_rtc_ex.o
LOAD ./Drivers/STM32F7xx_HAL_Driver/Src/stm32f7xx_hal_sai.o
LOAD ./Drivers/STM32F7xx_HAL_Driver/Src/stm32f7xx_hal_sai_ex.o
LOAD ./Drivers/STM32F7xx_HAL_Driver/Src/stm32f7xx_hal_sdram.o
LOAD ./Drivers/STM32F7xx_HAL_Driver/Src/stm32f7xx_hal_spdifrx.o
LOAD ./Drivers/STM32F7xx_HAL_Driver/Src/stm32f7xx_hal_spi.o
LOAD ./Drivers/STM32F7xx_HAL_Driver/Src/stm32f7xx_hal_spi_ex.o
LOAD ./Drivers/STM32F7xx_HAL_Driver/Src/stm32f7xx_hal_tim.o
LOAD ./Drivers/STM32F7xx_HAL_Driver/Src/stm32f7xx_hal_tim_ex.o
LOAD ./Drivers/STM32F7xx_HAL_Driver/Src/stm32f7xx_hal_uart.o
LOAD ./Drivers/STM32F7xx_HAL_Driver/Src/stm32f7xx_hal_uart_ex.o
LOAD ./Drivers/STM32F7xx_HAL_Driver/Src/stm32f7xx_ll_fmc.o
START GROUP
LOAD c:/st/stm32cubeide_1.9.0/stm32cubeide/plugins/com.st.stm32cube.ide.mcu.externaltools.gnu-tools-for-stm32.10.3-2021.10.win32_1.0.0.202111181127/tools/bin/../lib/gcc/arm-none-eabi/10.3.1/../../../../arm-none-eabi/lib/thumb/v7e-m+fp/hard\libstdc++_nano.a
LOAD c:/st/stm32cubeide_1.9.0/stm32cubeide/plugins/com.st.stm32cube.ide.mcu.externaltools.gnu-tools-for-stm32.10.3-2021.10.win32_1.0.0.202111181127/tools/bin/../lib/gcc/arm-none-eabi/10.3.1/../../../../arm-none-eabi/lib/thumb/v7e-m+fp/hard\libsupc++_nano.a
END GROUP
LOAD c:/st/stm32cubeide_1.9.0/stm32cubeide/plugins/com.st.stm32cube.ide.mcu.externaltools.gnu-tools-for-stm32.10.3-2021.10.win32_1.0.0.202111181127/tools/bin/../lib/gcc/arm-none-eabi/10.3.1/../../../../arm-none-eabi/lib/thumb/v7e-m+fp/hard\libstdc++_nano.a
LOAD c:/st/stm32cubeide_1.9.0/stm32cubeide/plugins/com.st.stm32cube.ide.mcu.externaltools.gnu-tools-for-stm32.10.3-2021.10.win32_1.0.0.202111181127/tools/bin/../lib/gcc/arm-none-eabi/10.3.1/../../../../arm-none-eabi/lib/thumb/v7e-m+fp/hard\libm.a
LOAD c:/st/stm32cubeide_1.9.0/stm32cubeide/plugins/com.st.stm32cube.ide.mcu.externaltools.gnu-tools-for-stm32.10.3-2021.10.win32_1.0.0.202111181127/tools/bin/../lib/gcc/arm-none-eabi/10.3.1/../../../../arm-none-eabi/lib/thumb/v7e-m+fp/hard\libc_nano.a
START GROUP
LOAD c:/st/stm32cubeide_1.9.0/stm32cubeide/plugins/com.st.stm32cube.ide.mcu.externaltools.gnu-tools-for-stm32.10.3-2021.10.win32_1.0.0.202111181127/tools/bin/../lib/gcc/arm-none-eabi/10.3.1/thumb/v7e-m+fp/hard\libgcc.a
LOAD c:/st/stm32cubeide_1.9.0/stm32cubeide/plugins/com.st.stm32cube.ide.mcu.externaltools.gnu-tools-for-stm32.10.3-2021.10.win32_1.0.0.202111181127/tools/bin/../lib/gcc/arm-none-eabi/10.3.1/../../../../arm-none-eabi/lib/thumb/v7e-m+fp/hard\libc_nano.a
END GROUP
START GROUP
LOAD c:/st/stm32cubeide_1.9.0/stm32cubeide/plugins/com.st.stm32cube.ide.mcu.externaltools.gnu-tools-for-stm32.10.3-2021.10.win32_1.0.0.202111181127/tools/bin/../lib/gcc/arm-none-eabi/10.3.1/thumb/v7e-m+fp/hard\libgcc.a
LOAD c:/st/stm32cubeide_1.9.0/stm32cubeide/plugins/com.st.stm32cube.ide.mcu.externaltools.gnu-tools-for-stm32.10.3-2021.10.win32_1.0.0.202111181127/tools/bin/../lib/gcc/arm-none-eabi/10.3.1/../../../../arm-none-eabi/lib/thumb/v7e-m+fp/hard\libc_nano.a
LOAD c:/st/stm32cubeide_1.9.0/stm32cubeide/plugins/com.st.stm32cube.ide.mcu.externaltools.gnu-tools-for-stm32.10.3-2021.10.win32_1.0.0.202111181127/tools/bin/../lib/gcc/arm-none-eabi/10.3.1/../../../../arm-none-eabi/lib/thumb/v7e-m+fp/hard\libnosys.a
END GROUP
START GROUP
LOAD c:/st/stm32cubeide_1.9.0/stm32cubeide/plugins/com.st.stm32cube.ide.mcu.externaltools.gnu-tools-for-stm32.10.3-2021.10.win32_1.0.0.202111181127/tools/bin/../lib/gcc/arm-none-eabi/10.3.1/thumb/v7e-m+fp/hard\libgcc.a
LOAD c:/st/stm32cubeide_1.9.0/stm32cubeide/plugins/com.st.stm32cube.ide.mcu.externaltools.gnu-tools-for-stm32.10.3-2021.10.win32_1.0.0.202111181127/tools/bin/../lib/gcc/arm-none-eabi/10.3.1/../../../../arm-none-eabi/lib/thumb/v7e-m+fp/hard\libc_nano.a
LOAD c:/st/stm32cubeide_1.9.0/stm32cubeide/plugins/com.st.stm32cube.ide.mcu.externaltools.gnu-tools-for-stm32.10.3-2021.10.win32_1.0.0.202111181127/tools/bin/../lib/gcc/arm-none-eabi/10.3.1/../../../../arm-none-eabi/lib/thumb/v7e-m+fp/hard\libnosys.a
END GROUP
LOAD c:/st/stm32cubeide_1.9.0/stm32cubeide/plugins/com.st.stm32cube.ide.mcu.externaltools.gnu-tools-for-stm32.10.3-2021.10.win32_1.0.0.202111181127/tools/bin/../lib/gcc/arm-none-eabi/10.3.1/thumb/v7e-m+fp/hard/crtend.o
LOAD c:/st/stm32cubeide_1.9.0/stm32cubeide/plugins/com.st.stm32cube.ide.mcu.externaltools.gnu-tools-for-stm32.10.3-2021.10.win32_1.0.0.202111181127/tools/bin/../lib/gcc/arm-none-eabi/10.3.1/thumb/v7e-m+fp/hard/crtn.o
                0x0000000020050000                _estack = (ORIGIN (RAM) + LENGTH (RAM))
                0x0000000000001000                _Min_Heap_Size = 0x1000
                0x0000000000001000                _Min_Stack_Size = 0x1000

.isr_vector     0x0000000008000000      0x1c8
                0x0000000008000000                . = ALIGN (0x4)
 *(.isr_vector)
 .isr_vector    0x0000000008000000      0x1c8 ./Core/Startup/startup_stm32f746nghx.o
                0x0000000008000000                g_pfnVectors
                0x00000000080001c8                . = ALIGN (0x4)

.text           0x00000000080001c8     0x88a4
                0x00000000080001c8                . = ALIGN (0x4)
 *(.text)
 .text          0x00000000080001c8       0x40 c:/st/stm32cubeide_1.9.0/stm32cubeide/plugins/com.st.stm32cube.ide.mcu.externaltools.gnu-tools-for-stm32.10.3-2021.10.win32_1.0.0.202111181127/tools/bin/../lib/gcc/arm-none-eabi/10.3.1/thumb/v7e-m+fp/hard/crtbegin.o
 .text          0x0000000008000208       0x30 c:/st/stm32cubeide_1.9.0/stm32cubeide/plugins/com.st.stm32cube.ide.mcu.externaltools.gnu-tools-for-stm32.10.3-2021.10.win32_1.0.0.202111181127/tools/bin/../lib/gcc/arm-none-eabi/10.3.1/thumb/v7e-m+fp/hard\libgcc.a(_aeabi_uldivmod.o)
                0x0000000008000208                __aeabi_uldivmod
 .text          0x0000000008000238      0x2d0 c:/st/stm32cubeide_1.9.0/stm32cubeide/plugins/com.st.stm32cube.ide.mcu.externaltools.gnu-tools-for-stm32.10.3-2021.10.win32_1.0.0.202111181127/tools/bin/../lib/gcc/arm-none-eabi/10.3.1/thumb/v7e-m+fp/hard\libgcc.a(_udivmoddi4.o)
                0x0000000008000238                __udivmoddi4
 .text          0x0000000008000508        0x4 c:/st/stm32cubeide_1.9.0/stm32cubeide/plugins/com.st.stm32cube.ide.mcu.externaltools.gnu-tools-for-stm32.10.3-2021.10.win32_1.0.0.202111181127/tools/bin/../lib/gcc/arm-none-eabi/10.3.1/thumb/v7e-m+fp/hard\libgcc.a(_dvmd_tls.o)
                0x0000000008000508                __aeabi_idiv0
                0x0000000008000508                __aeabi_ldiv0
 *(.text*)
 .text.HAL_ADC_ConvCpltCallback
                0x000000000800050c       0x1a ./Core/Src/isrs.o
                0x000000000800050c                HAL_ADC_ConvCpltCallback
 *fill*         0x0000000008000526        0x2 
 .text.main     0x0000000008000528       0x78 ./Core/Src/main.o
                0x0000000008000528                main
 .text.SystemClock_Config
                0x00000000080005a0       0xe4 ./Core/Src/main.o
                0x00000000080005a0                SystemClock_Config
 .text.PeriphCommonClock_Config
                0x0000000008000684       0x54 ./Core/Src/main.o
                0x0000000008000684                PeriphCommonClock_Config
 .text.MX_ADC3_Init
                0x00000000080006d8       0xa4 ./Core/Src/main.o
 .text.MX_CRC_Init
                0x000000000800077c       0x44 ./Core/Src/main.o
 .text.MX_DCMI_Init
                0x00000000080007c0       0x68 ./Core/Src/main.o
 .text.MX_DMA2D_Init
                0x0000000008000828       0x64 ./Core/Src/main.o
 .text.MX_I2C3_Init
                0x000000000800088c       0x80 ./Core/Src/main.o
 .text.MX_LTDC_Init
                0x000000000800090c      0x104 ./Core/Src/main.o
 .text.MX_RTC_Init
                0x0000000008000a10      0x14c ./Core/Src/main.o
 .text.MX_SAI2_Init
                0x0000000008000b5c      0x150 ./Core/Src/main.o
 .text.MX_SPDIFRX_Init
                0x0000000008000cac       0x60 ./Core/Src/main.o
 .text.MX_SPI2_Init
                0x0000000008000d0c       0x7c ./Core/Src/main.o
 .text.MX_TIM1_Init
                0x0000000008000d88      0x168 ./Core/Src/main.o
 .text.MX_TIM2_Init
                0x0000000008000ef0       0xec ./Core/Src/main.o
 .text.MX_TIM3_Init
                0x0000000008000fdc       0xf0 ./Core/Src/main.o
 .text.MX_TIM5_Init
                0x00000000080010cc       0xf0 ./Core/Src/main.o
 .text.MX_TIM8_Init
                0x00000000080011bc       0xa8 ./Core/Src/main.o
 .text.MX_TIM12_Init
                0x0000000008001264       0x8c ./Core/Src/main.o
 .text.MX_USART1_UART_Init
                0x00000000080012f0       0x60 ./Core/Src/main.o
 .text.MX_FMC_Init
                0x0000000008001350       0xa0 ./Core/Src/main.o
 .text.MX_GPIO_Init
                0x00000000080013f0      0x53c ./Core/Src/main.o
 .text.HAL_TIM_PeriodElapsedCallback
                0x000000000800192c       0x24 ./Core/Src/main.o
                0x000000000800192c                HAL_TIM_PeriodElapsedCallback
 .text.Error_Handler
                0x0000000008001950        0xa ./Core/Src/main.o
                0x0000000008001950                Error_Handler
 *fill*         0x000000000800195a        0x2 
 .text.HAL_MspInit
                0x000000000800195c       0x48 ./Core/Src/stm32f7xx_hal_msp.o
                0x000000000800195c                HAL_MspInit
 .text.HAL_ADC_MspInit
                0x00000000080019a4       0xc4 ./Core/Src/stm32f7xx_hal_msp.o
                0x00000000080019a4                HAL_ADC_MspInit
 .text.HAL_CRC_MspInit
                0x0000000008001a68       0x40 ./Core/Src/stm32f7xx_hal_msp.o
                0x0000000008001a68                HAL_CRC_MspInit
 .text.HAL_DCMI_MspInit
                0x0000000008001aa8      0x17c ./Core/Src/stm32f7xx_hal_msp.o
                0x0000000008001aa8                HAL_DCMI_MspInit
 .text.HAL_DMA2D_MspInit
                0x0000000008001c24       0x4c ./Core/Src/stm32f7xx_hal_msp.o
                0x0000000008001c24                HAL_DMA2D_MspInit
 .text.HAL_I2C_MspInit
                0x0000000008001c70       0xc0 ./Core/Src/stm32f7xx_hal_msp.o
                0x0000000008001c70                HAL_I2C_MspInit
 .text.HAL_LTDC_MspInit
                0x0000000008001d30      0x190 ./Core/Src/stm32f7xx_hal_msp.o
                0x0000000008001d30                HAL_LTDC_MspInit
 .text.HAL_RTC_MspInit
                0x0000000008001ec0       0x5c ./Core/Src/stm32f7xx_hal_msp.o
                0x0000000008001ec0                HAL_RTC_MspInit
 .text.HAL_SPDIFRX_MspInit
                0x0000000008001f1c       0xc8 ./Core/Src/stm32f7xx_hal_msp.o
                0x0000000008001f1c                HAL_SPDIFRX_MspInit
 .text.HAL_SPI_MspInit
                0x0000000008001fe4       0xc4 ./Core/Src/stm32f7xx_hal_msp.o
                0x0000000008001fe4                HAL_SPI_MspInit
 .text.HAL_TIM_Base_MspInit
                0x00000000080020a8       0xdc ./Core/Src/stm32f7xx_hal_msp.o
                0x00000000080020a8                HAL_TIM_Base_MspInit
 .text.HAL_TIM_PWM_MspInit
                0x0000000008002184       0x40 ./Core/Src/stm32f7xx_hal_msp.o
                0x0000000008002184                HAL_TIM_PWM_MspInit
 .text.HAL_TIM_MspPostInit
                0x00000000080021c4      0x19c ./Core/Src/stm32f7xx_hal_msp.o
                0x00000000080021c4                HAL_TIM_MspPostInit
 .text.HAL_UART_MspInit
                0x0000000008002360      0x104 ./Core/Src/stm32f7xx_hal_msp.o
                0x0000000008002360                HAL_UART_MspInit
 .text.HAL_FMC_MspInit
                0x0000000008002464      0x120 ./Core/Src/stm32f7xx_hal_msp.o
 .text.HAL_SDRAM_MspInit
                0x0000000008002584       0x14 ./Core/Src/stm32f7xx_hal_msp.o
                0x0000000008002584                HAL_SDRAM_MspInit
 .text.HAL_SAI_MspInit
                0x0000000008002598       0xd4 ./Core/Src/stm32f7xx_hal_msp.o
                0x0000000008002598                HAL_SAI_MspInit
 .text.HAL_InitTick
                0x000000000800266c       0xb0 ./Core/Src/stm32f7xx_hal_timebase_tim.o
                0x000000000800266c                HAL_InitTick
 .text.NMI_Handler
                0x000000000800271c        0x6 ./Core/Src/stm32f7xx_it.o
                0x000000000800271c                NMI_Handler
 .text.HardFault_Handler
                0x0000000008002722        0x6 ./Core/Src/stm32f7xx_it.o
                0x0000000008002722                HardFault_Handler
 .text.MemManage_Handler
                0x0000000008002728        0x6 ./Core/Src/stm32f7xx_it.o
                0x0000000008002728                MemManage_Handler
 .text.BusFault_Handler
                0x000000000800272e        0x6 ./Core/Src/stm32f7xx_it.o
                0x000000000800272e                BusFault_Handler
 .text.UsageFault_Handler
                0x0000000008002734        0x6 ./Core/Src/stm32f7xx_it.o
                0x0000000008002734                UsageFault_Handler
 .text.SVC_Handler
                0x000000000800273a        0xe ./Core/Src/stm32f7xx_it.o
                0x000000000800273a                SVC_Handler
 .text.DebugMon_Handler
                0x0000000008002748        0xe ./Core/Src/stm32f7xx_it.o
                0x0000000008002748                DebugMon_Handler
 .text.PendSV_Handler
                0x0000000008002756        0xe ./Core/Src/stm32f7xx_it.o
                0x0000000008002756                PendSV_Handler
 .text.SysTick_Handler
                0x0000000008002764        0xe ./Core/Src/stm32f7xx_it.o
                0x0000000008002764                SysTick_Handler
 *fill*         0x0000000008002772        0x2 
 .text.ADC_IRQHandler
                0x0000000008002774       0x14 ./Core/Src/stm32f7xx_it.o
                0x0000000008002774                ADC_IRQHandler
 .text.TIM6_DAC_IRQHandler
                0x0000000008002788       0x14 ./Core/Src/stm32f7xx_it.o
                0x0000000008002788                TIM6_DAC_IRQHandler
 .text.LTDC_IRQHandler
                0x000000000800279c       0x14 ./Core/Src/stm32f7xx_it.o
                0x000000000800279c                LTDC_IRQHandler
 .text.DMA2D_IRQHandler
                0x00000000080027b0       0x14 ./Core/Src/stm32f7xx_it.o
                0x00000000080027b0                DMA2D_IRQHandler
 .text.SystemInit
                0x00000000080027c4       0x24 ./Core/Src/system_stm32f7xx.o
                0x00000000080027c4                SystemInit
 .text.Reset_Handler
                0x00000000080027e8       0x50 ./Core/Startup/startup_stm32f746nghx.o
                0x00000000080027e8                Reset_Handler
 .text.Default_Handler
                0x0000000008002838        0x2 ./Core/Startup/startup_stm32f746nghx.o
                0x0000000008002838                RTC_Alarm_IRQHandler
                0x0000000008002838                EXTI2_IRQHandler
                0x0000000008002838                TIM8_CC_IRQHandler
                0x0000000008002838                UART8_IRQHandler
                0x0000000008002838                SPI4_IRQHandler
                0x0000000008002838                TIM1_CC_IRQHandler
                0x0000000008002838                DMA2_Stream5_IRQHandler
                0x0000000008002838                DMA1_Stream5_IRQHandler
                0x0000000008002838                PVD_IRQHandler
                0x0000000008002838                TAMP_STAMP_IRQHandler
                0x0000000008002838                CAN2_RX1_IRQHandler
                0x0000000008002838                EXTI3_IRQHandler
                0x0000000008002838                TIM8_TRG_COM_TIM14_IRQHandler
                0x0000000008002838                TIM1_UP_TIM10_IRQHandler
                0x0000000008002838                TIM8_UP_TIM13_IRQHandler
                0x0000000008002838                I2C3_ER_IRQHandler
                0x0000000008002838                EXTI0_IRQHandler
                0x0000000008002838                I2C2_EV_IRQHandler
                0x0000000008002838                DMA1_Stream2_IRQHandler
                0x0000000008002838                CAN1_RX0_IRQHandler
                0x0000000008002838                FPU_IRQHandler
                0x0000000008002838                OTG_HS_WKUP_IRQHandler
                0x0000000008002838                LTDC_ER_IRQHandler
                0x0000000008002838                CAN2_SCE_IRQHandler
                0x0000000008002838                DMA2_Stream2_IRQHandler
                0x0000000008002838                SPI1_IRQHandler
                0x0000000008002838                TIM1_BRK_TIM9_IRQHandler
                0x0000000008002838                DCMI_IRQHandler
                0x0000000008002838                CAN2_RX0_IRQHandler
                0x0000000008002838                DMA2_Stream3_IRQHandler
                0x0000000008002838                SAI2_IRQHandler
                0x0000000008002838                USART6_IRQHandler
                0x0000000008002838                USART3_IRQHandler
                0x0000000008002838                CAN1_RX1_IRQHandler
                0x0000000008002838                UART5_IRQHandler
                0x0000000008002838                DMA2_Stream0_IRQHandler
                0x0000000008002838                TIM4_IRQHandler
                0x0000000008002838                QUADSPI_IRQHandler
                0x0000000008002838                I2C1_EV_IRQHandler
                0x0000000008002838                DMA1_Stream6_IRQHandler
                0x0000000008002838                DMA1_Stream1_IRQHandler
                0x0000000008002838                UART4_IRQHandler
                0x0000000008002838                TIM3_IRQHandler
                0x0000000008002838                RCC_IRQHandler
                0x0000000008002838                TIM8_BRK_TIM12_IRQHandler
                0x0000000008002838                Default_Handler
                0x0000000008002838                CEC_IRQHandler
                0x0000000008002838                EXTI15_10_IRQHandler
                0x0000000008002838                DMA1_Stream7_IRQHandler
                0x0000000008002838                SPI5_IRQHandler
                0x0000000008002838                TIM7_IRQHandler
                0x0000000008002838                SDMMC1_IRQHandler
                0x0000000008002838                CAN2_TX_IRQHandler
                0x0000000008002838                TIM5_IRQHandler
                0x0000000008002838                DMA2_Stream7_IRQHandler
                0x0000000008002838                I2C3_EV_IRQHandler
                0x0000000008002838                EXTI9_5_IRQHandler
                0x0000000008002838                RTC_WKUP_IRQHandler
                0x0000000008002838                ETH_WKUP_IRQHandler
                0x0000000008002838                SPDIF_RX_IRQHandler
                0x0000000008002838                SPI2_IRQHandler
                0x0000000008002838                OTG_HS_EP1_IN_IRQHandler
                0x0000000008002838                DMA1_Stream0_IRQHandler
                0x0000000008002838                CAN1_TX_IRQHandler
                0x0000000008002838                EXTI4_IRQHandler
                0x0000000008002838                RNG_IRQHandler
                0x0000000008002838                ETH_IRQHandler
                0x0000000008002838                OTG_HS_EP1_OUT_IRQHandler
                0x0000000008002838                WWDG_IRQHandler
                0x0000000008002838                SPI6_IRQHandler
                0x0000000008002838                I2C4_EV_IRQHandler
                0x0000000008002838                TIM2_IRQHandler
                0x0000000008002838                OTG_FS_WKUP_IRQHandler
                0x0000000008002838                TIM1_TRG_COM_TIM11_IRQHandler
                0x0000000008002838                OTG_HS_IRQHandler
                0x0000000008002838                EXTI1_IRQHandler
                0x0000000008002838                UART7_IRQHandler
                0x0000000008002838                USART2_IRQHandler
                0x0000000008002838                I2C2_ER_IRQHandler
                0x0000000008002838                DMA2_Stream1_IRQHandler
                0x0000000008002838                CAN1_SCE_IRQHandler
                0x0000000008002838                FLASH_IRQHandler
                0x0000000008002838                DMA2_Stream4_IRQHandler
                0x0000000008002838                USART1_IRQHandler
                0x0000000008002838                OTG_FS_IRQHandler
                0x0000000008002838                SPI3_IRQHandler
                0x0000000008002838                DMA1_Stream4_IRQHandler
                0x0000000008002838                I2C1_ER_IRQHandler
                0x0000000008002838                FMC_IRQHandler
                0x0000000008002838                LPTIM1_IRQHandler
                0x0000000008002838                I2C4_ER_IRQHandler
                0x0000000008002838                DMA2_Stream6_IRQHandler
                0x0000000008002838                SAI1_IRQHandler
                0x0000000008002838                DMA1_Stream3_IRQHandler
 .text.HAL_Init
                0x000000000800283a       0x1a ./Drivers/STM32F7xx_HAL_Driver/Src/stm32f7xx_hal.o
                0x000000000800283a                HAL_Init
 .text.HAL_IncTick
                0x0000000008002854       0x28 ./Drivers/STM32F7xx_HAL_Driver/Src/stm32f7xx_hal.o
                0x0000000008002854                HAL_IncTick
 .text.HAL_GetTick
                0x000000000800287c       0x18 ./Drivers/STM32F7xx_HAL_Driver/Src/stm32f7xx_hal.o
                0x000000000800287c                HAL_GetTick
 .text.HAL_ADC_Init
                0x0000000008002894       0x88 ./Drivers/STM32F7xx_HAL_Driver/Src/stm32f7xx_hal_adc.o
                0x0000000008002894                HAL_ADC_Init
 .text.HAL_ADC_Start_IT
                0x000000000800291c      0x1b0 ./Drivers/STM32F7xx_HAL_Driver/Src/stm32f7xx_hal_adc.o
                0x000000000800291c                HAL_ADC_Start_IT
 .text.HAL_ADC_IRQHandler
                0x0000000008002acc      0x220 ./Drivers/STM32F7xx_HAL_Driver/Src/stm32f7xx_hal_adc.o
                0x0000000008002acc                HAL_ADC_IRQHandler
 .text.HAL_ADC_GetValue
                0x0000000008002cec       0x1a ./Drivers/STM32F7xx_HAL_Driver/Src/stm32f7xx_hal_adc.o
                0x0000000008002cec                HAL_ADC_GetValue
 .text.HAL_ADC_LevelOutOfWindowCallback
                0x0000000008002d06       0x14 ./Drivers/STM32F7xx_HAL_Driver/Src/stm32f7xx_hal_adc.o
                0x0000000008002d06                HAL_ADC_LevelOutOfWindowCallback
 .text.HAL_ADC_ErrorCallback
                0x0000000008002d1a       0x14 ./Drivers/STM32F7xx_HAL_Driver/Src/stm32f7xx_hal_adc.o
                0x0000000008002d1a                HAL_ADC_ErrorCallback
 *fill*         0x0000000008002d2e        0x2 
 .text.HAL_ADC_ConfigChannel
                0x0000000008002d30      0x2ac ./Drivers/STM32F7xx_HAL_Driver/Src/stm32f7xx_hal_adc.o
                0x0000000008002d30                HAL_ADC_ConfigChannel
 .text.ADC_Init
                0x0000000008002fdc      0x1f4 ./Drivers/STM32F7xx_HAL_Driver/Src/stm32f7xx_hal_adc.o
 .text.HAL_ADCEx_InjectedConvCpltCallback
                0x00000000080031d0       0x14 ./Drivers/STM32F7xx_HAL_Driver/Src/stm32f7xx_hal_adc_ex.o
                0x00000000080031d0                HAL_ADCEx_InjectedConvCpltCallback
 .text.__NVIC_SetPriorityGrouping
                0x00000000080031e4       0x48 ./Drivers/STM32F7xx_HAL_Driver/Src/stm32f7xx_hal_cortex.o
 .text.__NVIC_GetPriorityGrouping
                0x000000000800322c       0x1c ./Drivers/STM32F7xx_HAL_Driver/Src/stm32f7xx_hal_cortex.o
 .text.__NVIC_EnableIRQ
                0x0000000008003248       0x3c ./Drivers/STM32F7xx_HAL_Driver/Src/stm32f7xx_hal_cortex.o
 .text.__NVIC_SetPriority
                0x0000000008003284       0x54 ./Drivers/STM32F7xx_HAL_Driver/Src/stm32f7xx_hal_cortex.o
 .text.NVIC_EncodePriority
                0x00000000080032d8       0x66 ./Drivers/STM32F7xx_HAL_Driver/Src/stm32f7xx_hal_cortex.o
 .text.HAL_NVIC_SetPriorityGrouping
                0x000000000800333e       0x16 ./Drivers/STM32F7xx_HAL_Driver/Src/stm32f7xx_hal_cortex.o
                0x000000000800333e                HAL_NVIC_SetPriorityGrouping
 .text.HAL_NVIC_SetPriority
                0x0000000008003354       0x38 ./Drivers/STM32F7xx_HAL_Driver/Src/stm32f7xx_hal_cortex.o
                0x0000000008003354                HAL_NVIC_SetPriority
 .text.HAL_NVIC_EnableIRQ
                0x000000000800338c       0x1c ./Drivers/STM32F7xx_HAL_Driver/Src/stm32f7xx_hal_cortex.o
                0x000000000800338c                HAL_NVIC_EnableIRQ
 .text.HAL_CRC_Init
                0x00000000080033a8       0xc8 ./Drivers/STM32F7xx_HAL_Driver/Src/stm32f7xx_hal_crc.o
                0x00000000080033a8                HAL_CRC_Init
 .text.HAL_CRCEx_Polynomial_Set
                0x0000000008003470      0x10c ./Drivers/STM32F7xx_HAL_Driver/Src/stm32f7xx_hal_crc_ex.o
                0x0000000008003470                HAL_CRCEx_Polynomial_Set
 .text.HAL_DCMI_Init
                0x000000000800357c       0xf4 ./Drivers/STM32F7xx_HAL_Driver/Src/stm32f7xx_hal_dcmi.o
                0x000000000800357c                HAL_DCMI_Init
 .text.HAL_DMA2D_Init
                0x0000000008003670       0x94 ./Drivers/STM32F7xx_HAL_Driver/Src/stm32f7xx_hal_dma2d.o
                0x0000000008003670                HAL_DMA2D_Init
 .text.HAL_DMA2D_IRQHandler
                0x0000000008003704      0x1f8 ./Drivers/STM32F7xx_HAL_Driver/Src/stm32f7xx_hal_dma2d.o
                0x0000000008003704                HAL_DMA2D_IRQHandler
 .text.HAL_DMA2D_LineEventCallback
                0x00000000080038fc       0x14 ./Drivers/STM32F7xx_HAL_Driver/Src/stm32f7xx_hal_dma2d.o
                0x00000000080038fc                HAL_DMA2D_LineEventCallback
 .text.HAL_DMA2D_CLUTLoadingCpltCallback
                0x0000000008003910       0x14 ./Drivers/STM32F7xx_HAL_Driver/Src/stm32f7xx_hal_dma2d.o
                0x0000000008003910                HAL_DMA2D_CLUTLoadingCpltCallback
 .text.HAL_DMA2D_ConfigLayer
                0x0000000008003924      0x124 ./Drivers/STM32F7xx_HAL_Driver/Src/stm32f7xx_hal_dma2d.o
                0x0000000008003924                HAL_DMA2D_ConfigLayer
 .text.HAL_GPIO_Init
                0x0000000008003a48      0x358 ./Drivers/STM32F7xx_HAL_Driver/Src/stm32f7xx_hal_gpio.o
                0x0000000008003a48                HAL_GPIO_Init
 .text.HAL_GPIO_WritePin
                0x0000000008003da0       0x32 ./Drivers/STM32F7xx_HAL_Driver/Src/stm32f7xx_hal_gpio.o
                0x0000000008003da0                HAL_GPIO_WritePin
 *fill*         0x0000000008003dd2        0x2 
 .text.HAL_I2C_Init
                0x0000000008003dd4      0x120 ./Drivers/STM32F7xx_HAL_Driver/Src/stm32f7xx_hal_i2c.o
                0x0000000008003dd4                HAL_I2C_Init
 .text.HAL_I2CEx_ConfigAnalogFilter
                0x0000000008003ef4       0x96 ./Drivers/STM32F7xx_HAL_Driver/Src/stm32f7xx_hal_i2c_ex.o
                0x0000000008003ef4                HAL_I2CEx_ConfigAnalogFilter
 .text.HAL_I2CEx_ConfigDigitalFilter
                0x0000000008003f8a       0x98 ./Drivers/STM32F7xx_HAL_Driver/Src/stm32f7xx_hal_i2c_ex.o
                0x0000000008003f8a                HAL_I2CEx_ConfigDigitalFilter
 *fill*         0x0000000008004022        0x2 
 .text.HAL_LTDC_Init
                0x0000000008004024      0x1a0 ./Drivers/STM32F7xx_HAL_Driver/Src/stm32f7xx_hal_ltdc.o
                0x0000000008004024                HAL_LTDC_Init
 .text.HAL_LTDC_IRQHandler
                0x00000000080041c4      0x148 ./Drivers/STM32F7xx_HAL_Driver/Src/stm32f7xx_hal_ltdc.o
                0x00000000080041c4                HAL_LTDC_IRQHandler
 .text.HAL_LTDC_ErrorCallback
                0x000000000800430c       0x14 ./Drivers/STM32F7xx_HAL_Driver/Src/stm32f7xx_hal_ltdc.o
                0x000000000800430c                HAL_LTDC_ErrorCallback
 .text.HAL_LTDC_LineEventCallback
                0x0000000008004320       0x14 ./Drivers/STM32F7xx_HAL_Driver/Src/stm32f7xx_hal_ltdc.o
                0x0000000008004320                HAL_LTDC_LineEventCallback
 .text.HAL_LTDC_ReloadEventCallback
                0x0000000008004334       0x14 ./Drivers/STM32F7xx_HAL_Driver/Src/stm32f7xx_hal_ltdc.o
                0x0000000008004334                HAL_LTDC_ReloadEventCallback
 .text.HAL_LTDC_ConfigLayer
                0x0000000008004348       0x7c ./Drivers/STM32F7xx_HAL_Driver/Src/stm32f7xx_hal_ltdc.o
                0x0000000008004348                HAL_LTDC_ConfigLayer
 .text.LTDC_SetConfig
                0x00000000080043c4      0x334 ./Drivers/STM32F7xx_HAL_Driver/Src/stm32f7xx_hal_ltdc.o
 .text.HAL_PWR_EnableBkUpAccess
                0x00000000080046f8       0x20 ./Drivers/STM32F7xx_HAL_Driver/Src/stm32f7xx_hal_pwr.o
                0x00000000080046f8                HAL_PWR_EnableBkUpAccess
 .text.HAL_PWREx_EnableOverDrive
                0x0000000008004718       0xa0 ./Drivers/STM32F7xx_HAL_Driver/Src/stm32f7xx_hal_pwr_ex.o
                0x0000000008004718                HAL_PWREx_EnableOverDrive
 .text.HAL_RCC_OscConfig
                0x00000000080047b8      0x548 ./Drivers/STM32F7xx_HAL_Driver/Src/stm32f7xx_hal_rcc.o
                0x00000000080047b8                HAL_RCC_OscConfig
 .text.HAL_RCC_ClockConfig
                0x0000000008004d00      0x1d8 ./Drivers/STM32F7xx_HAL_Driver/Src/stm32f7xx_hal_rcc.o
                0x0000000008004d00                HAL_RCC_ClockConfig
 .text.HAL_RCC_GetSysClockFreq
                0x0000000008004ed8      0x18c ./Drivers/STM32F7xx_HAL_Driver/Src/stm32f7xx_hal_rcc.o
                0x0000000008004ed8                HAL_RCC_GetSysClockFreq
 .text.HAL_RCC_GetHCLKFreq
                0x0000000008005064       0x18 ./Drivers/STM32F7xx_HAL_Driver/Src/stm32f7xx_hal_rcc.o
                0x0000000008005064                HAL_RCC_GetHCLKFreq
 .text.HAL_RCC_GetPCLK1Freq
                0x000000000800507c       0x28 ./Drivers/STM32F7xx_HAL_Driver/Src/stm32f7xx_hal_rcc.o
                0x000000000800507c                HAL_RCC_GetPCLK1Freq
 .text.HAL_RCC_GetPCLK2Freq
                0x00000000080050a4       0x28 ./Drivers/STM32F7xx_HAL_Driver/Src/stm32f7xx_hal_rcc.o
                0x00000000080050a4                HAL_RCC_GetPCLK2Freq
 .text.HAL_RCC_GetClockConfig
                0x00000000080050cc       0x64 ./Drivers/STM32F7xx_HAL_Driver/Src/stm32f7xx_hal_rcc.o
                0x00000000080050cc                HAL_RCC_GetClockConfig
 .text.HAL_RCCEx_PeriphCLKConfig
                0x0000000008005130      0x7e0 ./Drivers/STM32F7xx_HAL_Driver/Src/stm32f7xx_hal_rcc_ex.o
                0x0000000008005130                HAL_RCCEx_PeriphCLKConfig
 .text.HAL_RCCEx_GetPeriphCLKFreq
                0x0000000008005910      0x288 ./Drivers/STM32F7xx_HAL_Driver/Src/stm32f7xx_hal_rcc_ex.o
                0x0000000008005910                HAL_RCCEx_GetPeriphCLKFreq
 .text.HAL_RTC_Init
                0x0000000008005b98      0x124 ./Drivers/STM32F7xx_HAL_Driver/Src/stm32f7xx_hal_rtc.o
                0x0000000008005b98                HAL_RTC_Init
 .text.HAL_RTC_SetTime
                0x0000000008005cbc      0x17c ./Drivers/STM32F7xx_HAL_Driver/Src/stm32f7xx_hal_rtc.o
                0x0000000008005cbc                HAL_RTC_SetTime
 .text.HAL_RTC_SetDate
                0x0000000008005e38      0x150 ./Drivers/STM32F7xx_HAL_Driver/Src/stm32f7xx_hal_rtc.o
                0x0000000008005e38                HAL_RTC_SetDate
 .text.HAL_RTC_SetAlarm
                0x0000000008005f88      0x230 ./Drivers/STM32F7xx_HAL_Driver/Src/stm32f7xx_hal_rtc.o
                0x0000000008005f88                HAL_RTC_SetAlarm
 .text.HAL_RTC_WaitForSynchro
                0x00000000080061b8       0x50 ./Drivers/STM32F7xx_HAL_Driver/Src/stm32f7xx_hal_rtc.o
                0x00000000080061b8                HAL_RTC_WaitForSynchro
 .text.RTC_EnterInitMode
                0x0000000008006208       0x58 ./Drivers/STM32F7xx_HAL_Driver/Src/stm32f7xx_hal_rtc.o
                0x0000000008006208                RTC_EnterInitMode
 .text.RTC_ByteToBcd2
                0x0000000008006260       0x3c ./Drivers/STM32F7xx_HAL_Driver/Src/stm32f7xx_hal_rtc.o
                0x0000000008006260                RTC_ByteToBcd2
 .text.HAL_RTCEx_SetTimeStamp
                0x000000000800629c       0xac ./Drivers/STM32F7xx_HAL_Driver/Src/stm32f7xx_hal_rtc_ex.o
                0x000000000800629c                HAL_RTCEx_SetTimeStamp
 .text.HAL_SAI_Init
                0x0000000008006348      0x2fc ./Drivers/STM32F7xx_HAL_Driver/Src/stm32f7xx_hal_sai.o
                0x0000000008006348                HAL_SAI_Init
 .text.SAI_Disable
                0x0000000008006644       0x70 ./Drivers/STM32F7xx_HAL_Driver/Src/stm32f7xx_hal_sai.o
 .text.HAL_SDRAM_Init
                0x00000000080066b4       0x68 ./Drivers/STM32F7xx_HAL_Driver/Src/stm32f7xx_hal_sdram.o
                0x00000000080066b4                HAL_SDRAM_Init
 .text.HAL_SPDIFRX_Init
                0x000000000800671c       0xb8 ./Drivers/STM32F7xx_HAL_Driver/Src/stm32f7xx_hal_spdifrx.o
                0x000000000800671c                HAL_SPDIFRX_Init
 .text.HAL_SPI_Init
                0x00000000080067d4      0x156 ./Drivers/STM32F7xx_HAL_Driver/Src/stm32f7xx_hal_spi.o
                0x00000000080067d4                HAL_SPI_Init
 .text.HAL_TIM_Base_Init
                0x000000000800692a       0xae ./Drivers/STM32F7xx_HAL_Driver/Src/stm32f7xx_hal_tim.o
                0x000000000800692a                HAL_TIM_Base_Init
 .text.HAL_TIM_Base_Start_IT
                0x00000000080069d8       0xf0 ./Drivers/STM32F7xx_HAL_Driver/Src/stm32f7xx_hal_tim.o
                0x00000000080069d8                HAL_TIM_Base_Start_IT
 .text.HAL_TIM_OC_Init
                0x0000000008006ac8       0xae ./Drivers/STM32F7xx_HAL_Driver/Src/stm32f7xx_hal_tim.o
                0x0000000008006ac8                HAL_TIM_OC_Init
 .text.HAL_TIM_OC_MspInit
                0x0000000008006b76       0x14 ./Drivers/STM32F7xx_HAL_Driver/Src/stm32f7xx_hal_tim.o
                0x0000000008006b76                HAL_TIM_OC_MspInit
 *fill*         0x0000000008006b8a        0x2 
 .text.HAL_TIM_OC_Start_IT
                0x0000000008006b8c      0x290 ./Drivers/STM32F7xx_HAL_Driver/Src/stm32f7xx_hal_tim.o
                0x0000000008006b8c                HAL_TIM_OC_Start_IT
 .text.HAL_TIM_PWM_Init
                0x0000000008006e1c       0xae ./Drivers/STM32F7xx_HAL_Driver/Src/stm32f7xx_hal_tim.o
                0x0000000008006e1c                HAL_TIM_PWM_Init
 .text.HAL_TIM_IRQHandler
                0x0000000008006eca      0x23e ./Drivers/STM32F7xx_HAL_Driver/Src/stm32f7xx_hal_tim.o
                0x0000000008006eca                HAL_TIM_IRQHandler
 .text.HAL_TIM_OC_ConfigChannel
                0x0000000008007108       0xf4 ./Drivers/STM32F7xx_HAL_Driver/Src/stm32f7xx_hal_tim.o
                0x0000000008007108                HAL_TIM_OC_ConfigChannel
 .text.HAL_TIM_PWM_ConfigChannel
                0x00000000080071fc      0x228 ./Drivers/STM32F7xx_HAL_Driver/Src/stm32f7xx_hal_tim.o
                0x00000000080071fc                HAL_TIM_PWM_ConfigChannel
 .text.HAL_TIM_ConfigClockSource
                0x0000000008007424      0x194 ./Drivers/STM32F7xx_HAL_Driver/Src/stm32f7xx_hal_tim.o
                0x0000000008007424                HAL_TIM_ConfigClockSource
 .text.HAL_TIM_OC_DelayElapsedCallback
                0x00000000080075b8       0x14 ./Drivers/STM32F7xx_HAL_Driver/Src/stm32f7xx_hal_tim.o
                0x00000000080075b8                HAL_TIM_OC_DelayElapsedCallback
 .text.HAL_TIM_IC_CaptureCallback
                0x00000000080075cc       0x14 ./Drivers/STM32F7xx_HAL_Driver/Src/stm32f7xx_hal_tim.o
                0x00000000080075cc                HAL_TIM_IC_CaptureCallback
 .text.HAL_TIM_PWM_PulseFinishedCallback
                0x00000000080075e0       0x14 ./Drivers/STM32F7xx_HAL_Driver/Src/stm32f7xx_hal_tim.o
                0x00000000080075e0                HAL_TIM_PWM_PulseFinishedCallback
 .text.HAL_TIM_TriggerCallback
                0x00000000080075f4       0x14 ./Drivers/STM32F7xx_HAL_Driver/Src/stm32f7xx_hal_tim.o
                0x00000000080075f4                HAL_TIM_TriggerCallback
 .text.TIM_Base_SetConfig
                0x0000000008007608      0x140 ./Drivers/STM32F7xx_HAL_Driver/Src/stm32f7xx_hal_tim.o
                0x0000000008007608                TIM_Base_SetConfig
 .text.TIM_OC1_SetConfig
                0x0000000008007748       0xe4 ./Drivers/STM32F7xx_HAL_Driver/Src/stm32f7xx_hal_tim.o
 .text.TIM_OC2_SetConfig
                0x000000000800782c       0xf0 ./Drivers/STM32F7xx_HAL_Driver/Src/stm32f7xx_hal_tim.o
                0x000000000800782c                TIM_OC2_SetConfig
 .text.TIM_OC3_SetConfig
                0x000000000800791c       0xec ./Drivers/STM32F7xx_HAL_Driver/Src/stm32f7xx_hal_tim.o
 .text.TIM_OC4_SetConfig
                0x0000000008007a08       0xb0 ./Drivers/STM32F7xx_HAL_Driver/Src/stm32f7xx_hal_tim.o
 .text.TIM_OC5_SetConfig
                0x0000000008007ab8       0xa4 ./Drivers/STM32F7xx_HAL_Driver/Src/stm32f7xx_hal_tim.o
 .text.TIM_OC6_SetConfig
                0x0000000008007b5c       0xa8 ./Drivers/STM32F7xx_HAL_Driver/Src/stm32f7xx_hal_tim.o
 .text.TIM_TI1_ConfigInputStage
                0x0000000008007c04       0x5e ./Drivers/STM32F7xx_HAL_Driver/Src/stm32f7xx_hal_tim.o
 .text.TIM_TI2_ConfigInputStage
                0x0000000008007c62       0x60 ./Drivers/STM32F7xx_HAL_Driver/Src/stm32f7xx_hal_tim.o
 .text.TIM_ITRx_SetConfig
                0x0000000008007cc2       0x36 ./Drivers/STM32F7xx_HAL_Driver/Src/stm32f7xx_hal_tim.o
 .text.TIM_ETR_SetConfig
                0x0000000008007cf8       0x40 ./Drivers/STM32F7xx_HAL_Driver/Src/stm32f7xx_hal_tim.o
                0x0000000008007cf8                TIM_ETR_SetConfig
 .text.TIM_CCxChannelCmd
                0x0000000008007d38       0x4a ./Drivers/STM32F7xx_HAL_Driver/Src/stm32f7xx_hal_tim.o
                0x0000000008007d38                TIM_CCxChannelCmd
 *fill*         0x0000000008007d82        0x2 
 .text.HAL_TIMEx_MasterConfigSynchronization
                0x0000000008007d84      0x11c ./Drivers/STM32F7xx_HAL_Driver/Src/stm32f7xx_hal_tim_ex.o
                0x0000000008007d84                HAL_TIMEx_MasterConfigSynchronization
 .text.HAL_TIMEx_ConfigBreakDeadTime
                0x0000000008007ea0       0xfc ./Drivers/STM32F7xx_HAL_Driver/Src/stm32f7xx_hal_tim_ex.o
                0x0000000008007ea0                HAL_TIMEx_ConfigBreakDeadTime
 .text.HAL_TIMEx_CommutCallback
                0x0000000008007f9c       0x14 ./Drivers/STM32F7xx_HAL_Driver/Src/stm32f7xx_hal_tim_ex.o
                0x0000000008007f9c                HAL_TIMEx_CommutCallback
 .text.HAL_TIMEx_BreakCallback
                0x0000000008007fb0       0x14 ./Drivers/STM32F7xx_HAL_Driver/Src/stm32f7xx_hal_tim_ex.o
                0x0000000008007fb0                HAL_TIMEx_BreakCallback
 .text.HAL_TIMEx_Break2Callback
                0x0000000008007fc4       0x14 ./Drivers/STM32F7xx_HAL_Driver/Src/stm32f7xx_hal_tim_ex.o
                0x0000000008007fc4                HAL_TIMEx_Break2Callback
 .text.HAL_UART_Init
                0x0000000008007fd8       0x9c ./Drivers/STM32F7xx_HAL_Driver/Src/stm32f7xx_hal_uart.o
                0x0000000008007fd8                HAL_UART_Init
 .text.UART_SetConfig
                0x0000000008008074      0x4c8 ./Drivers/STM32F7xx_HAL_Driver/Src/stm32f7xx_hal_uart.o
                0x0000000008008074                UART_SetConfig
 .text.UART_AdvFeatureConfig
                0x000000000800853c      0x144 ./Drivers/STM32F7xx_HAL_Driver/Src/stm32f7xx_hal_uart.o
                0x000000000800853c                UART_AdvFeatureConfig
 .text.UART_CheckIdleState
                0x0000000008008680       0x66 ./Drivers/STM32F7xx_HAL_Driver/Src/stm32f7xx_hal_uart.o
                0x0000000008008680                UART_CheckIdleState
 .text.UART_WaitOnFlagUntilTimeout
                0x00000000080086e6      0x188 ./Drivers/STM32F7xx_HAL_Driver/Src/stm32f7xx_hal_uart.o
                0x00000000080086e6                UART_WaitOnFlagUntilTimeout
 *fill*         0x000000000800886e        0x2 
 .text.FMC_SDRAM_Init
                0x0000000008008870       0xb8 ./Drivers/STM32F7xx_HAL_Driver/Src/stm32f7xx_ll_fmc.o
                0x0000000008008870                FMC_SDRAM_Init
 .text.FMC_SDRAM_Timing_Init
                0x0000000008008928       0xd4 ./Drivers/STM32F7xx_HAL_Driver/Src/stm32f7xx_ll_fmc.o
                0x0000000008008928                FMC_SDRAM_Timing_Init
 .text.__libc_init_array
                0x00000000080089fc       0x48 c:/st/stm32cubeide_1.9.0/stm32cubeide/plugins/com.st.stm32cube.ide.mcu.externaltools.gnu-tools-for-stm32.10.3-2021.10.win32_1.0.0.202111181127/tools/bin/../lib/gcc/arm-none-eabi/10.3.1/../../../../arm-none-eabi/lib/thumb/v7e-m+fp/hard\libc_nano.a(lib_a-init.o)
                0x00000000080089fc                __libc_init_array
 .text.memset   0x0000000008008a44       0x10 c:/st/stm32cubeide_1.9.0/stm32cubeide/plugins/com.st.stm32cube.ide.mcu.externaltools.gnu-tools-for-stm32.10.3-2021.10.win32_1.0.0.202111181127/tools/bin/../lib/gcc/arm-none-eabi/10.3.1/../../../../arm-none-eabi/lib/thumb/v7e-m+fp/hard\libc_nano.a(lib_a-memset.o)
                0x0000000008008a44                memset
 *(.glue_7)
 .glue_7        0x0000000008008a54        0x0 linker stubs
 *(.glue_7t)
 .glue_7t       0x0000000008008a54        0x0 linker stubs
 *(.eh_frame)
 .eh_frame      0x0000000008008a54        0x0 c:/st/stm32cubeide_1.9.0/stm32cubeide/plugins/com.st.stm32cube.ide.mcu.externaltools.gnu-tools-for-stm32.10.3-2021.10.win32_1.0.0.202111181127/tools/bin/../lib/gcc/arm-none-eabi/10.3.1/thumb/v7e-m+fp/hard/crtbegin.o
 *(.init)
 .init          0x0000000008008a54        0x4 c:/st/stm32cubeide_1.9.0/stm32cubeide/plugins/com.st.stm32cube.ide.mcu.externaltools.gnu-tools-for-stm32.10.3-2021.10.win32_1.0.0.202111181127/tools/bin/../lib/gcc/arm-none-eabi/10.3.1/thumb/v7e-m+fp/hard/crti.o
                0x0000000008008a54                _init
 .init          0x0000000008008a58        0x8 c:/st/stm32cubeide_1.9.0/stm32cubeide/plugins/com.st.stm32cube.ide.mcu.externaltools.gnu-tools-for-stm32.10.3-2021.10.win32_1.0.0.202111181127/tools/bin/../lib/gcc/arm-none-eabi/10.3.1/thumb/v7e-m+fp/hard/crtn.o
 *(.fini)
 .fini          0x0000000008008a60        0x4 c:/st/stm32cubeide_1.9.0/stm32cubeide/plugins/com.st.stm32cube.ide.mcu.externaltools.gnu-tools-for-stm32.10.3-2021.10.win32_1.0.0.202111181127/tools/bin/../lib/gcc/arm-none-eabi/10.3.1/thumb/v7e-m+fp/hard/crti.o
                0x0000000008008a60                _fini
 .fini          0x0000000008008a64        0x8 c:/st/stm32cubeide_1.9.0/stm32cubeide/plugins/com.st.stm32cube.ide.mcu.externaltools.gnu-tools-for-stm32.10.3-2021.10.win32_1.0.0.202111181127/tools/bin/../lib/gcc/arm-none-eabi/10.3.1/thumb/v7e-m+fp/hard/crtn.o
                0x0000000008008a6c                . = ALIGN (0x4)
                0x0000000008008a6c                _etext = .

.vfp11_veneer   0x0000000008008a6c        0x0
 .vfp11_veneer  0x0000000008008a6c        0x0 linker stubs

.v4_bx          0x0000000008008a6c        0x0
 .v4_bx         0x0000000008008a6c        0x0 linker stubs

.iplt           0x0000000008008a6c        0x0
 .iplt          0x0000000008008a6c        0x0 c:/st/stm32cubeide_1.9.0/stm32cubeide/plugins/com.st.stm32cube.ide.mcu.externaltools.gnu-tools-for-stm32.10.3-2021.10.win32_1.0.0.202111181127/tools/bin/../lib/gcc/arm-none-eabi/10.3.1/thumb/v7e-m+fp/hard/crtbegin.o

.rodata         0x0000000008008a6c       0x18
                0x0000000008008a6c                . = ALIGN (0x4)
 *(.rodata)
 *(.rodata*)
 .rodata.AHBPrescTable
                0x0000000008008a6c       0x10 ./Core/Src/system_stm32f7xx.o
                0x0000000008008a6c                AHBPrescTable
 .rodata.APBPrescTable
                0x0000000008008a7c        0x8 ./Core/Src/system_stm32f7xx.o
                0x0000000008008a7c                APBPrescTable
                0x0000000008008a84                . = ALIGN (0x4)

.ARM.extab      0x0000000008008a84        0x0
                0x0000000008008a84                . = ALIGN (0x4)
 *(.ARM.extab* .gnu.linkonce.armextab.*)
                0x0000000008008a84                . = ALIGN (0x4)

.ARM            0x0000000008008a84        0x8
                0x0000000008008a84                . = ALIGN (0x4)
                0x0000000008008a84                __exidx_start = .
 *(.ARM.exidx*)
 .ARM.exidx     0x0000000008008a84        0x8 c:/st/stm32cubeide_1.9.0/stm32cubeide/plugins/com.st.stm32cube.ide.mcu.externaltools.gnu-tools-for-stm32.10.3-2021.10.win32_1.0.0.202111181127/tools/bin/../lib/gcc/arm-none-eabi/10.3.1/thumb/v7e-m+fp/hard\libgcc.a(_udivmoddi4.o)
                0x0000000008008a8c                __exidx_end = .
                0x0000000008008a8c                . = ALIGN (0x4)

.rel.dyn        0x0000000008008a8c        0x0
 .rel.iplt      0x0000000008008a8c        0x0 c:/st/stm32cubeide_1.9.0/stm32cubeide/plugins/com.st.stm32cube.ide.mcu.externaltools.gnu-tools-for-stm32.10.3-2021.10.win32_1.0.0.202111181127/tools/bin/../lib/gcc/arm-none-eabi/10.3.1/thumb/v7e-m+fp/hard/crtbegin.o

.preinit_array  0x0000000008008a8c        0x0
                0x0000000008008a8c                . = ALIGN (0x4)
                0x0000000008008a8c                PROVIDE (__preinit_array_start = .)
 *(.preinit_array*)
                0x0000000008008a8c                PROVIDE (__preinit_array_end = .)
                0x0000000008008a8c                . = ALIGN (0x4)

.init_array     0x0000000008008a8c        0x4
                0x0000000008008a8c                . = ALIGN (0x4)
                0x0000000008008a8c                PROVIDE (__init_array_start = .)
 *(SORT_BY_NAME(.init_array.*))
 *(.init_array*)
 .init_array    0x0000000008008a8c        0x4 c:/st/stm32cubeide_1.9.0/stm32cubeide/plugins/com.st.stm32cube.ide.mcu.externaltools.gnu-tools-for-stm32.10.3-2021.10.win32_1.0.0.202111181127/tools/bin/../lib/gcc/arm-none-eabi/10.3.1/thumb/v7e-m+fp/hard/crtbegin.o
                0x0000000008008a90                PROVIDE (__init_array_end = .)
                0x0000000008008a90                . = ALIGN (0x4)

.fini_array     0x0000000008008a90        0x4
                0x0000000008008a90                . = ALIGN (0x4)
                [!provide]                        PROVIDE (__fini_array_start = .)
 *(SORT_BY_NAME(.fini_array.*))
 *(.fini_array*)
 .fini_array    0x0000000008008a90        0x4 c:/st/stm32cubeide_1.9.0/stm32cubeide/plugins/com.st.stm32cube.ide.mcu.externaltools.gnu-tools-for-stm32.10.3-2021.10.win32_1.0.0.202111181127/tools/bin/../lib/gcc/arm-none-eabi/10.3.1/thumb/v7e-m+fp/hard/crtbegin.o
                [!provide]                        PROVIDE (__fini_array_end = .)
                0x0000000008008a94                . = ALIGN (0x4)
                0x0000000008008a94                _sidata = LOADADDR (.data)

.data           0x0000000020000000        0xc load address 0x0000000008008a94
                0x0000000020000000                . = ALIGN (0x4)
                0x0000000020000000                _sdata = .
 *(.data)
 *(.data*)
 .data.SystemCoreClock
                0x0000000020000000        0x4 ./Core/Src/system_stm32f7xx.o
                0x0000000020000000                SystemCoreClock
 .data.uwTickPrio
                0x0000000020000004        0x4 ./Drivers/STM32F7xx_HAL_Driver/Src/stm32f7xx_hal.o
                0x0000000020000004                uwTickPrio
 .data.uwTickFreq
                0x0000000020000008        0x1 ./Drivers/STM32F7xx_HAL_Driver/Src/stm32f7xx_hal.o
                0x0000000020000008                uwTickFreq
 *(.RamFunc)
 *(.RamFunc*)
                0x000000002000000c                . = ALIGN (0x4)
 *fill*         0x0000000020000009        0x3 
                0x000000002000000c                _edata = .

.igot.plt       0x000000002000000c        0x0 load address 0x0000000008008aa0
 .igot.plt      0x000000002000000c        0x0 c:/st/stm32cubeide_1.9.0/stm32cubeide/plugins/com.st.stm32cube.ide.mcu.externaltools.gnu-tools-for-stm32.10.3-2021.10.win32_1.0.0.202111181127/tools/bin/../lib/gcc/arm-none-eabi/10.3.1/thumb/v7e-m+fp/hard/crtbegin.o
                0x000000002000000c                . = ALIGN (0x4)

.bss            0x000000002000000c      0x6bc load address 0x0000000008008aa0
                0x000000002000000c                _sbss = .
                0x000000002000000c                __bss_start__ = _sbss
 *(.bss)
 .bss           0x000000002000000c       0x1c c:/st/stm32cubeide_1.9.0/stm32cubeide/plugins/com.st.stm32cube.ide.mcu.externaltools.gnu-tools-for-stm32.10.3-2021.10.win32_1.0.0.202111181127/tools/bin/../lib/gcc/arm-none-eabi/10.3.1/thumb/v7e-m+fp/hard/crtbegin.o
 *(.bss*)
 .bss.hadc3     0x0000000020000028       0x48 ./Core/Src/main.o
                0x0000000020000028                hadc3
 .bss.hcrc      0x0000000020000070       0x24 ./Core/Src/main.o
                0x0000000020000070                hcrc
 .bss.hdcmi     0x0000000020000094       0x50 ./Core/Src/main.o
                0x0000000020000094                hdcmi
 .bss.hdma2d    0x00000000200000e4       0x40 ./Core/Src/main.o
                0x00000000200000e4                hdma2d
 .bss.hi2c3     0x0000000020000124       0x4c ./Core/Src/main.o
                0x0000000020000124                hi2c3
 .bss.hltdc     0x0000000020000170       0xa8 ./Core/Src/main.o
                0x0000000020000170                hltdc
 .bss.hrtc      0x0000000020000218       0x20 ./Core/Src/main.o
                0x0000000020000218                hrtc
 .bss.hsai_BlockA2
                0x0000000020000238       0x84 ./Core/Src/main.o
                0x0000000020000238                hsai_BlockA2
 .bss.hsai_BlockB2
                0x00000000200002bc       0x84 ./Core/Src/main.o
                0x00000000200002bc                hsai_BlockB2
 .bss.hspdif    0x0000000020000340       0x4c ./Core/Src/main.o
                0x0000000020000340                hspdif
 .bss.hspi2     0x000000002000038c       0x64 ./Core/Src/main.o
                0x000000002000038c                hspi2
 .bss.htim1     0x00000000200003f0       0x4c ./Core/Src/main.o
                0x00000000200003f0                htim1
 .bss.htim2     0x000000002000043c       0x4c ./Core/Src/main.o
                0x000000002000043c                htim2
 .bss.htim3     0x0000000020000488       0x4c ./Core/Src/main.o
                0x0000000020000488                htim3
 .bss.htim5     0x00000000200004d4       0x4c ./Core/Src/main.o
                0x00000000200004d4                htim5
 .bss.htim8     0x0000000020000520       0x4c ./Core/Src/main.o
                0x0000000020000520                htim8
 .bss.htim12    0x000000002000056c       0x4c ./Core/Src/main.o
                0x000000002000056c                htim12
 .bss.huart1    0x00000000200005b8       0x84 ./Core/Src/main.o
                0x00000000200005b8                huart1
 .bss.hsdram1   0x000000002000063c       0x34 ./Core/Src/main.o
                0x000000002000063c                hsdram1
 .bss.FMC_Initialized
                0x0000000020000670        0x4 ./Core/Src/stm32f7xx_hal_msp.o
 .bss.SAI2_client
                0x0000000020000674        0x4 ./Core/Src/stm32f7xx_hal_msp.o
 .bss.htim6     0x0000000020000678       0x4c ./Core/Src/stm32f7xx_hal_timebase_tim.o
                0x0000000020000678                htim6
 .bss.uwTick    0x00000000200006c4        0x4 ./Drivers/STM32F7xx_HAL_Driver/Src/stm32f7xx_hal.o
                0x00000000200006c4                uwTick
 *(COMMON)
                0x00000000200006c8                . = ALIGN (0x4)
                0x00000000200006c8                _ebss = .
                0x00000000200006c8                __bss_end__ = _ebss

._user_heap_stack
                0x00000000200006c8     0x2000 load address 0x0000000008008aa0
                0x00000000200006c8                . = ALIGN (0x8)
                [!provide]                        PROVIDE (end = .)
                0x00000000200006c8                PROVIDE (_end = .)
                0x00000000200016c8                . = (. + _Min_Heap_Size)
 *fill*         0x00000000200006c8     0x1000 
                0x00000000200026c8                . = (. + _Min_Stack_Size)
 *fill*         0x00000000200016c8     0x1000 
                0x00000000200026c8                . = ALIGN (0x8)

/DISCARD/
 libc.a(*)
 libm.a(*)
 libgcc.a(*)

.ARM.attributes
                0x0000000000000000       0x30
 *(.ARM.attributes)
 .ARM.attributes
                0x0000000000000000       0x1e c:/st/stm32cubeide_1.9.0/stm32cubeide/plugins/com.st.stm32cube.ide.mcu.externaltools.gnu-tools-for-stm32.10.3-2021.10.win32_1.0.0.202111181127/tools/bin/../lib/gcc/arm-none-eabi/10.3.1/thumb/v7e-m+fp/hard/crti.o
 .ARM.attributes
                0x000000000000001e       0x34 c:/st/stm32cubeide_1.9.0/stm32cubeide/plugins/com.st.stm32cube.ide.mcu.externaltools.gnu-tools-for-stm32.10.3-2021.10.win32_1.0.0.202111181127/tools/bin/../lib/gcc/arm-none-eabi/10.3.1/thumb/v7e-m+fp/hard/crtbegin.o
 .ARM.attributes
                0x0000000000000052       0x34 ./Core/Src/isrs.o
 .ARM.attributes
                0x0000000000000086       0x34 ./Core/Src/main.o
 .ARM.attributes
                0x00000000000000ba       0x34 ./Core/Src/stm32f7xx_hal_msp.o
 .ARM.attributes
                0x00000000000000ee       0x34 ./Core/Src/stm32f7xx_hal_timebase_tim.o
 .ARM.attributes
                0x0000000000000122       0x34 ./Core/Src/stm32f7xx_it.o
 .ARM.attributes
                0x0000000000000156       0x34 ./Core/Src/system_stm32f7xx.o
 .ARM.attributes
                0x000000000000018a       0x21 ./Core/Startup/startup_stm32f746nghx.o
 .ARM.attributes
                0x00000000000001ab       0x34 ./Drivers/STM32F7xx_HAL_Driver/Src/stm32f7xx_hal.o
 .ARM.attributes
                0x00000000000001df       0x34 ./Drivers/STM32F7xx_HAL_Driver/Src/stm32f7xx_hal_adc.o
 .ARM.attributes
                0x0000000000000213       0x34 ./Drivers/STM32F7xx_HAL_Driver/Src/stm32f7xx_hal_adc_ex.o
 .ARM.attributes
                0x0000000000000247       0x34 ./Drivers/STM32F7xx_HAL_Driver/Src/stm32f7xx_hal_cortex.o
 .ARM.attributes
                0x000000000000027b       0x34 ./Drivers/STM32F7xx_HAL_Driver/Src/stm32f7xx_hal_crc.o
 .ARM.attributes
                0x00000000000002af       0x34 ./Drivers/STM32F7xx_HAL_Driver/Src/stm32f7xx_hal_crc_ex.o
 .ARM.attributes
                0x00000000000002e3       0x34 ./Drivers/STM32F7xx_HAL_Driver/Src/stm32f7xx_hal_dcmi.o
 .ARM.attributes
                0x0000000000000317       0x34 ./Drivers/STM32F7xx_HAL_Driver/Src/stm32f7xx_hal_dma2d.o
 .ARM.attributes
                0x000000000000034b       0x34 ./Drivers/STM32F7xx_HAL_Driver/Src/stm32f7xx_hal_gpio.o
 .ARM.attributes
                0x000000000000037f       0x34 ./Drivers/STM32F7xx_HAL_Driver/Src/stm32f7xx_hal_i2c.o
 .ARM.attributes
                0x00000000000003b3       0x34 ./Drivers/STM32F7xx_HAL_Driver/Src/stm32f7xx_hal_i2c_ex.o
 .ARM.attributes
                0x00000000000003e7       0x34 ./Drivers/STM32F7xx_HAL_Driver/Src/stm32f7xx_hal_ltdc.o
 .ARM.attributes
                0x000000000000041b       0x34 ./Drivers/STM32F7xx_HAL_Driver/Src/stm32f7xx_hal_pwr.o
 .ARM.attributes
                0x000000000000044f       0x34 ./Drivers/STM32F7xx_HAL_Driver/Src/stm32f7xx_hal_pwr_ex.o
 .ARM.attributes
                0x0000000000000483       0x34 ./Drivers/STM32F7xx_HAL_Driver/Src/stm32f7xx_hal_rcc.o
 .ARM.attributes
                0x00000000000004b7       0x34 ./Drivers/STM32F7xx_HAL_Driver/Src/stm32f7xx_hal_rcc_ex.o
 .ARM.attributes
                0x00000000000004eb       0x34 ./Drivers/STM32F7xx_HAL_Driver/Src/stm32f7xx_hal_rtc.o
 .ARM.attributes
                0x000000000000051f       0x34 ./Drivers/STM32F7xx_HAL_Driver/Src/stm32f7xx_hal_rtc_ex.o
 .ARM.attributes
                0x0000000000000553       0x34 ./Drivers/STM32F7xx_HAL_Driver/Src/stm32f7xx_hal_sai.o
 .ARM.attributes
                0x0000000000000587       0x34 ./Drivers/STM32F7xx_HAL_Driver/Src/stm32f7xx_hal_sdram.o
 .ARM.attributes
                0x00000000000005bb       0x34 ./Drivers/STM32F7xx_HAL_Driver/Src/stm32f7xx_hal_spdifrx.o
 .ARM.attributes
                0x00000000000005ef       0x34 ./Drivers/STM32F7xx_HAL_Driver/Src/stm32f7xx_hal_spi.o
 .ARM.attributes
                0x0000000000000623       0x34 ./Drivers/STM32F7xx_HAL_Driver/Src/stm32f7xx_hal_tim.o
 .ARM.attributes
                0x0000000000000657       0x34 ./Drivers/STM32F7xx_HAL_Driver/Src/stm32f7xx_hal_tim_ex.o
 .ARM.attributes
                0x000000000000068b       0x34 ./Drivers/STM32F7xx_HAL_Driver/Src/stm32f7xx_hal_uart.o
 .ARM.attributes
                0x00000000000006bf       0x34 ./Drivers/STM32F7xx_HAL_Driver/Src/stm32f7xx_ll_fmc.o
 .ARM.attributes
                0x00000000000006f3       0x34 c:/st/stm32cubeide_1.9.0/stm32cubeide/plugins/com.st.stm32cube.ide.mcu.externaltools.gnu-tools-for-stm32.10.3-2021.10.win32_1.0.0.202111181127/tools/bin/../lib/gcc/arm-none-eabi/10.3.1/../../../../arm-none-eabi/lib/thumb/v7e-m+fp/hard\libc_nano.a(lib_a-init.o)
 .ARM.attributes
                0x0000000000000727       0x34 c:/st/stm32cubeide_1.9.0/stm32cubeide/plugins/com.st.stm32cube.ide.mcu.externaltools.gnu-tools-for-stm32.10.3-2021.10.win32_1.0.0.202111181127/tools/bin/../lib/gcc/arm-none-eabi/10.3.1/../../../../arm-none-eabi/lib/thumb/v7e-m+fp/hard\libc_nano.a(lib_a-memset.o)
 .ARM.attributes
                0x000000000000075b       0x1e c:/st/stm32cubeide_1.9.0/stm32cubeide/plugins/com.st.stm32cube.ide.mcu.externaltools.gnu-tools-for-stm32.10.3-2021.10.win32_1.0.0.202111181127/tools/bin/../lib/gcc/arm-none-eabi/10.3.1/thumb/v7e-m+fp/hard\libgcc.a(_aeabi_uldivmod.o)
 .ARM.attributes
                0x0000000000000779       0x34 c:/st/stm32cubeide_1.9.0/stm32cubeide/plugins/com.st.stm32cube.ide.mcu.externaltools.gnu-tools-for-stm32.10.3-2021.10.win32_1.0.0.202111181127/tools/bin/../lib/gcc/arm-none-eabi/10.3.1/thumb/v7e-m+fp/hard\libgcc.a(_udivmoddi4.o)
 .ARM.attributes
                0x00000000000007ad       0x1e c:/st/stm32cubeide_1.9.0/stm32cubeide/plugins/com.st.stm32cube.ide.mcu.externaltools.gnu-tools-for-stm32.10.3-2021.10.win32_1.0.0.202111181127/tools/bin/../lib/gcc/arm-none-eabi/10.3.1/thumb/v7e-m+fp/hard\libgcc.a(_dvmd_tls.o)
 .ARM.attributes
                0x00000000000007cb       0x1e c:/st/stm32cubeide_1.9.0/stm32cubeide/plugins/com.st.stm32cube.ide.mcu.externaltools.gnu-tools-for-stm32.10.3-2021.10.win32_1.0.0.202111181127/tools/bin/../lib/gcc/arm-none-eabi/10.3.1/thumb/v7e-m+fp/hard/crtn.o
OUTPUT(realtimeOscilloscope.elf elf32-littlearm)
LOAD linker stubs
LOAD c:/st/stm32cubeide_1.9.0/stm32cubeide/plugins/com.st.stm32cube.ide.mcu.externaltools.gnu-tools-for-stm32.10.3-2021.10.win32_1.0.0.202111181127/tools/bin/../lib/gcc/arm-none-eabi/10.3.1/../../../../arm-none-eabi/lib/thumb/v7e-m+fp/hard\libc.a
LOAD c:/st/stm32cubeide_1.9.0/stm32cubeide/plugins/com.st.stm32cube.ide.mcu.externaltools.gnu-tools-for-stm32.10.3-2021.10.win32_1.0.0.202111181127/tools/bin/../lib/gcc/arm-none-eabi/10.3.1/../../../../arm-none-eabi/lib/thumb/v7e-m+fp/hard\libm.a
LOAD c:/st/stm32cubeide_1.9.0/stm32cubeide/plugins/com.st.stm32cube.ide.mcu.externaltools.gnu-tools-for-stm32.10.3-2021.10.win32_1.0.0.202111181127/tools/bin/../lib/gcc/arm-none-eabi/10.3.1/thumb/v7e-m+fp/hard\libgcc.a

.debug_info     0x0000000000000000    0x25430
 .debug_info    0x0000000000000000      0x5ec ./Core/Src/isrs.o
 .debug_info    0x00000000000005ec     0x3d3c ./Core/Src/main.o
 .debug_info    0x0000000000004328     0x3ad6 ./Core/Src/stm32f7xx_hal_msp.o
 .debug_info    0x0000000000007dfe      0xcf6 ./Core/Src/stm32f7xx_hal_timebase_tim.o
 .debug_info    0x0000000000008af4     0x113f ./Core/Src/stm32f7xx_it.o
 .debug_info    0x0000000000009c33      0x72c ./Core/Src/system_stm32f7xx.o
 .debug_info    0x000000000000a35f       0x22 ./Core/Startup/startup_stm32f746nghx.o
 .debug_info    0x000000000000a381      0xa0c ./Drivers/STM32F7xx_HAL_Driver/Src/stm32f7xx_hal.o
 .debug_info    0x000000000000ad8d      0xd19 ./Drivers/STM32F7xx_HAL_Driver/Src/stm32f7xx_hal_adc.o
 .debug_info    0x000000000000baa6      0xb68 ./Drivers/STM32F7xx_HAL_Driver/Src/stm32f7xx_hal_adc_ex.o
 .debug_info    0x000000000000c60e     0x105a ./Drivers/STM32F7xx_HAL_Driver/Src/stm32f7xx_hal_cortex.o
 .debug_info    0x000000000000d668      0x57c ./Drivers/STM32F7xx_HAL_Driver/Src/stm32f7xx_hal_crc.o
 .debug_info    0x000000000000dbe4      0x38f ./Drivers/STM32F7xx_HAL_Driver/Src/stm32f7xx_hal_crc_ex.o
 .debug_info    0x000000000000df73      0xb92 ./Drivers/STM32F7xx_HAL_Driver/Src/stm32f7xx_hal_dcmi.o
 .debug_info    0x000000000000eb05      0xf9f ./Drivers/STM32F7xx_HAL_Driver/Src/stm32f7xx_hal_dma2d.o
 .debug_info    0x000000000000faa4      0x794 ./Drivers/STM32F7xx_HAL_Driver/Src/stm32f7xx_hal_gpio.o
 .debug_info    0x0000000000010238     0x2231 ./Drivers/STM32F7xx_HAL_Driver/Src/stm32f7xx_hal_i2c.o
 .debug_info    0x0000000000012469      0x9ba ./Drivers/STM32F7xx_HAL_Driver/Src/stm32f7xx_hal_i2c_ex.o
 .debug_info    0x0000000000012e23     0x1131 ./Drivers/STM32F7xx_HAL_Driver/Src/stm32f7xx_hal_ltdc.o
 .debug_info    0x0000000000013f54      0x978 ./Drivers/STM32F7xx_HAL_Driver/Src/stm32f7xx_hal_pwr.o
 .debug_info    0x00000000000148cc      0x92e ./Drivers/STM32F7xx_HAL_Driver/Src/stm32f7xx_hal_pwr_ex.o
 .debug_info    0x00000000000151fa      0x99c ./Drivers/STM32F7xx_HAL_Driver/Src/stm32f7xx_hal_rcc.o
 .debug_info    0x0000000000015b96      0x764 ./Drivers/STM32F7xx_HAL_Driver/Src/stm32f7xx_hal_rcc_ex.o
 .debug_info    0x00000000000162fa      0xd3f ./Drivers/STM32F7xx_HAL_Driver/Src/stm32f7xx_hal_rtc.o
 .debug_info    0x0000000000017039     0x1079 ./Drivers/STM32F7xx_HAL_Driver/Src/stm32f7xx_hal_rtc_ex.o
 .debug_info    0x00000000000180b2     0x1215 ./Drivers/STM32F7xx_HAL_Driver/Src/stm32f7xx_hal_sai.o
 .debug_info    0x00000000000192c7      0xf46 ./Drivers/STM32F7xx_HAL_Driver/Src/stm32f7xx_hal_sdram.o
 .debug_info    0x000000000001a20d      0xd95 ./Drivers/STM32F7xx_HAL_Driver/Src/stm32f7xx_hal_spdifrx.o
 .debug_info    0x000000000001afa2     0x1802 ./Drivers/STM32F7xx_HAL_Driver/Src/stm32f7xx_hal_spi.o
 .debug_info    0x000000000001c7a4     0x2cee ./Drivers/STM32F7xx_HAL_Driver/Src/stm32f7xx_hal_tim.o
 .debug_info    0x000000000001f492     0x16c6 ./Drivers/STM32F7xx_HAL_Driver/Src/stm32f7xx_hal_tim_ex.o
 .debug_info    0x0000000000020b58     0x3ca3 ./Drivers/STM32F7xx_HAL_Driver/Src/stm32f7xx_hal_uart.o
 .debug_info    0x00000000000247fb      0xc35 ./Drivers/STM32F7xx_HAL_Driver/Src/stm32f7xx_ll_fmc.o

.debug_abbrev   0x0000000000000000     0x42d5
 .debug_abbrev  0x0000000000000000      0x15b ./Core/Src/isrs.o
 .debug_abbrev  0x000000000000015b      0x2fb ./Core/Src/main.o
 .debug_abbrev  0x0000000000000456      0x2d0 ./Core/Src/stm32f7xx_hal_msp.o
 .debug_abbrev  0x0000000000000726      0x1d3 ./Core/Src/stm32f7xx_hal_timebase_tim.o
 .debug_abbrev  0x00000000000008f9      0x1a2 ./Core/Src/stm32f7xx_it.o
 .debug_abbrev  0x0000000000000a9b      0x136 ./Core/Src/system_stm32f7xx.o
 .debug_abbrev  0x0000000000000bd1       0x12 ./Core/Startup/startup_stm32f746nghx.o
 .debug_abbrev  0x0000000000000be3      0x20d ./Drivers/STM32F7xx_HAL_Driver/Src/stm32f7xx_hal.o
 .debug_abbrev  0x0000000000000df0      0x244 ./Drivers/STM32F7xx_HAL_Driver/Src/stm32f7xx_hal_adc.o
 .debug_abbrev  0x0000000000001034      0x25f ./Drivers/STM32F7xx_HAL_Driver/Src/stm32f7xx_hal_adc_ex.o
 .debug_abbrev  0x0000000000001293      0x316 ./Drivers/STM32F7xx_HAL_Driver/Src/stm32f7xx_hal_cortex.o
 .debug_abbrev  0x00000000000015a9      0x1d8 ./Drivers/STM32F7xx_HAL_Driver/Src/stm32f7xx_hal_crc.o
 .debug_abbrev  0x0000000000001781      0x146 ./Drivers/STM32F7xx_HAL_Driver/Src/stm32f7xx_hal_crc_ex.o
 .debug_abbrev  0x00000000000018c7      0x230 ./Drivers/STM32F7xx_HAL_Driver/Src/stm32f7xx_hal_dcmi.o
 .debug_abbrev  0x0000000000001af7      0x22e ./Drivers/STM32F7xx_HAL_Driver/Src/stm32f7xx_hal_dma2d.o
 .debug_abbrev  0x0000000000001d25      0x1c4 ./Drivers/STM32F7xx_HAL_Driver/Src/stm32f7xx_hal_gpio.o
 .debug_abbrev  0x0000000000001ee9      0x243 ./Drivers/STM32F7xx_HAL_Driver/Src/stm32f7xx_hal_i2c.o
 .debug_abbrev  0x000000000000212c      0x18e ./Drivers/STM32F7xx_HAL_Driver/Src/stm32f7xx_hal_i2c_ex.o
 .debug_abbrev  0x00000000000022ba      0x20c ./Drivers/STM32F7xx_HAL_Driver/Src/stm32f7xx_hal_ltdc.o
 .debug_abbrev  0x00000000000024c6      0x1b8 ./Drivers/STM32F7xx_HAL_Driver/Src/stm32f7xx_hal_pwr.o
 .debug_abbrev  0x000000000000267e      0x1cb ./Drivers/STM32F7xx_HAL_Driver/Src/stm32f7xx_hal_pwr_ex.o
 .debug_abbrev  0x0000000000002849      0x27b ./Drivers/STM32F7xx_HAL_Driver/Src/stm32f7xx_hal_rcc.o
 .debug_abbrev  0x0000000000002ac4      0x1b9 ./Drivers/STM32F7xx_HAL_Driver/Src/stm32f7xx_hal_rcc_ex.o
 .debug_abbrev  0x0000000000002c7d      0x1e9 ./Drivers/STM32F7xx_HAL_Driver/Src/stm32f7xx_hal_rtc.o
 .debug_abbrev  0x0000000000002e66      0x21a ./Drivers/STM32F7xx_HAL_Driver/Src/stm32f7xx_hal_rtc_ex.o
 .debug_abbrev  0x0000000000003080      0x262 ./Drivers/STM32F7xx_HAL_Driver/Src/stm32f7xx_hal_sai.o
 .debug_abbrev  0x00000000000032e2      0x230 ./Drivers/STM32F7xx_HAL_Driver/Src/stm32f7xx_hal_sdram.o
 .debug_abbrev  0x0000000000003512      0x249 ./Drivers/STM32F7xx_HAL_Driver/Src/stm32f7xx_hal_spdifrx.o
 .debug_abbrev  0x000000000000375b      0x254 ./Drivers/STM32F7xx_HAL_Driver/Src/stm32f7xx_hal_spi.o
 .debug_abbrev  0x00000000000039af      0x25d ./Drivers/STM32F7xx_HAL_Driver/Src/stm32f7xx_hal_tim.o
 .debug_abbrev  0x0000000000003c0c      0x265 ./Drivers/STM32F7xx_HAL_Driver/Src/stm32f7xx_hal_tim_ex.o
 .debug_abbrev  0x0000000000003e71      0x2ce ./Drivers/STM32F7xx_HAL_Driver/Src/stm32f7xx_hal_uart.o
 .debug_abbrev  0x000000000000413f      0x196 ./Drivers/STM32F7xx_HAL_Driver/Src/stm32f7xx_ll_fmc.o

.debug_aranges  0x0000000000000000     0x1f10
 .debug_aranges
                0x0000000000000000       0x20 ./Core/Src/isrs.o
 .debug_aranges
                0x0000000000000020       0xd8 ./Core/Src/main.o
 .debug_aranges
                0x00000000000000f8      0x118 ./Core/Src/stm32f7xx_hal_msp.o
 .debug_aranges
                0x0000000000000210       0x30 ./Core/Src/stm32f7xx_hal_timebase_tim.o
 .debug_aranges
                0x0000000000000240       0x80 ./Core/Src/stm32f7xx_it.o
 .debug_aranges
                0x00000000000002c0       0x28 ./Core/Src/system_stm32f7xx.o
 .debug_aranges
                0x00000000000002e8       0x28 ./Core/Startup/startup_stm32f746nghx.o
 .debug_aranges
                0x0000000000000310      0x100 ./Drivers/STM32F7xx_HAL_Driver/Src/stm32f7xx_hal.o
 .debug_aranges
                0x0000000000000410       0xe8 ./Drivers/STM32F7xx_HAL_Driver/Src/stm32f7xx_hal_adc.o
 .debug_aranges
                0x00000000000004f8       0x90 ./Drivers/STM32F7xx_HAL_Driver/Src/stm32f7xx_hal_adc_ex.o
 .debug_aranges
                0x0000000000000588      0x118 ./Drivers/STM32F7xx_HAL_Driver/Src/stm32f7xx_hal_cortex.o
 .debug_aranges
                0x00000000000006a0       0x60 ./Drivers/STM32F7xx_HAL_Driver/Src/stm32f7xx_hal_crc.o
 .debug_aranges
                0x0000000000000700       0x30 ./Drivers/STM32F7xx_HAL_Driver/Src/stm32f7xx_hal_crc_ex.o
 .debug_aranges
                0x0000000000000730       0xc0 ./Drivers/STM32F7xx_HAL_Driver/Src/stm32f7xx_hal_dcmi.o
 .debug_aranges
                0x00000000000007f0      0x118 ./Drivers/STM32F7xx_HAL_Driver/Src/stm32f7xx_hal_dma2d.o
 .debug_aranges
                0x0000000000000908       0x58 ./Drivers/STM32F7xx_HAL_Driver/Src/stm32f7xx_hal_gpio.o
 .debug_aranges
                0x0000000000000960      0x290 ./Drivers/STM32F7xx_HAL_Driver/Src/stm32f7xx_hal_i2c.o
 .debug_aranges
                0x0000000000000bf0       0x38 ./Drivers/STM32F7xx_HAL_Driver/Src/stm32f7xx_hal_i2c_ex.o
 .debug_aranges
                0x0000000000000c28      0x158 ./Drivers/STM32F7xx_HAL_Driver/Src/stm32f7xx_hal_ltdc.o
 .debug_aranges
                0x0000000000000d80       0xa0 ./Drivers/STM32F7xx_HAL_Driver/Src/stm32f7xx_hal_pwr.o
 .debug_aranges
                0x0000000000000e20       0x80 ./Drivers/STM32F7xx_HAL_Driver/Src/stm32f7xx_hal_pwr_ex.o
 .debug_aranges
                0x0000000000000ea0       0x88 ./Drivers/STM32F7xx_HAL_Driver/Src/stm32f7xx_hal_rcc.o
 .debug_aranges
                0x0000000000000f28       0x50 ./Drivers/STM32F7xx_HAL_Driver/Src/stm32f7xx_hal_rcc_ex.o
 .debug_aranges
                0x0000000000000f78       0xe0 ./Drivers/STM32F7xx_HAL_Driver/Src/stm32f7xx_hal_rtc.o
 .debug_aranges
                0x0000000000001058      0x140 ./Drivers/STM32F7xx_HAL_Driver/Src/stm32f7xx_hal_rtc_ex.o
 .debug_aranges
                0x0000000000001198      0x178 ./Drivers/STM32F7xx_HAL_Driver/Src/stm32f7xx_hal_sai.o
 .debug_aranges
                0x0000000000001310       0xe8 ./Drivers/STM32F7xx_HAL_Driver/Src/stm32f7xx_hal_sdram.o
 .debug_aranges
                0x00000000000013f8       0xf8 ./Drivers/STM32F7xx_HAL_Driver/Src/stm32f7xx_hal_spdifrx.o
 .debug_aranges
                0x00000000000014f0      0x1d8 ./Drivers/STM32F7xx_HAL_Driver/Src/stm32f7xx_hal_spi.o
 .debug_aranges
                0x00000000000016c8      0x3e0 ./Drivers/STM32F7xx_HAL_Driver/Src/stm32f7xx_hal_tim.o
 .debug_aranges
                0x0000000000001aa8      0x178 ./Drivers/STM32F7xx_HAL_Driver/Src/stm32f7xx_hal_tim_ex.o
 .debug_aranges
                0x0000000000001c20      0x228 ./Drivers/STM32F7xx_HAL_Driver/Src/stm32f7xx_hal_uart.o
 .debug_aranges
                0x0000000000001e48       0xc8 ./Drivers/STM32F7xx_HAL_Driver/Src/stm32f7xx_ll_fmc.o

.debug_ranges   0x0000000000000000     0x1d50
 .debug_ranges  0x0000000000000000       0x10 ./Core/Src/isrs.o
 .debug_ranges  0x0000000000000010       0xc8 ./Core/Src/main.o
 .debug_ranges  0x00000000000000d8      0x108 ./Core/Src/stm32f7xx_hal_msp.o
 .debug_ranges  0x00000000000001e0       0x20 ./Core/Src/stm32f7xx_hal_timebase_tim.o
 .debug_ranges  0x0000000000000200       0x70 ./Core/Src/stm32f7xx_it.o
 .debug_ranges  0x0000000000000270       0x18 ./Core/Src/system_stm32f7xx.o
 .debug_ranges  0x0000000000000288       0x20 ./Core/Startup/startup_stm32f746nghx.o
 .debug_ranges  0x00000000000002a8       0xf0 ./Drivers/STM32F7xx_HAL_Driver/Src/stm32f7xx_hal.o
 .debug_ranges  0x0000000000000398       0xd8 ./Drivers/STM32F7xx_HAL_Driver/Src/stm32f7xx_hal_adc.o
 .debug_ranges  0x0000000000000470       0x80 ./Drivers/STM32F7xx_HAL_Driver/Src/stm32f7xx_hal_adc_ex.o
 .debug_ranges  0x00000000000004f0      0x108 ./Drivers/STM32F7xx_HAL_Driver/Src/stm32f7xx_hal_cortex.o
 .debug_ranges  0x00000000000005f8       0x50 ./Drivers/STM32F7xx_HAL_Driver/Src/stm32f7xx_hal_crc.o
 .debug_ranges  0x0000000000000648       0x20 ./Drivers/STM32F7xx_HAL_Driver/Src/stm32f7xx_hal_crc_ex.o
 .debug_ranges  0x0000000000000668       0xb0 ./Drivers/STM32F7xx_HAL_Driver/Src/stm32f7xx_hal_dcmi.o
 .debug_ranges  0x0000000000000718      0x108 ./Drivers/STM32F7xx_HAL_Driver/Src/stm32f7xx_hal_dma2d.o
 .debug_ranges  0x0000000000000820       0x48 ./Drivers/STM32F7xx_HAL_Driver/Src/stm32f7xx_hal_gpio.o
 .debug_ranges  0x0000000000000868      0x280 ./Drivers/STM32F7xx_HAL_Driver/Src/stm32f7xx_hal_i2c.o
 .debug_ranges  0x0000000000000ae8       0x28 ./Drivers/STM32F7xx_HAL_Driver/Src/stm32f7xx_hal_i2c_ex.o
 .debug_ranges  0x0000000000000b10      0x148 ./Drivers/STM32F7xx_HAL_Driver/Src/stm32f7xx_hal_ltdc.o
 .debug_ranges  0x0000000000000c58       0x90 ./Drivers/STM32F7xx_HAL_Driver/Src/stm32f7xx_hal_pwr.o
 .debug_ranges  0x0000000000000ce8       0x70 ./Drivers/STM32F7xx_HAL_Driver/Src/stm32f7xx_hal_pwr_ex.o
 .debug_ranges  0x0000000000000d58       0x78 ./Drivers/STM32F7xx_HAL_Driver/Src/stm32f7xx_hal_rcc.o
 .debug_ranges  0x0000000000000dd0       0x40 ./Drivers/STM32F7xx_HAL_Driver/Src/stm32f7xx_hal_rcc_ex.o
 .debug_ranges  0x0000000000000e10       0xd0 ./Drivers/STM32F7xx_HAL_Driver/Src/stm32f7xx_hal_rtc.o
 .debug_ranges  0x0000000000000ee0      0x130 ./Drivers/STM32F7xx_HAL_Driver/Src/stm32f7xx_hal_rtc_ex.o
 .debug_ranges  0x0000000000001010      0x180 ./Drivers/STM32F7xx_HAL_Driver/Src/stm32f7xx_hal_sai.o
 .debug_ranges  0x0000000000001190       0xd8 ./Drivers/STM32F7xx_HAL_Driver/Src/stm32f7xx_hal_sdram.o
 .debug_ranges  0x0000000000001268       0xe8 ./Drivers/STM32F7xx_HAL_Driver/Src/stm32f7xx_hal_spdifrx.o
 .debug_ranges  0x0000000000001350      0x1c8 ./Drivers/STM32F7xx_HAL_Driver/Src/stm32f7xx_hal_spi.o
 .debug_ranges  0x0000000000001518      0x3d0 ./Drivers/STM32F7xx_HAL_Driver/Src/stm32f7xx_hal_tim.o
 .debug_ranges  0x00000000000018e8      0x168 ./Drivers/STM32F7xx_HAL_Driver/Src/stm32f7xx_hal_tim_ex.o
 .debug_ranges  0x0000000000001a50      0x248 ./Drivers/STM32F7xx_HAL_Driver/Src/stm32f7xx_hal_uart.o
 .debug_ranges  0x0000000000001c98       0xb8 ./Drivers/STM32F7xx_HAL_Driver/Src/stm32f7xx_ll_fmc.o

.debug_macro    0x0000000000000000    0x2e252
 .debug_macro   0x0000000000000000      0x2a8 ./Core/Src/isrs.o
 .debug_macro   0x00000000000002a8      0xb50 ./Core/Src/isrs.o
 .debug_macro   0x0000000000000df8      0x2cf ./Core/Src/isrs.o
 .debug_macro   0x00000000000010c7       0x2e ./Core/Src/isrs.o
 .debug_macro   0x00000000000010f5       0x3b ./Core/Src/isrs.o
 .debug_macro   0x0000000000001130       0x1c ./Core/Src/isrs.o
 .debug_macro   0x000000000000114c       0x22 ./Core/Src/isrs.o
 .debug_macro   0x000000000000116e       0x8e ./Core/Src/isrs.o
 .debug_macro   0x00000000000011fc       0x51 ./Core/Src/isrs.o
 .debug_macro   0x000000000000124d      0x103 ./Core/Src/isrs.o
 .debug_macro   0x0000000000001350       0x6a ./Core/Src/isrs.o
 .debug_macro   0x00000000000013ba      0x1df ./Core/Src/isrs.o
 .debug_macro   0x0000000000001599       0x1c ./Core/Src/isrs.o
 .debug_macro   0x00000000000015b5       0x22 ./Core/Src/isrs.o
 .debug_macro   0x00000000000015d7       0xd9 ./Core/Src/isrs.o
 .debug_macro   0x00000000000016b0     0x12cd ./Core/Src/isrs.o
 .debug_macro   0x000000000000297d      0x11f ./Core/Src/isrs.o
 .debug_macro   0x0000000000002a9c       0x19 ./Core/Src/isrs.o
 .debug_macro   0x0000000000002ab5    0x191da ./Core/Src/isrs.o
 .debug_macro   0x000000000001bc8f       0x6d ./Core/Src/isrs.o
 .debug_macro   0x000000000001bcfc     0x3714 ./Core/Src/isrs.o
 .debug_macro   0x000000000001f410      0x17b ./Core/Src/isrs.o
 .debug_macro   0x000000000001f58b       0x63 ./Core/Src/isrs.o
 .debug_macro   0x000000000001f5ee     0x18ad ./Core/Src/isrs.o
 .debug_macro   0x0000000000020e9b      0x6c4 ./Core/Src/isrs.o
 .debug_macro   0x000000000002155f      0x185 ./Core/Src/isrs.o
 .debug_macro   0x00000000000216e4      0x115 ./Core/Src/isrs.o
 .debug_macro   0x00000000000217f9      0x1fd ./Core/Src/isrs.o
 .debug_macro   0x00000000000219f6       0xa5 ./Core/Src/isrs.o
 .debug_macro   0x0000000000021a9b      0x24f ./Core/Src/isrs.o
 .debug_macro   0x0000000000021cea       0x41 ./Core/Src/isrs.o
 .debug_macro   0x0000000000021d2b       0x58 ./Core/Src/isrs.o
 .debug_macro   0x0000000000021d83      0x236 ./Core/Src/isrs.o
 .debug_macro   0x0000000000021fb9      0x416 ./Core/Src/isrs.o
 .debug_macro   0x00000000000223cf      0x153 ./Core/Src/isrs.o
 .debug_macro   0x0000000000022522      0x107 ./Core/Src/isrs.o
 .debug_macro   0x0000000000022629       0xc7 ./Core/Src/isrs.o
 .debug_macro   0x00000000000226f0       0x4c ./Core/Src/isrs.o
 .debug_macro   0x000000000002273c      0x208 ./Core/Src/isrs.o
 .debug_macro   0x0000000000022944      0x22c ./Core/Src/isrs.o
 .debug_macro   0x0000000000022b70      0x14e ./Core/Src/isrs.o
 .debug_macro   0x0000000000022cbe      0x25a ./Core/Src/isrs.o
 .debug_macro   0x0000000000022f18       0x12 ./Core/Src/isrs.o
 .debug_macro   0x0000000000022f2a      0x504 ./Core/Src/isrs.o
 .debug_macro   0x000000000002342e      0x22c ./Core/Src/isrs.o
 .debug_macro   0x000000000002365a       0x61 ./Core/Src/isrs.o
 .debug_macro   0x00000000000236bb       0xa5 ./Core/Src/isrs.o
 .debug_macro   0x0000000000023760      0x198 ./Core/Src/isrs.o
 .debug_macro   0x00000000000238f8       0xd6 ./Core/Src/isrs.o
 .debug_macro   0x00000000000239ce      0x12e ./Core/Src/isrs.o
 .debug_macro   0x0000000000023afc      0x108 ./Core/Src/isrs.o
 .debug_macro   0x0000000000023c04       0x35 ./Core/Src/isrs.o
 .debug_macro   0x0000000000023c39      0x313 ./Core/Src/isrs.o
 .debug_macro   0x0000000000023f4c      0x4c9 ./Core/Src/isrs.o
 .debug_macro   0x0000000000024415       0xd6 ./Core/Src/isrs.o
 .debug_macro   0x00000000000244eb      0x447 ./Core/Src/isrs.o
 .debug_macro   0x0000000000024932      0x1ed ./Core/Src/isrs.o
 .debug_macro   0x0000000000024b1f      0x2fe ./Core/Src/isrs.o
 .debug_macro   0x0000000000024e1d      0xa60 ./Core/Src/isrs.o
 .debug_macro   0x000000000002587d       0x59 ./Core/Src/isrs.o
 .debug_macro   0x00000000000258d6      0x558 ./Core/Src/isrs.o
 .debug_macro   0x0000000000025e2e       0x44 ./Core/Src/isrs.o
 .debug_macro   0x0000000000025e72      0x14d ./Core/Src/isrs.o
 .debug_macro   0x0000000000025fbf      0x896 ./Core/Src/isrs.o
 .debug_macro   0x0000000000026855      0x2a9 ./Core/Src/main.o
 .debug_macro   0x0000000000026afe      0xa78 ./Core/Src/main.o
 .debug_macro   0x0000000000027576     0x12cd ./Core/Src/main.o
 .debug_macro   0x0000000000028843      0x174 ./Core/Src/main.o
 .debug_macro   0x00000000000289b7      0x890 ./Core/Src/main.o
 .debug_macro   0x0000000000029247      0x2a9 ./Core/Src/stm32f7xx_hal_msp.o
 .debug_macro   0x00000000000294f0      0x29a ./Core/Src/stm32f7xx_hal_timebase_tim.o
 .debug_macro   0x000000000002978a      0x2b3 ./Core/Src/stm32f7xx_it.o
 .debug_macro   0x0000000000029a3d      0x29a ./Core/Src/system_stm32f7xx.o
 .debug_macro   0x0000000000029cd7      0x2be ./Drivers/STM32F7xx_HAL_Driver/Src/stm32f7xx_hal.o
 .debug_macro   0x0000000000029f95      0x29b ./Drivers/STM32F7xx_HAL_Driver/Src/stm32f7xx_hal_adc.o
 .debug_macro   0x000000000002a230      0x29a ./Drivers/STM32F7xx_HAL_Driver/Src/stm32f7xx_hal_adc_ex.o
 .debug_macro   0x000000000002a4ca      0x29a ./Drivers/STM32F7xx_HAL_Driver/Src/stm32f7xx_hal_cortex.o
 .debug_macro   0x000000000002a764      0x29a ./Drivers/STM32F7xx_HAL_Driver/Src/stm32f7xx_hal_crc.o
 .debug_macro   0x000000000002a9fe      0x29a ./Drivers/STM32F7xx_HAL_Driver/Src/stm32f7xx_hal_crc_ex.o
 .debug_macro   0x000000000002ac98      0x2a1 ./Drivers/STM32F7xx_HAL_Driver/Src/stm32f7xx_hal_dcmi.o
 .debug_macro   0x000000000002af39      0x2a9 ./Drivers/STM32F7xx_HAL_Driver/Src/stm32f7xx_hal_dma2d.o
 .debug_macro   0x000000000002b1e2      0x2a0 ./Drivers/STM32F7xx_HAL_Driver/Src/stm32f7xx_hal_gpio.o
 .debug_macro   0x000000000002b482      0x366 ./Drivers/STM32F7xx_HAL_Driver/Src/stm32f7xx_hal_i2c.o
 .debug_macro   0x000000000002b7e8      0x29a ./Drivers/STM32F7xx_HAL_Driver/Src/stm32f7xx_hal_i2c_ex.o
 .debug_macro   0x000000000002ba82      0x29b ./Drivers/STM32F7xx_HAL_Driver/Src/stm32f7xx_hal_ltdc.o
 .debug_macro   0x000000000002bd1d      0x2b8 ./Drivers/STM32F7xx_HAL_Driver/Src/stm32f7xx_hal_pwr.o
 .debug_macro   0x000000000002bfd5      0x2b2 ./Drivers/STM32F7xx_HAL_Driver/Src/stm32f7xx_hal_pwr_ex.o
 .debug_macro   0x000000000002c287      0x2be ./Drivers/STM32F7xx_HAL_Driver/Src/stm32f7xx_hal_rcc.o
 .debug_macro   0x000000000002c545      0x29a ./Drivers/STM32F7xx_HAL_Driver/Src/stm32f7xx_hal_rcc_ex.o
 .debug_macro   0x000000000002c7df      0x29b ./Drivers/STM32F7xx_HAL_Driver/Src/stm32f7xx_hal_rtc.o
 .debug_macro   0x000000000002ca7a      0x29a ./Drivers/STM32F7xx_HAL_Driver/Src/stm32f7xx_hal_rtc_ex.o
 .debug_macro   0x000000000002cd14      0x2a9 ./Drivers/STM32F7xx_HAL_Driver/Src/stm32f7xx_hal_sai.o
 .debug_macro   0x000000000002cfbd      0x29a ./Drivers/STM32F7xx_HAL_Driver/Src/stm32f7xx_hal_sdram.o
 .debug_macro   0x000000000002d257      0x2a2 ./Drivers/STM32F7xx_HAL_Driver/Src/stm32f7xx_hal_spdifrx.o
 .debug_macro   0x000000000002d4f9      0x2a9 ./Drivers/STM32F7xx_HAL_Driver/Src/stm32f7xx_hal_spi.o
 .debug_macro   0x000000000002d7a2      0x29b ./Drivers/STM32F7xx_HAL_Driver/Src/stm32f7xx_hal_tim.o
 .debug_macro   0x000000000002da3d      0x29a ./Drivers/STM32F7xx_HAL_Driver/Src/stm32f7xx_hal_tim_ex.o
 .debug_macro   0x000000000002dcd7      0x2b7 ./Drivers/STM32F7xx_HAL_Driver/Src/stm32f7xx_hal_uart.o
 .debug_macro   0x000000000002df8e      0x2c4 ./Drivers/STM32F7xx_HAL_Driver/Src/stm32f7xx_ll_fmc.o

.debug_line     0x0000000000000000    0x2726b
 .debug_line    0x0000000000000000      0x860 ./Core/Src/isrs.o
 .debug_line    0x0000000000000860     0x11e8 ./Core/Src/main.o
 .debug_line    0x0000000000001a48      0xf74 ./Core/Src/stm32f7xx_hal_msp.o
 .debug_line    0x00000000000029bc      0x8cb ./Core/Src/stm32f7xx_hal_timebase_tim.o
 .debug_line    0x0000000000003287      0x989 ./Core/Src/stm32f7xx_it.o
 .debug_line    0x0000000000003c10      0x8eb ./Core/Src/system_stm32f7xx.o
 .debug_line    0x00000000000044fb       0x88 ./Core/Startup/startup_stm32f746nghx.o
 .debug_line    0x0000000000004583      0xb7c ./Drivers/STM32F7xx_HAL_Driver/Src/stm32f7xx_hal.o
 .debug_line    0x00000000000050ff     0x13b4 ./Drivers/STM32F7xx_HAL_Driver/Src/stm32f7xx_hal_adc.o
 .debug_line    0x00000000000064b3      0xfee ./Drivers/STM32F7xx_HAL_Driver/Src/stm32f7xx_hal_adc_ex.o
 .debug_line    0x00000000000074a1      0xe02 ./Drivers/STM32F7xx_HAL_Driver/Src/stm32f7xx_hal_cortex.o
 .debug_line    0x00000000000082a3      0xbac ./Drivers/STM32F7xx_HAL_Driver/Src/stm32f7xx_hal_crc.o
 .debug_line    0x0000000000008e4f      0x921 ./Drivers/STM32F7xx_HAL_Driver/Src/stm32f7xx_hal_crc_ex.o
 .debug_line    0x0000000000009770      0xfa0 ./Drivers/STM32F7xx_HAL_Driver/Src/stm32f7xx_hal_dcmi.o
 .debug_line    0x000000000000a710     0x1308 ./Drivers/STM32F7xx_HAL_Driver/Src/stm32f7xx_hal_dma2d.o
 .debug_line    0x000000000000ba18      0xcf0 ./Drivers/STM32F7xx_HAL_Driver/Src/stm32f7xx_hal_gpio.o
 .debug_line    0x000000000000c708     0x3521 ./Drivers/STM32F7xx_HAL_Driver/Src/stm32f7xx_hal_i2c.o
 .debug_line    0x000000000000fc29      0x9a7 ./Drivers/STM32F7xx_HAL_Driver/Src/stm32f7xx_hal_i2c_ex.o
 .debug_line    0x00000000000105d0     0x1866 ./Drivers/STM32F7xx_HAL_Driver/Src/stm32f7xx_hal_ltdc.o
 .debug_line    0x0000000000011e36      0xa80 ./Drivers/STM32F7xx_HAL_Driver/Src/stm32f7xx_hal_pwr.o
 .debug_line    0x00000000000128b6      0xaf1 ./Drivers/STM32F7xx_HAL_Driver/Src/stm32f7xx_hal_pwr_ex.o
 .debug_line    0x00000000000133a7      0xfbd ./Drivers/STM32F7xx_HAL_Driver/Src/stm32f7xx_hal_rcc.o
 .debug_line    0x0000000000014364      0xf78 ./Drivers/STM32F7xx_HAL_Driver/Src/stm32f7xx_hal_rcc_ex.o
 .debug_line    0x00000000000152dc     0x12a9 ./Drivers/STM32F7xx_HAL_Driver/Src/stm32f7xx_hal_rtc.o
 .debug_line    0x0000000000016585     0x1754 ./Drivers/STM32F7xx_HAL_Driver/Src/stm32f7xx_hal_rtc_ex.o
 .debug_line    0x0000000000017cd9     0x1adc ./Drivers/STM32F7xx_HAL_Driver/Src/stm32f7xx_hal_sai.o
 .debug_line    0x00000000000197b5      0xf53 ./Drivers/STM32F7xx_HAL_Driver/Src/stm32f7xx_hal_sdram.o
 .debug_line    0x000000000001a708     0x116b ./Drivers/STM32F7xx_HAL_Driver/Src/stm32f7xx_hal_spdifrx.o
 .debug_line    0x000000000001b873     0x20da ./Drivers/STM32F7xx_HAL_Driver/Src/stm32f7xx_hal_spi.o
 .debug_line    0x000000000001d94d     0x3d7c ./Drivers/STM32F7xx_HAL_Driver/Src/stm32f7xx_hal_tim.o
 .debug_line    0x00000000000216c9     0x1c72 ./Drivers/STM32F7xx_HAL_Driver/Src/stm32f7xx_hal_tim_ex.o
 .debug_line    0x000000000002333b     0x3346 ./Drivers/STM32F7xx_HAL_Driver/Src/stm32f7xx_hal_uart.o
 .debug_line    0x0000000000026681      0xbea ./Drivers/STM32F7xx_HAL_Driver/Src/stm32f7xx_ll_fmc.o

.debug_str      0x0000000000000000   0x10b2af
 .debug_str     0x0000000000000000   0x101a08 ./Core/Src/isrs.o
                                     0x102209 (size before relaxing)
 .debug_str     0x0000000000101a08     0x2559 ./Core/Src/main.o
                                     0x1042f6 (size before relaxing)
 .debug_str     0x0000000000103f61      0x89c ./Core/Src/stm32f7xx_hal_msp.o
                                     0x104205 (size before relaxing)
 .debug_str     0x00000000001047fd       0xda ./Core/Src/stm32f7xx_hal_timebase_tim.o
                                     0x10073b (size before relaxing)
 .debug_str     0x00000000001048d7      0x120 ./Core/Src/stm32f7xx_it.o
                                     0x10255f (size before relaxing)
 .debug_str     0x00000000001049f7      0x1a4 ./Core/Src/system_stm32f7xx.o
                                      0xffc38 (size before relaxing)
 .debug_str     0x0000000000104b9b       0x36 ./Core/Startup/startup_stm32f746nghx.o
                                         0x94 (size before relaxing)
 .debug_str     0x0000000000104bd1      0x3d3 ./Drivers/STM32F7xx_HAL_Driver/Src/stm32f7xx_hal.o
                                     0x1005a1 (size before relaxing)
 .debug_str     0x0000000000104fa4      0x26f ./Drivers/STM32F7xx_HAL_Driver/Src/stm32f7xx_hal_adc.o
                                     0x100131 (size before relaxing)
 .debug_str     0x0000000000105213      0x2df ./Drivers/STM32F7xx_HAL_Driver/Src/stm32f7xx_hal_adc_ex.o
                                     0x100185 (size before relaxing)
 .debug_str     0x00000000001054f2      0x31c ./Drivers/STM32F7xx_HAL_Driver/Src/stm32f7xx_hal_cortex.o
                                     0x10058c (size before relaxing)
 .debug_str     0x000000000010580e       0xcc ./Drivers/STM32F7xx_HAL_Driver/Src/stm32f7xx_hal_crc.o
                                      0xffc73 (size before relaxing)
 .debug_str     0x00000000001058da       0x69 ./Drivers/STM32F7xx_HAL_Driver/Src/stm32f7xx_hal_crc_ex.o
                                      0xffc2d (size before relaxing)
 .debug_str     0x0000000000105943      0x27f ./Drivers/STM32F7xx_HAL_Driver/Src/stm32f7xx_hal_dcmi.o
                                     0x100172 (size before relaxing)
 .debug_str     0x0000000000105bc2      0x36d ./Drivers/STM32F7xx_HAL_Driver/Src/stm32f7xx_hal_dma2d.o
                                     0x10014b (size before relaxing)
 .debug_str     0x0000000000105f2f      0x105 ./Drivers/STM32F7xx_HAL_Driver/Src/stm32f7xx_hal_gpio.o
                                      0xffcf6 (size before relaxing)
 .debug_str     0x0000000000106034      0xd9d ./Drivers/STM32F7xx_HAL_Driver/Src/stm32f7xx_hal_i2c.o
                                     0x100e0f (size before relaxing)
 .debug_str     0x0000000000106dd1       0x89 ./Drivers/STM32F7xx_HAL_Driver/Src/stm32f7xx_hal_i2c_ex.o
                                     0x1000de (size before relaxing)
 .debug_str     0x0000000000106e5a      0x430 ./Drivers/STM32F7xx_HAL_Driver/Src/stm32f7xx_hal_ltdc.o
                                     0x10018f (size before relaxing)
 .debug_str     0x000000000010728a      0x2ac ./Drivers/STM32F7xx_HAL_Driver/Src/stm32f7xx_hal_pwr.o
                                      0xffed9 (size before relaxing)
 .debug_str     0x0000000000107536      0x1bd ./Drivers/STM32F7xx_HAL_Driver/Src/stm32f7xx_hal_pwr_ex.o
                                      0xffea7 (size before relaxing)
 .debug_str     0x00000000001076f3      0x211 ./Drivers/STM32F7xx_HAL_Driver/Src/stm32f7xx_hal_rcc.o
                                      0xfff9a (size before relaxing)
 .debug_str     0x0000000000107904      0x147 ./Drivers/STM32F7xx_HAL_Driver/Src/stm32f7xx_hal_rcc_ex.o
                                      0xffed2 (size before relaxing)
 .debug_str     0x0000000000107a4b      0x213 ./Drivers/STM32F7xx_HAL_Driver/Src/stm32f7xx_hal_rtc.o
                                      0xffff6 (size before relaxing)
 .debug_str     0x0000000000107c5e      0x587 ./Drivers/STM32F7xx_HAL_Driver/Src/stm32f7xx_hal_rtc_ex.o
                                     0x100316 (size before relaxing)
 .debug_str     0x00000000001081e5      0x3e2 ./Drivers/STM32F7xx_HAL_Driver/Src/stm32f7xx_hal_sai.o
                                     0x10036d (size before relaxing)
 .debug_str     0x00000000001085c7      0x3cd ./Drivers/STM32F7xx_HAL_Driver/Src/stm32f7xx_hal_sdram.o
                                     0x100285 (size before relaxing)
 .debug_str     0x0000000000108994      0x300 ./Drivers/STM32F7xx_HAL_Driver/Src/stm32f7xx_hal_spdifrx.o
                                     0x1001c7 (size before relaxing)
 .debug_str     0x0000000000108c94      0x58c ./Drivers/STM32F7xx_HAL_Driver/Src/stm32f7xx_hal_spi.o
                                     0x100478 (size before relaxing)
 .debug_str     0x0000000000109220      0xcf0 ./Drivers/STM32F7xx_HAL_Driver/Src/stm32f7xx_hal_tim.o
                                     0x100f4b (size before relaxing)
 .debug_str     0x0000000000109f10      0x402 ./Drivers/STM32F7xx_HAL_Driver/Src/stm32f7xx_hal_tim_ex.o
                                     0x1007a1 (size before relaxing)
 .debug_str     0x000000000010a312      0x83e ./Drivers/STM32F7xx_HAL_Driver/Src/stm32f7xx_hal_uart.o
                                     0x1008bf (size before relaxing)
 .debug_str     0x000000000010ab50      0x75f ./Drivers/STM32F7xx_HAL_Driver/Src/stm32f7xx_ll_fmc.o
                                     0x100449 (size before relaxing)

.comment        0x0000000000000000       0x50
 .comment       0x0000000000000000       0x50 ./Core/Src/isrs.o
                                         0x51 (size before relaxing)
 .comment       0x0000000000000050       0x51 ./Core/Src/main.o
 .comment       0x0000000000000050       0x51 ./Core/Src/stm32f7xx_hal_msp.o
 .comment       0x0000000000000050       0x51 ./Core/Src/stm32f7xx_hal_timebase_tim.o
 .comment       0x0000000000000050       0x51 ./Core/Src/stm32f7xx_it.o
 .comment       0x0000000000000050       0x51 ./Core/Src/system_stm32f7xx.o
 .comment       0x0000000000000050       0x51 ./Drivers/STM32F7xx_HAL_Driver/Src/stm32f7xx_hal.o
 .comment       0x0000000000000050       0x51 ./Drivers/STM32F7xx_HAL_Driver/Src/stm32f7xx_hal_adc.o
 .comment       0x0000000000000050       0x51 ./Drivers/STM32F7xx_HAL_Driver/Src/stm32f7xx_hal_adc_ex.o
 .comment       0x0000000000000050       0x51 ./Drivers/STM32F7xx_HAL_Driver/Src/stm32f7xx_hal_cortex.o
 .comment       0x0000000000000050       0x51 ./Drivers/STM32F7xx_HAL_Driver/Src/stm32f7xx_hal_crc.o
 .comment       0x0000000000000050       0x51 ./Drivers/STM32F7xx_HAL_Driver/Src/stm32f7xx_hal_crc_ex.o
 .comment       0x0000000000000050       0x51 ./Drivers/STM32F7xx_HAL_Driver/Src/stm32f7xx_hal_dcmi.o
 .comment       0x0000000000000050       0x51 ./Drivers/STM32F7xx_HAL_Driver/Src/stm32f7xx_hal_dma2d.o
 .comment       0x0000000000000050       0x51 ./Drivers/STM32F7xx_HAL_Driver/Src/stm32f7xx_hal_gpio.o
 .comment       0x0000000000000050       0x51 ./Drivers/STM32F7xx_HAL_Driver/Src/stm32f7xx_hal_i2c.o
 .comment       0x0000000000000050       0x51 ./Drivers/STM32F7xx_HAL_Driver/Src/stm32f7xx_hal_i2c_ex.o
 .comment       0x0000000000000050       0x51 ./Drivers/STM32F7xx_HAL_Driver/Src/stm32f7xx_hal_ltdc.o
 .comment       0x0000000000000050       0x51 ./Drivers/STM32F7xx_HAL_Driver/Src/stm32f7xx_hal_pwr.o
 .comment       0x0000000000000050       0x51 ./Drivers/STM32F7xx_HAL_Driver/Src/stm32f7xx_hal_pwr_ex.o
 .comment       0x0000000000000050       0x51 ./Drivers/STM32F7xx_HAL_Driver/Src/stm32f7xx_hal_rcc.o
 .comment       0x0000000000000050       0x51 ./Drivers/STM32F7xx_HAL_Driver/Src/stm32f7xx_hal_rcc_ex.o
 .comment       0x0000000000000050       0x51 ./Drivers/STM32F7xx_HAL_Driver/Src/stm32f7xx_hal_rtc.o
 .comment       0x0000000000000050       0x51 ./Drivers/STM32F7xx_HAL_Driver/Src/stm32f7xx_hal_rtc_ex.o
 .comment       0x0000000000000050       0x51 ./Drivers/STM32F7xx_HAL_Driver/Src/stm32f7xx_hal_sai.o
 .comment       0x0000000000000050       0x51 ./Drivers/STM32F7xx_HAL_Driver/Src/stm32f7xx_hal_sdram.o
 .comment       0x0000000000000050       0x51 ./Drivers/STM32F7xx_HAL_Driver/Src/stm32f7xx_hal_spdifrx.o
 .comment       0x0000000000000050       0x51 ./Drivers/STM32F7xx_HAL_Driver/Src/stm32f7xx_hal_spi.o